[2024-04-13T16:08:29.258+0800][0.012s] CardTable entry size: 512
[2024-04-13T16:08:29.259+0800][0.012s] Using G1
[2024-04-13T16:08:29.427+0800][0.181s] Version: 22+36-2370 (release)
[2024-04-13T16:08:29.427+0800][0.181s] CPUs: 12 total, 12 available
[2024-04-13T16:08:29.427+0800][0.181s] Memory: 16291M
[2024-04-13T16:08:29.427+0800][0.181s] Large Page Support: Disabled
[2024-04-13T16:08:29.427+0800][0.181s] NUMA Support: Disabled
[2024-04-13T16:08:29.427+0800][0.181s] Compressed Oops: Enabled (32-bit)
[2024-04-13T16:08:29.427+0800][0.181s] Heap Region Size: 1M
[2024-04-13T16:08:29.427+0800][0.181s] Heap Min Capacity: 512M
[2024-04-13T16:08:29.427+0800][0.181s] Heap Initial Capacity: 512M
[2024-04-13T16:08:29.427+0800][0.181s] Heap Max Capacity: 512M
[2024-04-13T16:08:29.436+0800][0.189s] Pre-touch: Enabled
[2024-04-13T16:08:29.436+0800][0.189s] Parallel Workers: 10
[2024-04-13T16:08:29.436+0800][0.189s] Concurrent Workers: 3
[2024-04-13T16:08:29.436+0800][0.189s] Concurrent Refinement Workers: 10
[2024-04-13T16:08:29.436+0800][0.189s] Periodic GC: Disabled
[2024-04-13T16:08:29.443+0800][0.196s] CDS archive(s) mapped at: [0x000001e7be000000-0x000001e7bec60000-0x000001e7bec60000), size 12976128, SharedBaseAddress: 0x000001e7be000000, ArchiveRelocationMode: 1.
[2024-04-13T16:08:29.443+0800][0.196s] Compressed class space mapped at: 0x000001e7bf000000-0x000001e7ff000000, reserved size: 1073741824
[2024-04-13T16:08:29.443+0800][0.196s] Narrow klass base: 0x000001e7be000000, Narrow klass shift: 0, Narrow klass range: 0x41000000
[2024-04-13T16:08:29.923+0800][0.676s] GC(0) Pause Young (Normal) (G1 Evacuation Pause)
[2024-04-13T16:08:29.923+0800][0.676s] GC(0) Using 10 workers of 10 for evacuation
[2024-04-13T16:08:29.925+0800][0.678s] GC(0)   Pre Evacuate Collection Set: 0.10ms
[2024-04-13T16:08:29.925+0800][0.678s] GC(0)   Merge Heap Roots: 0.05ms
[2024-04-13T16:08:29.925+0800][0.678s] GC(0)   Evacuate Collection Set: 1.46ms
[2024-04-13T16:08:29.925+0800][0.678s] GC(0)   Post Evacuate Collection Set: 0.26ms
[2024-04-13T16:08:29.925+0800][0.678s] GC(0)   Other: 0.49ms
[2024-04-13T16:08:29.925+0800][0.678s] GC(0) Eden regions: 30->0(45)
[2024-04-13T16:08:29.925+0800][0.679s] GC(0) Survivor regions: 0->4(4)
[2024-04-13T16:08:29.925+0800][0.679s] GC(0) Old regions: 0->0
[2024-04-13T16:08:29.925+0800][0.679s] GC(0) Humongous regions: 0->0
[2024-04-13T16:08:29.925+0800][0.679s] GC(0) Metaspace: 6593K(6784K)->6593K(6784K) NonClass: 5824K(5952K)->5824K(5952K) Class: 768K(832K)->768K(832K)
[2024-04-13T16:08:29.925+0800][0.679s] GC(0) Pause Young (Normal) (G1 Evacuation Pause) 30M->3M(512M) 2.610ms
[2024-04-13T16:08:29.925+0800][0.679s] GC(0) User=0.00s Sys=0.00s Real=0.00s
[2024-04-13T16:08:35.417+0800][6.171s] GC(1) Pause Young (Normal) (G1 Evacuation Pause)
[2024-04-13T16:08:35.417+0800][6.171s] GC(1) Using 10 workers of 10 for evacuation
[2024-04-13T16:08:35.423+0800][6.177s] GC(1)   Pre Evacuate Collection Set: 0.09ms
[2024-04-13T16:08:35.423+0800][6.177s] GC(1)   Merge Heap Roots: 0.04ms
[2024-04-13T16:08:35.423+0800][6.177s] GC(1)   Evacuate Collection Set: 4.98ms
[2024-04-13T16:08:35.423+0800][6.177s] GC(1)   Post Evacuate Collection Set: 0.36ms
[2024-04-13T16:08:35.423+0800][6.177s] GC(1)   Other: 0.05ms
[2024-04-13T16:08:35.423+0800][6.177s] GC(1) Eden regions: 45->0(161)
[2024-04-13T16:08:35.423+0800][6.177s] GC(1) Survivor regions: 4->7(7)
[2024-04-13T16:08:35.423+0800][6.177s] GC(1) Old regions: 0->8
[2024-04-13T16:08:35.423+0800][6.177s] GC(1) Humongous regions: 4->4
[2024-04-13T16:08:35.423+0800][6.177s] GC(1) Metaspace: 17981K(18432K)->17981K(18432K) NonClass: 15884K(16128K)->15884K(16128K) Class: 2096K(2304K)->2096K(2304K)
[2024-04-13T16:08:35.423+0800][6.177s] GC(1) Pause Young (Normal) (G1 Evacuation Pause) 52M->18M(512M) 5.685ms
[2024-04-13T16:08:35.423+0800][6.177s] GC(1) User=0.00s Sys=0.00s Real=0.01s
[2024-04-13T16:08:35.782+0800][6.535s] GC(2) Pause Young (Normal) (G1 Evacuation Pause)
[2024-04-13T16:08:35.782+0800][6.535s] GC(2) Using 10 workers of 10 for evacuation
[2024-04-13T16:08:35.785+0800][6.539s] GC(2)   Pre Evacuate Collection Set: 0.10ms
[2024-04-13T16:08:35.785+0800][6.539s] GC(2)   Merge Heap Roots: 0.07ms
[2024-04-13T16:08:35.785+0800][6.539s] GC(2)   Evacuate Collection Set: 2.55ms
[2024-04-13T16:08:35.785+0800][6.539s] GC(2)   Post Evacuate Collection Set: 0.31ms
[2024-04-13T16:08:35.786+0800][6.539s] GC(2)   Other: 0.12ms
[2024-04-13T16:08:35.786+0800][6.539s] GC(2) Eden regions: 161->0(295)
[2024-04-13T16:08:35.786+0800][6.539s] GC(2) Survivor regions: 7->12(21)
[2024-04-13T16:08:35.786+0800][6.539s] GC(2) Old regions: 8->8
[2024-04-13T16:08:35.786+0800][6.539s] GC(2) Humongous regions: 4->4
[2024-04-13T16:08:35.786+0800][6.539s] GC(2) Metaspace: 19082K(19520K)->19082K(19520K) NonClass: 16855K(17088K)->16855K(17088K) Class: 2227K(2432K)->2227K(2432K)
[2024-04-13T16:08:35.786+0800][6.539s] GC(2) Pause Young (Normal) (G1 Evacuation Pause) 179M->23M(512M) 3.323ms
[2024-04-13T16:08:35.786+0800][6.539s] GC(2) User=0.00s Sys=0.00s Real=0.00s
[2024-04-13T16:08:35.999+0800][6.753s] GC(3) Pause Young (Concurrent Start) (Metadata GC Threshold)
[2024-04-13T16:08:35.999+0800][6.753s] GC(3) Using 10 workers of 10 for evacuation
[2024-04-13T16:08:36.003+0800][6.756s] GC(3)   Pre Evacuate Collection Set: 0.12ms
[2024-04-13T16:08:36.003+0800][6.756s] GC(3)   Merge Heap Roots: 0.05ms
[2024-04-13T16:08:36.003+0800][6.756s] GC(3)   Evacuate Collection Set: 2.74ms
[2024-04-13T16:08:36.003+0800][6.756s] GC(3)   Post Evacuate Collection Set: 0.30ms
[2024-04-13T16:08:36.003+0800][6.756s] GC(3)   Other: 0.08ms
[2024-04-13T16:08:36.003+0800][6.756s] GC(3) Eden regions: 79->0(294)
[2024-04-13T16:08:36.003+0800][6.756s] GC(3) Survivor regions: 12->13(39)
[2024-04-13T16:08:36.003+0800][6.756s] GC(3) Old regions: 8->8
[2024-04-13T16:08:36.003+0800][6.756s] GC(3) Humongous regions: 4->4
[2024-04-13T16:08:36.003+0800][6.756s] GC(3) Metaspace: 21043K(21504K)->21043K(21504K) NonClass: 18596K(18816K)->18596K(18816K) Class: 2447K(2688K)->2447K(2688K)
[2024-04-13T16:08:36.003+0800][6.756s] GC(3) Pause Young (Concurrent Start) (Metadata GC Threshold) 101M->24M(512M) 3.446ms
[2024-04-13T16:08:36.003+0800][6.756s] GC(3) User=0.00s Sys=0.00s Real=0.00s
[2024-04-13T16:08:36.003+0800][6.756s] GC(4) Concurrent Mark Cycle
[2024-04-13T16:08:36.003+0800][6.756s] GC(4) Concurrent Scan Root Regions
[2024-04-13T16:08:36.004+0800][6.758s] GC(4) Concurrent Scan Root Regions 1.378ms
[2024-04-13T16:08:36.004+0800][6.758s] GC(4) Concurrent Mark
[2024-04-13T16:08:36.004+0800][6.758s] GC(4) Concurrent Mark From Roots
[2024-04-13T16:08:36.004+0800][6.758s] GC(4) Using 3 workers of 3 for marking
[2024-04-13T16:08:36.008+0800][6.761s] GC(4) Concurrent Mark From Roots 3.692ms
[2024-04-13T16:08:36.008+0800][6.761s] GC(4) Concurrent Preclean
[2024-04-13T16:08:36.008+0800][6.761s] GC(4) Concurrent Preclean 0.014ms
[2024-04-13T16:08:36.008+0800][6.761s] GC(4) Pause Remark
[2024-04-13T16:08:36.009+0800][6.763s] GC(4) Pause Remark 26M->26M(512M) 1.375ms
[2024-04-13T16:08:36.009+0800][6.763s] GC(4) User=0.00s Sys=0.00s Real=0.00s
[2024-04-13T16:08:36.010+0800][6.763s] GC(4) Concurrent Mark 5.217ms
[2024-04-13T16:08:36.010+0800][6.763s] GC(4) Concurrent Rebuild Remembered Sets and Scrub Regions
[2024-04-13T16:08:36.011+0800][6.765s] GC(4) Concurrent Rebuild Remembered Sets and Scrub Regions 1.816ms
[2024-04-13T16:08:36.011+0800][6.765s] GC(4) Pause Cleanup
[2024-04-13T16:08:36.011+0800][6.765s] GC(4) Pause Cleanup 26M->26M(512M) 0.079ms
[2024-04-13T16:08:36.011+0800][6.765s] GC(4) User=0.00s Sys=0.00s Real=0.00s
[2024-04-13T16:08:36.012+0800][6.765s] GC(4) Concurrent Clear Claimed Marks
[2024-04-13T16:08:36.012+0800][6.765s] GC(4) Concurrent Clear Claimed Marks 0.025ms
[2024-04-13T16:08:36.012+0800][6.765s] GC(4) Concurrent Cleanup for Next Mark
[2024-04-13T16:08:36.012+0800][6.765s] GC(4) Concurrent Cleanup for Next Mark 0.448ms
[2024-04-13T16:08:36.012+0800][6.765s] GC(4) Concurrent Mark Cycle 9.158ms
[2024-04-13T16:08:56.652+0800][27.405s] GC(5) Pause Young (Prepare Mixed) (Metadata GC Threshold)
[2024-04-13T16:08:56.652+0800][27.405s] GC(5) Using 10 workers of 10 for evacuation
[2024-04-13T16:08:56.657+0800][27.410s] GC(5)   Pre Evacuate Collection Set: 0.09ms
[2024-04-13T16:08:56.657+0800][27.410s] GC(5)   Merge Heap Roots: 0.06ms
[2024-04-13T16:08:56.657+0800][27.410s] GC(5)   Evacuate Collection Set: 4.56ms
[2024-04-13T16:08:56.657+0800][27.410s] GC(5)   Post Evacuate Collection Set: 0.39ms
[2024-04-13T16:08:56.657+0800][27.410s] GC(5)   Other: 0.06ms
[2024-04-13T16:08:56.657+0800][27.410s] GC(5) Eden regions: 126->0(288)
[2024-04-13T16:08:56.657+0800][27.410s] GC(5) Survivor regions: 13->19(39)
[2024-04-13T16:08:56.657+0800][27.410s] GC(5) Old regions: 8->8
[2024-04-13T16:08:56.657+0800][27.410s] GC(5) Humongous regions: 5->4
[2024-04-13T16:08:56.657+0800][27.410s] GC(5) Metaspace: 35653K(36096K)->35653K(36096K) NonClass: 31399K(31616K)->31399K(31616K) Class: 4254K(4480K)->4254K(4480K)
[2024-04-13T16:08:56.657+0800][27.410s] GC(5) Pause Young (Prepare Mixed) (Metadata GC Threshold) 151M->30M(512M) 5.364ms
[2024-04-13T16:08:56.657+0800][27.410s] GC(5) User=0.00s Sys=0.00s Real=0.01s
[2024-04-13T16:08:56.699+0800][27.452s] GC(6) Pause Young (Mixed) (Metadata GC Threshold)
[2024-04-13T16:08:56.699+0800][27.452s] GC(6) Using 10 workers of 10 for evacuation
[2024-04-13T16:08:56.704+0800][27.457s] GC(6)   Pre Evacuate Collection Set: 0.08ms
[2024-04-13T16:08:56.704+0800][27.457s] GC(6)   Merge Heap Roots: 0.05ms
[2024-04-13T16:08:56.704+0800][27.457s] GC(6)   Evacuate Collection Set: 4.50ms
[2024-04-13T16:08:56.704+0800][27.457s] GC(6)   Post Evacuate Collection Set: 0.42ms
[2024-04-13T16:08:56.704+0800][27.457s] GC(6)   Other: 0.05ms
[2024-04-13T16:08:56.704+0800][27.457s] GC(6) Eden regions: 5->0(287)
[2024-04-13T16:08:56.704+0800][27.457s] GC(6) Survivor regions: 19->20(39)
[2024-04-13T16:08:56.704+0800][27.457s] GC(6) Old regions: 8->8
[2024-04-13T16:08:56.704+0800][27.457s] GC(6) Humongous regions: 4->4
[2024-04-13T16:08:56.704+0800][27.457s] GC(6) Metaspace: 35925K(36416K)->35925K(36416K) NonClass: 31639K(31872K)->31639K(31872K) Class: 4285K(4544K)->4285K(4544K)
[2024-04-13T16:08:56.704+0800][27.458s] GC(6) Pause Young (Mixed) (Metadata GC Threshold) 35M->31M(512M) 5.253ms
[2024-04-13T16:08:56.704+0800][27.458s] GC(6) User=0.00s Sys=0.00s Real=0.01s
[2024-04-13T16:08:56.746+0800][27.499s] GC(7) Pause Young (Concurrent Start) (Metadata GC Threshold)
[2024-04-13T16:08:56.746+0800][27.499s] GC(7) Using 10 workers of 10 for evacuation
[2024-04-13T16:08:56.751+0800][27.504s] GC(7)   Pre Evacuate Collection Set: 0.10ms
[2024-04-13T16:08:56.751+0800][27.504s] GC(7)   Merge Heap Roots: 0.05ms
[2024-04-13T16:08:56.751+0800][27.504s] GC(7)   Evacuate Collection Set: 4.14ms
[2024-04-13T16:08:56.751+0800][27.504s] GC(7)   Post Evacuate Collection Set: 0.48ms
[2024-04-13T16:08:56.751+0800][27.504s] GC(7)   Other: 0.07ms
[2024-04-13T16:08:56.751+0800][27.504s] GC(7) Eden regions: 11->0(287)
[2024-04-13T16:08:56.751+0800][27.504s] GC(7) Survivor regions: 20->20(39)
[2024-04-13T16:08:56.751+0800][27.504s] GC(7) Old regions: 8->8
[2024-04-13T16:08:56.751+0800][27.504s] GC(7) Humongous regions: 4->4
[2024-04-13T16:08:56.751+0800][27.504s] GC(7) Metaspace: 36263K(36736K)->36263K(36736K) NonClass: 31927K(32192K)->31927K(32192K) Class: 4335K(4544K)->4335K(4544K)
[2024-04-13T16:08:56.751+0800][27.504s] GC(7) Pause Young (Concurrent Start) (Metadata GC Threshold) 42M->31M(512M) 4.992ms
[2024-04-13T16:08:56.751+0800][27.504s] GC(8) Concurrent Mark Cycle
[2024-04-13T16:08:56.751+0800][27.504s] GC(7) User=0.00s Sys=0.00s Real=0.00s
[2024-04-13T16:08:56.751+0800][27.504s] GC(8) Concurrent Scan Root Regions
[2024-04-13T16:08:56.753+0800][27.506s] GC(8) Concurrent Scan Root Regions 2.093ms
[2024-04-13T16:08:56.753+0800][27.506s] GC(8) Concurrent Mark
[2024-04-13T16:08:56.753+0800][27.506s] GC(8) Concurrent Mark From Roots
[2024-04-13T16:08:56.753+0800][27.506s] GC(8) Using 3 workers of 3 for marking
[2024-04-13T16:08:56.758+0800][27.511s] GC(8) Concurrent Mark From Roots 4.199ms
[2024-04-13T16:08:56.758+0800][27.511s] GC(8) Concurrent Preclean
[2024-04-13T16:08:56.758+0800][27.511s] GC(8) Concurrent Preclean 0.021ms
[2024-04-13T16:08:56.758+0800][27.511s] GC(8) Pause Remark
[2024-04-13T16:08:56.760+0800][27.513s] GC(8) Pause Remark 33M->33M(512M) 1.974ms
[2024-04-13T16:08:56.760+0800][27.513s] GC(8) User=0.00s Sys=0.00s Real=0.00s
[2024-04-13T16:08:56.760+0800][27.513s] GC(8) Concurrent Mark 6.361ms
[2024-04-13T16:08:56.760+0800][27.513s] GC(8) Concurrent Rebuild Remembered Sets and Scrub Regions
[2024-04-13T16:08:56.762+0800][27.515s] GC(8) Concurrent Rebuild Remembered Sets and Scrub Regions 2.337ms
[2024-04-13T16:08:56.762+0800][27.515s] GC(8) Pause Cleanup
[2024-04-13T16:08:56.762+0800][27.515s] GC(8) Pause Cleanup 33M->33M(512M) 0.095ms
[2024-04-13T16:08:56.762+0800][27.515s] GC(8) User=0.00s Sys=0.00s Real=0.00s
[2024-04-13T16:08:56.762+0800][27.515s] GC(8) Concurrent Clear Claimed Marks
[2024-04-13T16:08:56.762+0800][27.515s] GC(8) Concurrent Clear Claimed Marks 0.034ms
[2024-04-13T16:08:56.762+0800][27.515s] GC(8) Concurrent Cleanup for Next Mark
[2024-04-13T16:08:56.763+0800][27.516s] GC(8) Concurrent Cleanup for Next Mark 0.597ms
[2024-04-13T16:08:56.763+0800][27.516s] GC(8) Concurrent Mark Cycle 11.748ms
[2024-04-13T16:09:17.688+0800][48.442s] GC(9) Pause Young (Prepare Mixed) (G1 Evacuation Pause)
[2024-04-13T16:09:17.688+0800][48.442s] GC(9) Using 10 workers of 10 for evacuation
[2024-04-13T16:09:17.698+0800][48.452s] GC(9)   Pre Evacuate Collection Set: 0.11ms
[2024-04-13T16:09:17.698+0800][48.452s] GC(9)   Merge Heap Roots: 0.10ms
[2024-04-13T16:09:17.698+0800][48.452s] GC(9)   Evacuate Collection Set: 8.75ms
[2024-04-13T16:09:17.698+0800][48.452s] GC(9)   Post Evacuate Collection Set: 0.88ms
[2024-04-13T16:09:17.698+0800][48.452s] GC(9)   Other: 0.10ms
[2024-04-13T16:09:17.698+0800][48.452s] GC(9) Eden regions: 287->0(272)
[2024-04-13T16:09:17.698+0800][48.452s] GC(9) Survivor regions: 20->35(39)
[2024-04-13T16:09:17.698+0800][48.452s] GC(9) Old regions: 8->8
[2024-04-13T16:09:17.698+0800][48.452s] GC(9) Humongous regions: 5->4
[2024-04-13T16:09:17.698+0800][48.452s] GC(9) Metaspace: 55388K(56128K)->55388K(56128K) NonClass: 48385K(48768K)->48385K(48768K) Class: 7003K(7360K)->7003K(7360K)
[2024-04-13T16:09:17.698+0800][48.452s] GC(9) Pause Young (Prepare Mixed) (G1 Evacuation Pause) 319M->46M(512M) 10.112ms
[2024-04-13T16:09:17.698+0800][48.452s] GC(9) User=0.02s Sys=0.00s Real=0.01s
[2024-04-13T16:09:38.959+0800][69.713s] Heap
[2024-04-13T16:09:38.959+0800][69.713s]  garbage-first heap   total reserved 524288K, committed 524288K, used 312857K [0x00000000e0000000, 0x0000000100000000)
[2024-04-13T16:09:38.959+0800][69.713s]   region size 1024K, 294 young (301056K), 35 survivors (35840K)
[2024-04-13T16:09:38.959+0800][69.713s]  Metaspace       used 55757K, committed 56448K, reserved 1114112K
[2024-04-13T16:09:38.959+0800][69.713s]   class space    used 7066K, committed 7360K, reserved 1048576K
