[2024-04-10T14:45:52.628+0800][0.014s] CardTable entry size: 512
[2024-04-10T14:45:52.629+0800][0.015s] Using G1
[2024-04-10T14:45:52.791+0800][0.177s] Version: 22+36-2370 (release)
[2024-04-10T14:45:52.791+0800][0.177s] CPUs: 12 total, 12 available
[2024-04-10T14:45:52.791+0800][0.177s] Memory: 15786M
[2024-04-10T14:45:52.791+0800][0.177s] Large Page Support: Disabled
[2024-04-10T14:45:52.791+0800][0.177s] NUMA Support: Disabled
[2024-04-10T14:45:52.791+0800][0.177s] Compressed Oops: Enabled (32-bit)
[2024-04-10T14:45:52.791+0800][0.177s] Heap Region Size: 1M
[2024-04-10T14:45:52.791+0800][0.177s] Heap Min Capacity: 512M
[2024-04-10T14:45:52.791+0800][0.177s] Heap Initial Capacity: 512M
[2024-04-10T14:45:52.791+0800][0.177s] Heap Max Capacity: 512M
[2024-04-10T14:45:52.814+0800][0.199s] Pre-touch: Enabled
[2024-04-10T14:45:52.814+0800][0.199s] Parallel Workers: 10
[2024-04-10T14:45:52.814+0800][0.199s] Concurrent Workers: 3
[2024-04-10T14:45:52.814+0800][0.199s] Concurrent Refinement Workers: 10
[2024-04-10T14:45:52.814+0800][0.199s] Periodic GC: Disabled
[2024-04-10T14:45:52.823+0800][0.209s] CDS archive(s) mapped at: [0x000001ee80000000-0x000001ee80c60000-0x000001ee80c60000), size 12976128, SharedBaseAddress: 0x000001ee80000000, ArchiveRelocationMode: 1.
[2024-04-10T14:45:52.823+0800][0.209s] Compressed class space mapped at: 0x000001ee81000000-0x000001eec1000000, reserved size: 1073741824
[2024-04-10T14:45:52.823+0800][0.209s] Narrow klass base: 0x000001ee80000000, Narrow klass shift: 0, Narrow klass range: 0x41000000
[2024-04-10T14:45:53.593+0800][0.979s] GC(0) Pause Young (Normal) (G1 Evacuation Pause)
[2024-04-10T14:45:53.593+0800][0.979s] GC(0) Using 10 workers of 10 for evacuation
[2024-04-10T14:45:53.596+0800][0.982s] GC(0)   Pre Evacuate Collection Set: 0.13ms
[2024-04-10T14:45:53.596+0800][0.982s] GC(0)   Merge Heap Roots: 0.09ms
[2024-04-10T14:45:53.596+0800][0.982s] GC(0)   Evacuate Collection Set: 2.05ms
[2024-04-10T14:45:53.596+0800][0.982s] GC(0)   Post Evacuate Collection Set: 0.53ms
[2024-04-10T14:45:53.596+0800][0.982s] GC(0)   Other: 0.69ms
[2024-04-10T14:45:53.596+0800][0.982s] GC(0) Eden regions: 30->0(45)
[2024-04-10T14:45:53.597+0800][0.982s] GC(0) Survivor regions: 0->4(4)
[2024-04-10T14:45:53.597+0800][0.982s] GC(0) Old regions: 0->0
[2024-04-10T14:45:53.597+0800][0.982s] GC(0) Humongous regions: 0->0
[2024-04-10T14:45:53.597+0800][0.982s] GC(0) Metaspace: 6286K(6528K)->6286K(6528K) NonClass: 5564K(5696K)->5564K(5696K) Class: 722K(832K)->722K(832K)
[2024-04-10T14:45:53.597+0800][0.982s] GC(0) Pause Young (Normal) (G1 Evacuation Pause) 30M->3M(512M) 3.826ms
[2024-04-10T14:45:53.597+0800][0.982s] GC(0) User=0.00s Sys=0.00s Real=0.00s
[2024-04-10T14:45:59.353+0800][6.739s] GC(1) Pause Young (Normal) (G1 Evacuation Pause)
[2024-04-10T14:45:59.353+0800][6.739s] GC(1) Using 10 workers of 10 for evacuation
[2024-04-10T14:45:59.360+0800][6.746s] GC(1)   Pre Evacuate Collection Set: 0.12ms
[2024-04-10T14:45:59.360+0800][6.746s] GC(1)   Merge Heap Roots: 0.05ms
[2024-04-10T14:45:59.360+0800][6.746s] GC(1)   Evacuate Collection Set: 6.09ms
[2024-04-10T14:45:59.360+0800][6.746s] GC(1)   Post Evacuate Collection Set: 0.61ms
[2024-04-10T14:45:59.360+0800][6.746s] GC(1)   Other: 0.07ms
[2024-04-10T14:45:59.360+0800][6.746s] GC(1) Eden regions: 45->0(195)
[2024-04-10T14:45:59.360+0800][6.746s] GC(1) Survivor regions: 4->7(7)
[2024-04-10T14:45:59.360+0800][6.746s] GC(1) Old regions: 0->8
[2024-04-10T14:45:59.360+0800][6.746s] GC(1) Humongous regions: 4->4
[2024-04-10T14:45:59.360+0800][6.746s] GC(1) Metaspace: 17995K(18432K)->17995K(18432K) NonClass: 15898K(16128K)->15898K(16128K) Class: 2096K(2304K)->2096K(2304K)
[2024-04-10T14:45:59.360+0800][6.746s] GC(1) Pause Young (Normal) (G1 Evacuation Pause) 52M->18M(512M) 7.199ms
[2024-04-10T14:45:59.360+0800][6.746s] GC(1) User=0.02s Sys=0.00s Real=0.01s
[2024-04-10T14:45:59.991+0800][7.377s] GC(2) Pause Young (Normal) (G1 Evacuation Pause)
[2024-04-10T14:45:59.991+0800][7.377s] GC(2) Using 10 workers of 10 for evacuation
[2024-04-10T14:45:59.995+0800][7.382s] GC(2)   Pre Evacuate Collection Set: 0.27ms
[2024-04-10T14:45:59.996+0800][7.382s] GC(2)   Merge Heap Roots: 0.17ms
[2024-04-10T14:45:59.996+0800][7.382s] GC(2)   Evacuate Collection Set: 3.16ms
[2024-04-10T14:45:59.996+0800][7.382s] GC(2)   Post Evacuate Collection Set: 0.60ms
[2024-04-10T14:45:59.996+0800][7.382s] GC(2)   Other: 0.34ms
[2024-04-10T14:45:59.996+0800][7.382s] GC(2) Eden regions: 195->0(294)
[2024-04-10T14:45:59.996+0800][7.382s] GC(2) Survivor regions: 7->13(26)
[2024-04-10T14:45:59.996+0800][7.382s] GC(2) Old regions: 8->8
[2024-04-10T14:45:59.996+0800][7.382s] GC(2) Humongous regions: 4->4
[2024-04-10T14:45:59.996+0800][7.382s] GC(2) Metaspace: 19127K(19520K)->19127K(19520K) NonClass: 16900K(17088K)->16900K(17088K) Class: 2227K(2432K)->2227K(2432K)
[2024-04-10T14:45:59.996+0800][7.382s] GC(2) Pause Young (Normal) (G1 Evacuation Pause) 213M->23M(512M) 4.837ms
[2024-04-10T14:45:59.996+0800][7.382s] GC(2) User=0.00s Sys=0.00s Real=0.01s
[2024-04-10T14:46:00.248+0800][7.634s] GC(3) Pause Young (Concurrent Start) (Metadata GC Threshold)
[2024-04-10T14:46:00.248+0800][7.634s] GC(3) Using 10 workers of 10 for evacuation
[2024-04-10T14:46:00.253+0800][7.639s] GC(3)   Pre Evacuate Collection Set: 0.26ms
[2024-04-10T14:46:00.253+0800][7.639s] GC(3)   Merge Heap Roots: 0.08ms
[2024-04-10T14:46:00.253+0800][7.639s] GC(3)   Evacuate Collection Set: 3.56ms
[2024-04-10T14:46:00.253+0800][7.639s] GC(3)   Post Evacuate Collection Set: 0.65ms
[2024-04-10T14:46:00.253+0800][7.639s] GC(3)   Other: 0.17ms
[2024-04-10T14:46:00.253+0800][7.639s] GC(3) Eden regions: 58->0(294)
[2024-04-10T14:46:00.253+0800][7.639s] GC(3) Survivor regions: 13->13(39)
[2024-04-10T14:46:00.253+0800][7.639s] GC(3) Old regions: 8->8
[2024-04-10T14:46:00.253+0800][7.639s] GC(3) Humongous regions: 4->4
[2024-04-10T14:46:00.253+0800][7.639s] GC(3) Metaspace: 21039K(21504K)->21039K(21504K) NonClass: 18599K(18816K)->18599K(18816K) Class: 2440K(2688K)->2440K(2688K)
[2024-04-10T14:46:00.253+0800][7.639s] GC(3) Pause Young (Concurrent Start) (Metadata GC Threshold) 80M->23M(512M) 5.013ms
[2024-04-10T14:46:00.253+0800][7.639s] GC(3) User=0.00s Sys=0.00s Real=0.01s
[2024-04-10T14:46:00.253+0800][7.639s] GC(4) Concurrent Mark Cycle
[2024-04-10T14:46:00.253+0800][7.639s] GC(4) Concurrent Scan Root Regions
[2024-04-10T14:46:00.255+0800][7.641s] GC(4) Concurrent Scan Root Regions 1.678ms
[2024-04-10T14:46:00.255+0800][7.641s] GC(4) Concurrent Mark
[2024-04-10T14:46:00.255+0800][7.641s] GC(4) Concurrent Mark From Roots
[2024-04-10T14:46:00.255+0800][7.641s] GC(4) Using 3 workers of 3 for marking
[2024-04-10T14:46:00.258+0800][7.644s] GC(4) Concurrent Mark From Roots 3.456ms
[2024-04-10T14:46:00.259+0800][7.644s] GC(4) Concurrent Preclean
[2024-04-10T14:46:00.259+0800][7.644s] GC(4) Concurrent Preclean 0.068ms
[2024-04-10T14:46:00.259+0800][7.644s] GC(4) Pause Remark
[2024-04-10T14:46:00.261+0800][7.647s] GC(4) Pause Remark 25M->25M(512M) 2.289ms
[2024-04-10T14:46:00.261+0800][7.647s] GC(4) User=0.00s Sys=0.00s Real=0.00s
[2024-04-10T14:46:00.261+0800][7.647s] GC(4) Concurrent Mark 6.082ms
[2024-04-10T14:46:00.261+0800][7.647s] GC(4) Concurrent Rebuild Remembered Sets and Scrub Regions
[2024-04-10T14:46:00.264+0800][7.649s] GC(4) Concurrent Rebuild Remembered Sets and Scrub Regions 2.411ms
[2024-04-10T14:46:00.264+0800][7.649s] GC(4) Pause Cleanup
[2024-04-10T14:46:00.264+0800][7.650s] GC(4) Pause Cleanup 26M->26M(512M) 0.168ms
[2024-04-10T14:46:00.264+0800][7.650s] GC(4) User=0.00s Sys=0.00s Real=0.00s
[2024-04-10T14:46:00.264+0800][7.650s] GC(4) Concurrent Clear Claimed Marks
[2024-04-10T14:46:00.264+0800][7.650s] GC(4) Concurrent Clear Claimed Marks 0.045ms
[2024-04-10T14:46:00.264+0800][7.650s] GC(4) Concurrent Cleanup for Next Mark
[2024-04-10T14:46:00.264+0800][7.650s] GC(4) Concurrent Cleanup for Next Mark 0.464ms
[2024-04-10T14:46:00.264+0800][7.650s] GC(4) Concurrent Mark Cycle 11.291ms
[2024-04-10T14:46:21.425+0800][28.811s] GC(5) Pause Young (Concurrent Start) (Metadata GC Threshold)
[2024-04-10T14:46:21.425+0800][28.811s] GC(5) Using 10 workers of 10 for evacuation
[2024-04-10T14:46:21.432+0800][28.819s] GC(5)   Pre Evacuate Collection Set: 0.30ms
[2024-04-10T14:46:21.432+0800][28.819s] GC(5)   Merge Heap Roots: 0.21ms
[2024-04-10T14:46:21.432+0800][28.819s] GC(5)   Evacuate Collection Set: 5.74ms
[2024-04-10T14:46:21.432+0800][28.819s] GC(5)   Post Evacuate Collection Set: 0.90ms
[2024-04-10T14:46:21.432+0800][28.819s] GC(5)   Other: 0.22ms
[2024-04-10T14:46:21.432+0800][28.819s] GC(5) Eden regions: 131->0(288)
[2024-04-10T14:46:21.432+0800][28.819s] GC(5) Survivor regions: 13->19(39)
[2024-04-10T14:46:21.432+0800][28.819s] GC(5) Old regions: 8->8
[2024-04-10T14:46:21.432+0800][28.819s] GC(5) Humongous regions: 5->4
[2024-04-10T14:46:21.432+0800][28.819s] GC(5) Metaspace: 35449K(35968K)->35449K(35968K) NonClass: 31234K(31488K)->31234K(31488K) Class: 4215K(4480K)->4215K(4480K)
[2024-04-10T14:46:21.432+0800][28.819s] GC(5) Pause Young (Concurrent Start) (Metadata GC Threshold) 155M->30M(512M) 7.757ms
[2024-04-10T14:46:21.432+0800][28.819s] GC(5) User=0.00s Sys=0.00s Real=0.01s
[2024-04-10T14:46:21.432+0800][28.819s] GC(6) Concurrent Mark Cycle
[2024-04-10T14:46:21.432+0800][28.819s] GC(6) Concurrent Scan Root Regions
[2024-04-10T14:46:21.435+0800][28.821s] GC(6) Concurrent Scan Root Regions 2.064ms
[2024-04-10T14:46:21.435+0800][28.821s] GC(6) Concurrent Mark
[2024-04-10T14:46:21.435+0800][28.821s] GC(6) Concurrent Mark From Roots
[2024-04-10T14:46:21.435+0800][28.821s] GC(6) Using 3 workers of 3 for marking
[2024-04-10T14:46:21.438+0800][28.825s] GC(6) Concurrent Mark From Roots 3.504ms
[2024-04-10T14:46:21.438+0800][28.825s] GC(6) Concurrent Preclean
[2024-04-10T14:46:21.438+0800][28.825s] GC(6) Concurrent Preclean 0.038ms
[2024-04-10T14:46:21.438+0800][28.825s] GC(6) Pause Remark
[2024-04-10T14:46:21.442+0800][28.828s] GC(6) Pause Remark 31M->31M(512M) 3.582ms
[2024-04-10T14:46:21.442+0800][28.829s] GC(6) User=0.00s Sys=0.00s Real=0.00s
[2024-04-10T14:46:21.442+0800][28.829s] GC(6) Concurrent Mark 7.399ms
[2024-04-10T14:46:21.442+0800][28.829s] GC(6) Concurrent Rebuild Remembered Sets and Scrub Regions
[2024-04-10T14:46:21.445+0800][28.831s] GC(6) Concurrent Rebuild Remembered Sets and Scrub Regions 2.498ms
[2024-04-10T14:46:21.445+0800][28.831s] GC(6) Pause Cleanup
[2024-04-10T14:46:21.445+0800][28.831s] GC(6) Pause Cleanup 31M->31M(512M) 0.163ms
[2024-04-10T14:46:21.445+0800][28.831s] GC(6) User=0.00s Sys=0.00s Real=0.00s
[2024-04-10T14:46:21.445+0800][28.831s] GC(6) Concurrent Clear Claimed Marks
[2024-04-10T14:46:21.445+0800][28.832s] GC(6) Concurrent Clear Claimed Marks 0.062ms
[2024-04-10T14:46:21.445+0800][28.832s] GC(6) Concurrent Cleanup for Next Mark
[2024-04-10T14:46:21.445+0800][28.832s] GC(6) Concurrent Cleanup for Next Mark 0.432ms
[2024-04-10T14:46:21.446+0800][28.832s] GC(6) Concurrent Mark Cycle 13.041ms
[2024-04-10T14:46:22.245+0800][29.631s] GC(7) Pause Young (Normal) (G1 Evacuation Pause)
[2024-04-10T14:46:22.245+0800][29.631s] GC(7) Using 10 workers of 10 for evacuation
[2024-04-10T14:46:22.253+0800][29.639s] GC(7)   Pre Evacuate Collection Set: 0.12ms
[2024-04-10T14:46:22.253+0800][29.639s] GC(7)   Merge Heap Roots: 0.10ms
[2024-04-10T14:46:22.253+0800][29.639s] GC(7)   Evacuate Collection Set: 6.58ms
[2024-04-10T14:46:22.253+0800][29.639s] GC(7)   Post Evacuate Collection Set: 1.04ms
[2024-04-10T14:46:22.253+0800][29.639s] GC(7)   Other: 0.11ms
[2024-04-10T14:46:22.253+0800][29.639s] GC(7) Eden regions: 288->0(280)
[2024-04-10T14:46:22.253+0800][29.639s] GC(7) Survivor regions: 19->27(39)
[2024-04-10T14:46:22.253+0800][29.639s] GC(7) Old regions: 8->8
[2024-04-10T14:46:22.253+0800][29.639s] GC(7) Humongous regions: 5->4
[2024-04-10T14:46:22.253+0800][29.639s] GC(7) Metaspace: 41074K(41664K)->41074K(41664K) NonClass: 36077K(36416K)->36077K(36416K) Class: 4997K(5248K)->4997K(5248K)
[2024-04-10T14:46:22.253+0800][29.639s] GC(7) Pause Young (Normal) (G1 Evacuation Pause) 319M->37M(512M) 8.175ms
[2024-04-10T14:46:22.253+0800][29.639s] GC(7) User=0.02s Sys=0.00s Real=0.01s
[2024-04-10T14:55:20.568+0800][567.954s] GC(8) Pause Young (Normal) (G1 Evacuation Pause)
[2024-04-10T14:55:20.568+0800][567.954s] GC(8) Using 10 workers of 10 for evacuation
[2024-04-10T14:55:20.579+0800][567.965s] GC(8)   Pre Evacuate Collection Set: 0.20ms
[2024-04-10T14:55:20.579+0800][567.965s] GC(8)   Merge Heap Roots: 0.13ms
[2024-04-10T14:55:20.579+0800][567.965s] GC(8)   Evacuate Collection Set: 8.63ms
[2024-04-10T14:55:20.579+0800][567.965s] GC(8)   Post Evacuate Collection Set: 1.55ms
[2024-04-10T14:55:20.579+0800][567.965s] GC(8)   Other: 0.08ms
[2024-04-10T14:55:20.579+0800][567.965s] GC(8) Eden regions: 280->0(278)
[2024-04-10T14:55:20.579+0800][567.965s] GC(8) Survivor regions: 27->29(39)
[2024-04-10T14:55:20.579+0800][567.965s] GC(8) Old regions: 8->15
[2024-04-10T14:55:20.579+0800][567.965s] GC(8) Humongous regions: 4->4
[2024-04-10T14:55:20.579+0800][567.965s] GC(8) Metaspace: 55865K(56576K)->55865K(56576K) NonClass: 48885K(49280K)->48885K(49280K) Class: 6979K(7296K)->6979K(7296K)
[2024-04-10T14:55:20.579+0800][567.965s] GC(8) Pause Young (Normal) (G1 Evacuation Pause) 317M->47M(512M) 10.821ms
[2024-04-10T14:55:20.579+0800][567.965s] GC(8) User=0.02s Sys=0.00s Real=0.01s
[2024-04-10T14:55:49.848+0800][597.234s] GC(9) Pause Young (Concurrent Start) (Metadata GC Threshold)
[2024-04-10T14:55:49.848+0800][597.234s] GC(9) Using 10 workers of 10 for evacuation
[2024-04-10T14:55:49.858+0800][597.244s] GC(9)   Pre Evacuate Collection Set: 0.21ms
[2024-04-10T14:55:49.858+0800][597.245s] GC(9)   Merge Heap Roots: 0.11ms
[2024-04-10T14:55:49.858+0800][597.245s] GC(9)   Evacuate Collection Set: 8.39ms
[2024-04-10T14:55:49.858+0800][597.245s] GC(9)   Post Evacuate Collection Set: 1.41ms
[2024-04-10T14:55:49.858+0800][597.245s] GC(9)   Other: 0.16ms
[2024-04-10T14:55:49.858+0800][597.245s] GC(9) Eden regions: 262->0(281)
[2024-04-10T14:55:49.858+0800][597.245s] GC(9) Survivor regions: 29->26(39)
[2024-04-10T14:55:49.858+0800][597.245s] GC(9) Old regions: 15->26
[2024-04-10T14:55:49.858+0800][597.245s] GC(9) Humongous regions: 5->4
[2024-04-10T14:55:49.858+0800][597.245s] GC(9) Metaspace: 59421K(60096K)->59421K(60096K) NonClass: 52122K(52480K)->52122K(52480K) Class: 7299K(7616K)->7299K(7616K)
[2024-04-10T14:55:49.858+0800][597.245s] GC(9) Pause Young (Concurrent Start) (Metadata GC Threshold) 309M->55M(512M) 10.556ms
[2024-04-10T14:55:49.858+0800][597.245s] GC(9) User=0.02s Sys=0.00s Real=0.01s
[2024-04-10T14:55:49.858+0800][597.245s] GC(10) Concurrent Mark Cycle
[2024-04-10T14:55:49.858+0800][597.245s] GC(10) Concurrent Scan Root Regions
[2024-04-10T14:55:49.862+0800][597.249s] GC(10) Concurrent Scan Root Regions 3.791ms
[2024-04-10T14:55:49.862+0800][597.249s] GC(10) Concurrent Mark
[2024-04-10T14:55:49.862+0800][597.249s] GC(10) Concurrent Mark From Roots
[2024-04-10T14:55:49.862+0800][597.249s] GC(10) Using 3 workers of 3 for marking
[2024-04-10T14:55:49.869+0800][597.256s] GC(10) Concurrent Mark From Roots 7.046ms
[2024-04-10T14:55:49.869+0800][597.256s] GC(10) Concurrent Preclean
[2024-04-10T14:55:49.870+0800][597.256s] GC(10) Concurrent Preclean 0.250ms
[2024-04-10T14:55:49.870+0800][597.256s] GC(10) Pause Remark
[2024-04-10T14:55:49.881+0800][597.268s] GC(10) Pause Remark 57M->57M(512M) 11.584ms
[2024-04-10T14:55:49.881+0800][597.268s] GC(10) User=0.00s Sys=0.00s Real=0.01s
[2024-04-10T14:55:49.881+0800][597.268s] GC(10) Concurrent Mark 19.199ms
[2024-04-10T14:55:49.881+0800][597.268s] GC(10) Concurrent Rebuild Remembered Sets and Scrub Regions
[2024-04-10T14:55:49.888+0800][597.274s] GC(10) Concurrent Rebuild Remembered Sets and Scrub Regions 5.678ms
[2024-04-10T14:55:49.888+0800][597.274s] GC(10) Pause Cleanup
[2024-04-10T14:55:49.888+0800][597.274s] GC(10) Pause Cleanup 57M->57M(512M) 0.151ms
[2024-04-10T14:55:49.888+0800][597.274s] GC(10) User=0.00s Sys=0.00s Real=0.00s
[2024-04-10T14:55:49.888+0800][597.274s] GC(10) Concurrent Clear Claimed Marks
[2024-04-10T14:55:49.888+0800][597.274s] GC(10) Concurrent Clear Claimed Marks 0.061ms
[2024-04-10T14:55:49.888+0800][597.274s] GC(10) Concurrent Cleanup for Next Mark
[2024-04-10T14:55:49.889+0800][597.275s] GC(10) Concurrent Cleanup for Next Mark 0.573ms
[2024-04-10T14:55:49.889+0800][597.275s] GC(10) Concurrent Mark Cycle 30.075ms
[2024-04-10T15:21:21.279+0800][2128.664s] GC(11) Pause Young (Prepare Mixed) (G1 Evacuation Pause)
[2024-04-10T15:21:21.279+0800][2128.665s] GC(11) Using 10 workers of 10 for evacuation
[2024-04-10T15:21:21.288+0800][2128.674s] GC(11)   Pre Evacuate Collection Set: 0.30ms
[2024-04-10T15:21:21.288+0800][2128.674s] GC(11)   Merge Heap Roots: 0.15ms
[2024-04-10T15:21:21.288+0800][2128.674s] GC(11)   Evacuate Collection Set: 7.43ms
[2024-04-10T15:21:21.288+0800][2128.674s] GC(11)   Post Evacuate Collection Set: 1.35ms
[2024-04-10T15:21:21.288+0800][2128.674s] GC(11)   Other: 0.10ms
[2024-04-10T15:21:21.288+0800][2128.674s] GC(11) Eden regions: 281->0(282)
[2024-04-10T15:21:21.288+0800][2128.674s] GC(11) Survivor regions: 26->25(39)
[2024-04-10T15:21:21.288+0800][2128.674s] GC(11) Old regions: 26->33
[2024-04-10T15:21:21.288+0800][2128.674s] GC(11) Humongous regions: 4->4
[2024-04-10T15:21:21.288+0800][2128.674s] GC(11) Metaspace: 60612K(61248K)->60612K(61248K) NonClass: 53162K(53504K)->53162K(53504K) Class: 7449K(7744K)->7449K(7744K)
[2024-04-10T15:21:21.288+0800][2128.674s] GC(11) Pause Young (Prepare Mixed) (G1 Evacuation Pause) 336M->61M(512M) 9.663ms
[2024-04-10T15:21:21.288+0800][2128.674s] GC(11) User=0.02s Sys=0.00s Real=0.01s
