[2024-04-12T20:27:47.605+0800][0.013s] CardTable entry size: 512
[2024-04-12T20:27:47.606+0800][0.013s] Using G1
[2024-04-12T20:27:47.793+0800][0.201s] Version: 22+36-2370 (release)
[2024-04-12T20:27:47.793+0800][0.201s] CPUs: 12 total, 12 available
[2024-04-12T20:27:47.793+0800][0.201s] Memory: 16291M
[2024-04-12T20:27:47.793+0800][0.201s] Large Page Support: Disabled
[2024-04-12T20:27:47.794+0800][0.201s] NUMA Support: Disabled
[2024-04-12T20:27:47.794+0800][0.201s] Compressed Oops: Enabled (32-bit)
[2024-04-12T20:27:47.794+0800][0.201s] Heap Region Size: 1M
[2024-04-12T20:27:47.794+0800][0.201s] Heap Min Capacity: 512M
[2024-04-12T20:27:47.794+0800][0.201s] Heap Initial Capacity: 512M
[2024-04-12T20:27:47.794+0800][0.201s] Heap Max Capacity: 512M
[2024-04-12T20:27:47.794+0800][0.202s] Pre-touch: Enabled
[2024-04-12T20:27:47.794+0800][0.202s] Parallel Workers: 10
[2024-04-12T20:27:47.794+0800][0.202s] Concurrent Workers: 3
[2024-04-12T20:27:47.794+0800][0.202s] Concurrent Refinement Workers: 10
[2024-04-12T20:27:47.794+0800][0.202s] Periodic GC: Disabled
[2024-04-12T20:27:47.802+0800][0.210s] CDS archive(s) mapped at: [0x0000029898000000-0x0000029898c60000-0x0000029898c60000), size 12976128, SharedBaseAddress: 0x0000029898000000, ArchiveRelocationMode: 1.
[2024-04-12T20:27:47.802+0800][0.210s] Compressed class space mapped at: 0x0000029899000000-0x00000298d9000000, reserved size: 1073741824
[2024-04-12T20:27:47.802+0800][0.210s] Narrow klass base: 0x0000029898000000, Narrow klass shift: 0, Narrow klass range: 0x41000000
[2024-04-12T20:27:48.308+0800][0.716s] GC(0) Pause Young (Normal) (G1 Evacuation Pause)
[2024-04-12T20:27:48.309+0800][0.717s] GC(0) Using 10 workers of 10 for evacuation
[2024-04-12T20:27:48.311+0800][0.719s] GC(0)   Pre Evacuate Collection Set: 0.10ms
[2024-04-12T20:27:48.311+0800][0.719s] GC(0)   Merge Heap Roots: 0.05ms
[2024-04-12T20:27:48.311+0800][0.719s] GC(0)   Evacuate Collection Set: 1.49ms
[2024-04-12T20:27:48.311+0800][0.719s] GC(0)   Post Evacuate Collection Set: 0.25ms
[2024-04-12T20:27:48.311+0800][0.719s] GC(0)   Other: 0.41ms
[2024-04-12T20:27:48.311+0800][0.719s] GC(0) Eden regions: 30->0(45)
[2024-04-12T20:27:48.311+0800][0.719s] GC(0) Survivor regions: 0->4(4)
[2024-04-12T20:27:48.311+0800][0.719s] GC(0) Old regions: 0->0
[2024-04-12T20:27:48.311+0800][0.719s] GC(0) Humongous regions: 0->0
[2024-04-12T20:27:48.311+0800][0.719s] GC(0) Metaspace: 6607K(6784K)->6607K(6784K) NonClass: 5838K(5952K)->5838K(5952K) Class: 769K(832K)->769K(832K)
[2024-04-12T20:27:48.311+0800][0.719s] GC(0) Pause Young (Normal) (G1 Evacuation Pause) 30M->3M(512M) 2.540ms
[2024-04-12T20:27:48.311+0800][0.719s] GC(0) User=0.00s Sys=0.00s Real=0.00s
[2024-04-12T20:27:53.787+0800][6.195s] GC(1) Pause Young (Normal) (G1 Evacuation Pause)
[2024-04-12T20:27:53.787+0800][6.195s] GC(1) Using 10 workers of 10 for evacuation
[2024-04-12T20:27:53.792+0800][6.200s] GC(1)   Pre Evacuate Collection Set: 0.08ms
[2024-04-12T20:27:53.792+0800][6.200s] GC(1)   Merge Heap Roots: 0.05ms
[2024-04-12T20:27:53.792+0800][6.200s] GC(1)   Evacuate Collection Set: 4.56ms
[2024-04-12T20:27:53.792+0800][6.200s] GC(1)   Post Evacuate Collection Set: 0.27ms
[2024-04-12T20:27:53.792+0800][6.200s] GC(1)   Other: 0.05ms
[2024-04-12T20:27:53.792+0800][6.200s] GC(1) Eden regions: 45->0(142)
[2024-04-12T20:27:53.792+0800][6.200s] GC(1) Survivor regions: 4->7(7)
[2024-04-12T20:27:53.792+0800][6.200s] GC(1) Old regions: 0->8
[2024-04-12T20:27:53.792+0800][6.200s] GC(1) Humongous regions: 4->4
[2024-04-12T20:27:53.792+0800][6.200s] GC(1) Metaspace: 17978K(18432K)->17978K(18432K) NonClass: 15881K(16128K)->15881K(16128K) Class: 2096K(2304K)->2096K(2304K)
[2024-04-12T20:27:53.792+0800][6.200s] GC(1) Pause Young (Normal) (G1 Evacuation Pause) 52M->18M(512M) 5.173ms
[2024-04-12T20:27:53.792+0800][6.200s] GC(1) User=0.00s Sys=0.00s Real=0.01s
[2024-04-12T20:27:54.127+0800][6.536s] GC(2) Pause Young (Normal) (G1 Evacuation Pause)
[2024-04-12T20:27:54.128+0800][6.536s] GC(2) Using 10 workers of 10 for evacuation
[2024-04-12T20:27:54.131+0800][6.539s] GC(2)   Pre Evacuate Collection Set: 0.09ms
[2024-04-12T20:27:54.131+0800][6.539s] GC(2)   Merge Heap Roots: 0.06ms
[2024-04-12T20:27:54.131+0800][6.539s] GC(2)   Evacuate Collection Set: 2.50ms
[2024-04-12T20:27:54.131+0800][6.539s] GC(2)   Post Evacuate Collection Set: 0.29ms
[2024-04-12T20:27:54.131+0800][6.539s] GC(2)   Other: 0.11ms
[2024-04-12T20:27:54.131+0800][6.539s] GC(2) Eden regions: 142->0(294)
[2024-04-12T20:27:54.131+0800][6.539s] GC(2) Survivor regions: 7->13(19)
[2024-04-12T20:27:54.131+0800][6.539s] GC(2) Old regions: 8->8
[2024-04-12T20:27:54.131+0800][6.539s] GC(2) Humongous regions: 4->4
[2024-04-12T20:27:54.131+0800][6.539s] GC(2) Metaspace: 19060K(19520K)->19060K(19520K) NonClass: 16833K(17088K)->16833K(17088K) Class: 2227K(2432K)->2227K(2432K)
[2024-04-12T20:27:54.131+0800][6.539s] GC(2) Pause Young (Normal) (G1 Evacuation Pause) 160M->23M(512M) 3.232ms
[2024-04-12T20:27:54.131+0800][6.539s] GC(2) User=0.00s Sys=0.00s Real=0.00s
[2024-04-12T20:27:54.389+0800][6.797s] GC(3) Pause Young (Concurrent Start) (Metadata GC Threshold)
[2024-04-12T20:27:54.389+0800][6.797s] GC(3) Using 10 workers of 10 for evacuation
[2024-04-12T20:27:54.392+0800][6.800s] GC(3)   Pre Evacuate Collection Set: 0.12ms
[2024-04-12T20:27:54.393+0800][6.800s] GC(3)   Merge Heap Roots: 0.06ms
[2024-04-12T20:27:54.393+0800][6.800s] GC(3)   Evacuate Collection Set: 2.61ms
[2024-04-12T20:27:54.393+0800][6.800s] GC(3)   Post Evacuate Collection Set: 0.27ms
[2024-04-12T20:27:54.393+0800][6.800s] GC(3)   Other: 0.08ms
[2024-04-12T20:27:54.393+0800][6.800s] GC(3) Eden regions: 98->0(293)
[2024-04-12T20:27:54.393+0800][6.800s] GC(3) Survivor regions: 13->14(39)
[2024-04-12T20:27:54.393+0800][6.800s] GC(3) Old regions: 8->8
[2024-04-12T20:27:54.393+0800][6.800s] GC(3) Humongous regions: 4->4
[2024-04-12T20:27:54.393+0800][6.800s] GC(3) Metaspace: 21039K(21504K)->21039K(21504K) NonClass: 18592K(18816K)->18592K(18816K) Class: 2447K(2688K)->2447K(2688K)
[2024-04-12T20:27:54.393+0800][6.800s] GC(3) Pause Young (Concurrent Start) (Metadata GC Threshold) 121M->24M(512M) 3.302ms
[2024-04-12T20:27:54.393+0800][6.800s] GC(3) User=0.00s Sys=0.00s Real=0.00s
[2024-04-12T20:27:54.393+0800][6.800s] GC(4) Concurrent Mark Cycle
[2024-04-12T20:27:54.393+0800][6.800s] GC(4) Concurrent Scan Root Regions
[2024-04-12T20:27:54.394+0800][6.802s] GC(4) Concurrent Scan Root Regions 1.327ms
[2024-04-12T20:27:54.394+0800][6.802s] GC(4) Concurrent Mark
[2024-04-12T20:27:54.394+0800][6.802s] GC(4) Concurrent Mark From Roots
[2024-04-12T20:27:54.394+0800][6.802s] GC(4) Using 3 workers of 3 for marking
[2024-04-12T20:27:54.397+0800][6.805s] GC(4) Concurrent Mark From Roots 2.945ms
[2024-04-12T20:27:54.397+0800][6.805s] GC(4) Concurrent Preclean
[2024-04-12T20:27:54.397+0800][6.805s] GC(4) Concurrent Preclean 0.030ms
[2024-04-12T20:27:54.397+0800][6.805s] GC(4) Pause Remark
[2024-04-12T20:27:54.398+0800][6.806s] GC(4) Pause Remark 25M->25M(512M) 1.347ms
[2024-04-12T20:27:54.398+0800][6.806s] GC(4) User=0.00s Sys=0.00s Real=0.00s
[2024-04-12T20:27:54.398+0800][6.806s] GC(4) Concurrent Mark 4.453ms
[2024-04-12T20:27:54.398+0800][6.806s] GC(4) Concurrent Rebuild Remembered Sets and Scrub Regions
[2024-04-12T20:27:54.400+0800][6.808s] GC(4) Concurrent Rebuild Remembered Sets and Scrub Regions 1.730ms
[2024-04-12T20:27:54.400+0800][6.808s] GC(4) Pause Cleanup
[2024-04-12T20:27:54.400+0800][6.808s] GC(4) Pause Cleanup 25M->25M(512M) 0.073ms
[2024-04-12T20:27:54.400+0800][6.808s] GC(4) User=0.00s Sys=0.00s Real=0.00s
[2024-04-12T20:27:54.400+0800][6.808s] GC(4) Concurrent Clear Claimed Marks
[2024-04-12T20:27:54.400+0800][6.808s] GC(4) Concurrent Clear Claimed Marks 0.022ms
[2024-04-12T20:27:54.400+0800][6.808s] GC(4) Concurrent Cleanup for Next Mark
[2024-04-12T20:27:54.401+0800][6.808s] GC(4) Concurrent Cleanup for Next Mark 0.334ms
[2024-04-12T20:27:54.401+0800][6.808s] GC(4) Concurrent Mark Cycle 8.117ms
[2024-04-12T20:28:15.077+0800][27.486s] GC(5) Pause Young (Prepare Mixed) (Metadata GC Threshold)
[2024-04-12T20:28:15.078+0800][27.486s] GC(5) Using 10 workers of 10 for evacuation
[2024-04-12T20:28:15.083+0800][27.491s] GC(5)   Pre Evacuate Collection Set: 0.09ms
[2024-04-12T20:28:15.083+0800][27.491s] GC(5)   Merge Heap Roots: 0.07ms
[2024-04-12T20:28:15.083+0800][27.491s] GC(5)   Evacuate Collection Set: 4.41ms
[2024-04-12T20:28:15.083+0800][27.491s] GC(5)   Post Evacuate Collection Set: 0.48ms
[2024-04-12T20:28:15.083+0800][27.491s] GC(5)   Other: 0.08ms
[2024-04-12T20:28:15.083+0800][27.491s] GC(5) Eden regions: 124->0(287)
[2024-04-12T20:28:15.083+0800][27.491s] GC(5) Survivor regions: 14->20(39)
[2024-04-12T20:28:15.083+0800][27.491s] GC(5) Old regions: 8->8
[2024-04-12T20:28:15.083+0800][27.491s] GC(5) Humongous regions: 5->4
[2024-04-12T20:28:15.083+0800][27.491s] GC(5) Metaspace: 35506K(35968K)->35506K(35968K) NonClass: 31272K(31488K)->31272K(31488K) Class: 4234K(4480K)->4234K(4480K)
[2024-04-12T20:28:15.083+0800][27.491s] GC(5) Pause Young (Prepare Mixed) (Metadata GC Threshold) 149M->30M(512M) 5.550ms
[2024-04-12T20:28:15.083+0800][27.491s] GC(5) User=0.02s Sys=0.00s Real=0.01s
[2024-04-12T20:28:15.146+0800][27.554s] GC(6) Pause Young (Mixed) (Metadata GC Threshold)
[2024-04-12T20:28:15.146+0800][27.555s] GC(6) Using 10 workers of 10 for evacuation
[2024-04-12T20:28:15.151+0800][27.560s] GC(6)   Pre Evacuate Collection Set: 0.10ms
[2024-04-12T20:28:15.151+0800][27.560s] GC(6)   Merge Heap Roots: 0.05ms
[2024-04-12T20:28:15.151+0800][27.560s] GC(6)   Evacuate Collection Set: 4.39ms
[2024-04-12T20:28:15.151+0800][27.560s] GC(6)   Post Evacuate Collection Set: 0.42ms
[2024-04-12T20:28:15.151+0800][27.560s] GC(6)   Other: 0.05ms
[2024-04-12T20:28:15.151+0800][27.560s] GC(6) Eden regions: 6->0(287)
[2024-04-12T20:28:15.151+0800][27.560s] GC(6) Survivor regions: 20->20(39)
[2024-04-12T20:28:15.151+0800][27.560s] GC(6) Old regions: 8->7
[2024-04-12T20:28:15.151+0800][27.560s] GC(6) Humongous regions: 4->4
[2024-04-12T20:28:15.151+0800][27.560s] GC(6) Metaspace: 35836K(36288K)->35836K(36288K) NonClass: 31564K(31808K)->31564K(31808K) Class: 4271K(4480K)->4271K(4480K)
[2024-04-12T20:28:15.151+0800][27.560s] GC(6) Pause Young (Mixed) (Metadata GC Threshold) 36M->30M(512M) 5.180ms
[2024-04-12T20:28:15.152+0800][27.560s] GC(6) User=0.00s Sys=0.00s Real=0.01s
[2024-04-12T20:28:15.191+0800][27.598s] GC(7) Pause Young (Concurrent Start) (Metadata GC Threshold)
[2024-04-12T20:28:15.191+0800][27.598s] GC(7) Using 10 workers of 10 for evacuation
[2024-04-12T20:28:15.196+0800][27.604s] GC(7)   Pre Evacuate Collection Set: 0.10ms
[2024-04-12T20:28:15.196+0800][27.604s] GC(7)   Merge Heap Roots: 0.05ms
[2024-04-12T20:28:15.196+0800][27.604s] GC(7)   Evacuate Collection Set: 4.75ms
[2024-04-12T20:28:15.196+0800][27.604s] GC(7)   Post Evacuate Collection Set: 0.57ms
[2024-04-12T20:28:15.196+0800][27.604s] GC(7)   Other: 0.09ms
[2024-04-12T20:28:15.196+0800][27.604s] GC(7) Eden regions: 7->0(287)
[2024-04-12T20:28:15.196+0800][27.604s] GC(7) Survivor regions: 20->20(39)
[2024-04-12T20:28:15.196+0800][27.604s] GC(7) Old regions: 7->7
[2024-04-12T20:28:15.196+0800][27.604s] GC(7) Humongous regions: 4->4
[2024-04-12T20:28:15.196+0800][27.604s] GC(7) Metaspace: 36119K(36608K)->36119K(36608K) NonClass: 31806K(32064K)->31806K(32064K) Class: 4312K(4544K)->4312K(4544K)
[2024-04-12T20:28:15.196+0800][27.604s] GC(7) Pause Young (Concurrent Start) (Metadata GC Threshold) 37M->30M(512M) 5.809ms
[2024-04-12T20:28:15.196+0800][27.604s] GC(8) Concurrent Mark Cycle
[2024-04-12T20:28:15.196+0800][27.604s] GC(7) User=0.00s Sys=0.00s Real=0.01s
[2024-04-12T20:28:15.196+0800][27.604s] GC(8) Concurrent Scan Root Regions
[2024-04-12T20:28:15.199+0800][27.607s] GC(8) Concurrent Scan Root Regions 2.689ms
[2024-04-12T20:28:15.199+0800][27.607s] GC(8) Concurrent Mark
[2024-04-12T20:28:15.199+0800][27.607s] GC(8) Concurrent Mark From Roots
[2024-04-12T20:28:15.199+0800][27.607s] GC(8) Using 3 workers of 3 for marking
[2024-04-12T20:28:15.202+0800][27.611s] GC(8) Concurrent Mark From Roots 3.719ms
[2024-04-12T20:28:15.202+0800][27.611s] GC(8) Concurrent Preclean
[2024-04-12T20:28:15.202+0800][27.611s] GC(8) Concurrent Preclean 0.021ms
[2024-04-12T20:28:15.203+0800][27.611s] GC(8) Pause Remark
[2024-04-12T20:28:15.206+0800][27.614s] GC(8) Pause Remark 33M->33M(512M) 2.886ms
[2024-04-12T20:28:15.206+0800][27.614s] GC(8) User=0.00s Sys=0.02s Real=0.00s
[2024-04-12T20:28:15.206+0800][27.614s] GC(8) Concurrent Mark 6.944ms
[2024-04-12T20:28:15.206+0800][27.614s] GC(8) Concurrent Rebuild Remembered Sets and Scrub Regions
[2024-04-12T20:28:15.206+0800][27.615s] GC(8) Concurrent Rebuild Remembered Sets and Scrub Regions 0.698ms
[2024-04-12T20:28:15.206+0800][27.615s] GC(8) Pause Cleanup
[2024-04-12T20:28:15.206+0800][27.615s] GC(8) Pause Cleanup 34M->34M(512M) 0.023ms
[2024-04-12T20:28:15.206+0800][27.615s] GC(8) User=0.00s Sys=0.00s Real=0.00s
[2024-04-12T20:28:15.206+0800][27.615s] GC(8) Concurrent Clear Claimed Marks
[2024-04-12T20:28:15.206+0800][27.615s] GC(8) Concurrent Clear Claimed Marks 0.037ms
[2024-04-12T20:28:15.206+0800][27.615s] GC(8) Concurrent Cleanup for Next Mark
[2024-04-12T20:28:15.207+0800][27.615s] GC(8) Concurrent Cleanup for Next Mark 0.351ms
[2024-04-12T20:28:15.207+0800][27.615s] GC(8) Concurrent Mark Cycle 10.960ms
[2024-04-12T20:34:15.277+0800][387.685s] GC(9) Pause Young (Normal) (G1 Evacuation Pause)
[2024-04-12T20:34:15.277+0800][387.685s] GC(9) Using 10 workers of 10 for evacuation
[2024-04-12T20:34:15.286+0800][387.695s] GC(9)   Pre Evacuate Collection Set: 0.12ms
[2024-04-12T20:34:15.286+0800][387.695s] GC(9)   Merge Heap Roots: 0.07ms
[2024-04-12T20:34:15.286+0800][387.695s] GC(9)   Evacuate Collection Set: 8.64ms
[2024-04-12T20:34:15.286+0800][387.695s] GC(9)   Post Evacuate Collection Set: 0.76ms
[2024-04-12T20:34:15.287+0800][387.695s] GC(9)   Other: 0.08ms
[2024-04-12T20:34:15.287+0800][387.695s] GC(9) Eden regions: 287->0(270)
[2024-04-12T20:34:15.287+0800][387.695s] GC(9) Survivor regions: 20->37(39)
[2024-04-12T20:34:15.287+0800][387.695s] GC(9) Old regions: 7->7
[2024-04-12T20:34:15.287+0800][387.695s] GC(9) Humongous regions: 6->4
[2024-04-12T20:34:15.287+0800][387.695s] GC(9) Metaspace: 58182K(58880K)->58182K(58880K) NonClass: 50836K(51264K)->50836K(51264K) Class: 7345K(7616K)->7345K(7616K)
[2024-04-12T20:34:15.287+0800][387.695s] GC(9) Pause Young (Normal) (G1 Evacuation Pause) 319M->47M(512M) 9.844ms
[2024-04-12T20:34:15.287+0800][387.695s] GC(9) User=0.00s Sys=0.00s Real=0.01s
[2024-04-12T20:35:04.195+0800][436.603s] GC(10) Pause Young (Concurrent Start) (Metadata GC Threshold)
[2024-04-12T20:35:04.195+0800][436.603s] GC(10) Using 10 workers of 10 for evacuation
[2024-04-12T20:35:04.204+0800][436.612s] GC(10)   Pre Evacuate Collection Set: 0.11ms
[2024-04-12T20:35:04.204+0800][436.612s] GC(10)   Merge Heap Roots: 0.07ms
[2024-04-12T20:35:04.204+0800][436.612s] GC(10)   Evacuate Collection Set: 7.86ms
[2024-04-12T20:35:04.204+0800][436.612s] GC(10)   Post Evacuate Collection Set: 0.94ms
[2024-04-12T20:35:04.204+0800][436.612s] GC(10)   Other: 0.09ms
[2024-04-12T20:35:04.204+0800][436.612s] GC(10) Eden regions: 250->0(284)
[2024-04-12T20:35:04.204+0800][436.612s] GC(10) Survivor regions: 37->23(39)
[2024-04-12T20:35:04.204+0800][436.612s] GC(10) Old regions: 7->25
[2024-04-12T20:35:04.204+0800][436.612s] GC(10) Humongous regions: 5->4
[2024-04-12T20:35:04.204+0800][436.612s] GC(10) Metaspace: 60547K(61248K)->60547K(61248K) NonClass: 52994K(53376K)->52994K(53376K) Class: 7553K(7872K)->7553K(7872K)
[2024-04-12T20:35:04.204+0800][436.612s] GC(10) Pause Young (Concurrent Start) (Metadata GC Threshold) 298M->51M(512M) 9.235ms
[2024-04-12T20:35:04.204+0800][436.612s] GC(11) Concurrent Mark Cycle
[2024-04-12T20:35:04.204+0800][436.612s] GC(10) User=0.00s Sys=0.00s Real=0.01s
[2024-04-12T20:35:04.204+0800][436.612s] GC(11) Concurrent Scan Root Regions
[2024-04-12T20:35:04.208+0800][436.616s] GC(11) Concurrent Scan Root Regions 3.426ms
[2024-04-12T20:35:04.208+0800][436.616s] GC(11) Concurrent Mark
[2024-04-12T20:35:04.208+0800][436.616s] GC(11) Concurrent Mark From Roots
[2024-04-12T20:35:04.208+0800][436.616s] GC(11) Using 3 workers of 3 for marking
[2024-04-12T20:35:04.211+0800][436.619s] GC(11) Concurrent Mark From Roots 3.042ms
[2024-04-12T20:35:04.211+0800][436.619s] GC(11) Concurrent Preclean
[2024-04-12T20:35:04.211+0800][436.619s] GC(11) Concurrent Preclean 0.020ms
[2024-04-12T20:35:04.211+0800][436.619s] GC(11) Pause Remark
[2024-04-12T20:35:04.213+0800][436.622s] GC(11) Pause Remark 52M->52M(512M) 2.494ms
[2024-04-12T20:35:04.213+0800][436.622s] GC(11) User=0.00s Sys=0.00s Real=0.00s
[2024-04-12T20:35:04.213+0800][436.622s] GC(11) Concurrent Mark 5.678ms
[2024-04-12T20:35:04.213+0800][436.622s] GC(11) Concurrent Rebuild Remembered Sets and Scrub Regions
[2024-04-12T20:35:04.216+0800][436.624s] GC(11) Concurrent Rebuild Remembered Sets and Scrub Regions 2.342ms
[2024-04-12T20:35:04.216+0800][436.624s] GC(11) Pause Cleanup
[2024-04-12T20:35:04.216+0800][436.624s] GC(11) Pause Cleanup 52M->52M(512M) 0.082ms
[2024-04-12T20:35:04.216+0800][436.624s] GC(11) User=0.00s Sys=0.00s Real=0.00s
[2024-04-12T20:35:04.216+0800][436.624s] GC(11) Concurrent Clear Claimed Marks
[2024-04-12T20:35:04.216+0800][436.624s] GC(11) Concurrent Clear Claimed Marks 0.030ms
[2024-04-12T20:35:04.216+0800][436.624s] GC(11) Concurrent Cleanup for Next Mark
[2024-04-12T20:35:04.216+0800][436.624s] GC(11) Concurrent Cleanup for Next Mark 0.303ms
[2024-04-12T20:35:04.216+0800][436.624s] GC(11) Concurrent Mark Cycle 12.029ms
[2024-04-12T20:35:05.618+0800][438.026s] GC(12) Pause Young (Normal) (G1 Evacuation Pause)
[2024-04-12T20:35:05.618+0800][438.026s] GC(12) Using 10 workers of 10 for evacuation
[2024-04-12T20:35:05.628+0800][438.036s] GC(12)   Pre Evacuate Collection Set: 0.12ms
[2024-04-12T20:35:05.628+0800][438.036s] GC(12)   Merge Heap Roots: 0.08ms
[2024-04-12T20:35:05.628+0800][438.036s] GC(12)   Evacuate Collection Set: 8.54ms
[2024-04-12T20:35:05.628+0800][438.036s] GC(12)   Post Evacuate Collection Set: 0.88ms
[2024-04-12T20:35:05.628+0800][438.036s] GC(12)   Other: 0.08ms
[2024-04-12T20:35:05.628+0800][438.036s] GC(12) Eden regions: 284->0(268)
[2024-04-12T20:35:05.628+0800][438.036s] GC(12) Survivor regions: 23->39(39)
[2024-04-12T20:35:05.628+0800][438.036s] GC(12) Old regions: 25->27
[2024-04-12T20:35:05.628+0800][438.036s] GC(12) Humongous regions: 4->4
[2024-04-12T20:35:05.628+0800][438.036s] GC(12) Metaspace: 61714K(62464K)->61714K(62464K) NonClass: 54105K(54528K)->54105K(54528K) Class: 7609K(7936K)->7609K(7936K)
[2024-04-12T20:35:05.628+0800][438.036s] GC(12) Pause Young (Normal) (G1 Evacuation Pause) 335M->69M(512M) 9.883ms
[2024-04-12T20:35:05.628+0800][438.036s] GC(12) User=0.02s Sys=0.00s Real=0.01s
[2024-04-12T20:35:06.459+0800][438.868s] GC(13) Pause Young (Normal) (G1 Evacuation Pause)
[2024-04-12T20:35:06.460+0800][438.868s] GC(13) Using 10 workers of 10 for evacuation
[2024-04-12T20:35:06.470+0800][438.878s] GC(13)   Pre Evacuate Collection Set: 0.10ms
[2024-04-12T20:35:06.470+0800][438.878s] GC(13)   Merge Heap Roots: 0.07ms
[2024-04-12T20:35:06.470+0800][438.878s] GC(13)   Evacuate Collection Set: 9.42ms
[2024-04-12T20:35:06.470+0800][438.878s] GC(13)   Post Evacuate Collection Set: 0.50ms
[2024-04-12T20:35:06.470+0800][438.878s] GC(13)   Other: 0.06ms
[2024-04-12T20:35:06.470+0800][438.878s] GC(13) Eden regions: 268->0(270)
[2024-04-12T20:35:06.470+0800][438.878s] GC(13) Survivor regions: 39->37(39)
[2024-04-12T20:35:06.470+0800][438.878s] GC(13) Old regions: 27->48
[2024-04-12T20:35:06.470+0800][438.878s] GC(13) Humongous regions: 5->5
[2024-04-12T20:35:06.470+0800][438.878s] GC(13) Metaspace: 61784K(62528K)->61784K(62528K) NonClass: 54175K(54592K)->54175K(54592K) Class: 7609K(7936K)->7609K(7936K)
[2024-04-12T20:35:06.470+0800][438.878s] GC(13) Pause Young (Normal) (G1 Evacuation Pause) 338M->88M(512M) 10.309ms
[2024-04-12T20:35:06.470+0800][438.878s] GC(13) User=0.00s Sys=0.00s Real=0.01s
[2024-04-12T20:35:07.432+0800][439.840s] GC(14) Pause Young (Normal) (G1 Evacuation Pause)
[2024-04-12T20:35:07.432+0800][439.840s] GC(14) Using 10 workers of 10 for evacuation
[2024-04-12T20:35:07.440+0800][439.848s] GC(14)   Pre Evacuate Collection Set: 0.09ms
[2024-04-12T20:35:07.440+0800][439.848s] GC(14)   Merge Heap Roots: 0.06ms
[2024-04-12T20:35:07.440+0800][439.848s] GC(14)   Evacuate Collection Set: 6.98ms
[2024-04-12T20:35:07.440+0800][439.848s] GC(14)   Post Evacuate Collection Set: 0.29ms
[2024-04-12T20:35:07.440+0800][439.848s] GC(14)   Other: 0.07ms
[2024-04-12T20:35:07.440+0800][439.848s] GC(14) Eden regions: 270->0(269)
[2024-04-12T20:35:07.440+0800][439.848s] GC(14) Survivor regions: 37->38(39)
[2024-04-12T20:35:07.440+0800][439.848s] GC(14) Old regions: 48->62
[2024-04-12T20:35:07.440+0800][439.848s] GC(14) Humongous regions: 9->9
[2024-04-12T20:35:07.440+0800][439.848s] GC(14) Metaspace: 61902K(62656K)->61902K(62656K) NonClass: 54293K(54720K)->54293K(54720K) Class: 7609K(7936K)->7609K(7936K)
[2024-04-12T20:35:07.440+0800][439.848s] GC(14) Pause Young (Normal) (G1 Evacuation Pause) 362M->107M(512M) 7.663ms
[2024-04-12T20:35:07.440+0800][439.848s] GC(14) User=0.02s Sys=0.00s Real=0.01s
[2024-04-12T20:35:08.731+0800][441.139s] GC(15) Pause Young (Normal) (G1 Evacuation Pause)
[2024-04-12T20:35:08.731+0800][441.139s] GC(15) Using 10 workers of 10 for evacuation
[2024-04-12T20:35:08.737+0800][441.145s] GC(15)   Pre Evacuate Collection Set: 0.09ms
[2024-04-12T20:35:08.737+0800][441.145s] GC(15)   Merge Heap Roots: 0.09ms
[2024-04-12T20:35:08.737+0800][441.145s] GC(15)   Evacuate Collection Set: 5.50ms
[2024-04-12T20:35:08.737+0800][441.145s] GC(15)   Post Evacuate Collection Set: 0.28ms
[2024-04-12T20:35:08.737+0800][441.145s] GC(15)   Other: 0.06ms
[2024-04-12T20:35:08.737+0800][441.145s] GC(15) Eden regions: 269->0(295)
[2024-04-12T20:35:08.737+0800][441.145s] GC(15) Survivor regions: 38->12(39)
[2024-04-12T20:35:08.737+0800][441.145s] GC(15) Old regions: 62->90
[2024-04-12T20:35:08.737+0800][441.145s] GC(15) Humongous regions: 12->12
[2024-04-12T20:35:08.737+0800][441.145s] GC(15) Metaspace: 62622K(63360K)->62622K(63360K) NonClass: 54959K(55360K)->54959K(55360K) Class: 7662K(8000K)->7662K(8000K)
[2024-04-12T20:35:08.737+0800][441.145s] GC(15) Pause Young (Normal) (G1 Evacuation Pause) 379M->113M(512M) 6.183ms
[2024-04-12T20:35:08.737+0800][441.145s] GC(15) User=0.00s Sys=0.00s Real=0.01s
[2024-04-12T21:53:46.650+0800][5159.081s] GC(16) Pause Young (Normal) (G1 Evacuation Pause)
[2024-04-12T21:53:46.650+0800][5159.081s] GC(16) Using 10 workers of 10 for evacuation
[2024-04-12T21:53:46.662+0800][5159.092s] GC(16)   Pre Evacuate Collection Set: 0.46ms
[2024-04-12T21:53:46.662+0800][5159.092s] GC(16)   Merge Heap Roots: 0.34ms
[2024-04-12T21:53:46.662+0800][5159.092s] GC(16)   Evacuate Collection Set: 9.99ms
[2024-04-12T21:53:46.662+0800][5159.093s] GC(16)   Post Evacuate Collection Set: 0.52ms
[2024-04-12T21:53:46.662+0800][5159.093s] GC(16)   Other: 0.12ms
[2024-04-12T21:53:46.662+0800][5159.093s] GC(16) Eden regions: 295->0(294)
[2024-04-12T21:53:46.662+0800][5159.093s] GC(16) Survivor regions: 12->13(39)
[2024-04-12T21:53:46.662+0800][5159.093s] GC(16) Old regions: 90->90
[2024-04-12T21:53:46.662+0800][5159.093s] GC(16) Humongous regions: 13->12
[2024-04-12T21:53:46.662+0800][5159.093s] GC(16) Metaspace: 64239K(65088K)->64239K(65088K) NonClass: 56421K(56896K)->56421K(56896K) Class: 7818K(8192K)->7818K(8192K)
[2024-04-12T21:53:46.662+0800][5159.093s] GC(16) Pause Young (Normal) (G1 Evacuation Pause) 409M->114M(512M) 11.698ms
[2024-04-12T21:53:46.662+0800][5159.093s] GC(16) User=0.00s Sys=0.00s Real=0.01s
[2024-04-12T21:55:15.171+0800][5247.602s] GC(17) Pause Young (Normal) (G1 Evacuation Pause)
[2024-04-12T21:55:15.171+0800][5247.602s] GC(17) Using 10 workers of 10 for evacuation
[2024-04-12T21:55:15.175+0800][5247.606s] GC(17)   Pre Evacuate Collection Set: 0.10ms
[2024-04-12T21:55:15.175+0800][5247.606s] GC(17)   Merge Heap Roots: 0.08ms
[2024-04-12T21:55:15.175+0800][5247.606s] GC(17)   Evacuate Collection Set: 3.68ms
[2024-04-12T21:55:15.175+0800][5247.606s] GC(17)   Post Evacuate Collection Set: 0.30ms
[2024-04-12T21:55:15.175+0800][5247.606s] GC(17)   Other: 0.07ms
[2024-04-12T21:55:15.175+0800][5247.606s] GC(17) Eden regions: 294->0(290)
[2024-04-12T21:55:15.175+0800][5247.606s] GC(17) Survivor regions: 13->17(39)
[2024-04-12T21:55:15.175+0800][5247.606s] GC(17) Old regions: 90->90
[2024-04-12T21:55:15.175+0800][5247.606s] GC(17) Humongous regions: 14->12
[2024-04-12T21:55:15.175+0800][5247.606s] GC(17) Metaspace: 67269K(68096K)->67269K(68096K) NonClass: 59153K(59648K)->59153K(59648K) Class: 8115K(8448K)->8115K(8448K)
[2024-04-12T21:55:15.175+0800][5247.606s] GC(17) Pause Young (Normal) (G1 Evacuation Pause) 410M->118M(512M) 4.446ms
[2024-04-12T21:55:15.175+0800][5247.606s] GC(17) User=0.00s Sys=0.00s Real=0.00s
[2024-04-12T22:11:35.118+0800][6227.548s] GC(18) Pause Young (Normal) (G1 Evacuation Pause)
[2024-04-12T22:11:35.118+0800][6227.548s] GC(18) Using 10 workers of 10 for evacuation
[2024-04-12T22:11:35.126+0800][6227.557s] GC(18)   Pre Evacuate Collection Set: 0.13ms
[2024-04-12T22:11:35.126+0800][6227.557s] GC(18)   Merge Heap Roots: 0.08ms
[2024-04-12T22:11:35.126+0800][6227.557s] GC(18)   Evacuate Collection Set: 7.65ms
[2024-04-12T22:11:35.126+0800][6227.557s] GC(18)   Post Evacuate Collection Set: 0.44ms
[2024-04-12T22:11:35.126+0800][6227.557s] GC(18)   Other: 0.06ms
[2024-04-12T22:11:35.126+0800][6227.557s] GC(18) Eden regions: 290->0(278)
[2024-04-12T22:11:35.126+0800][6227.557s] GC(18) Survivor regions: 17->29(39)
[2024-04-12T22:11:35.126+0800][6227.557s] GC(18) Old regions: 90->90
[2024-04-12T22:11:35.126+0800][6227.557s] GC(18) Humongous regions: 13->12
[2024-04-12T22:11:35.126+0800][6227.557s] GC(18) Metaspace: 74131K(75008K)->74131K(75008K) NonClass: 65257K(65728K)->65257K(65728K) Class: 8873K(9280K)->8873K(9280K)
[2024-04-12T22:11:35.126+0800][6227.557s] GC(18) Pause Young (Normal) (G1 Evacuation Pause) 409M->130M(512M) 8.569ms
[2024-04-12T22:11:35.126+0800][6227.557s] GC(18) User=0.00s Sys=0.00s Real=0.01s
[2024-04-12T22:11:36.037+0800][6228.468s] GC(19) Pause Young (Normal) (G1 Evacuation Pause)
[2024-04-12T22:11:36.037+0800][6228.469s] GC(19) Using 10 workers of 10 for evacuation
[2024-04-12T22:11:36.049+0800][6228.480s] GC(19)   Pre Evacuate Collection Set: 0.09ms
[2024-04-12T22:11:36.049+0800][6228.480s] GC(19)   Merge Heap Roots: 0.08ms
[2024-04-12T22:11:36.049+0800][6228.480s] GC(19)   Evacuate Collection Set: 10.72ms
[2024-04-12T22:11:36.049+0800][6228.480s] GC(19)   Post Evacuate Collection Set: 0.72ms
[2024-04-12T22:11:36.049+0800][6228.480s] GC(19)   Other: 0.07ms
[2024-04-12T22:11:36.049+0800][6228.480s] GC(19) Eden regions: 278->0(274)
[2024-04-12T22:11:36.049+0800][6228.480s] GC(19) Survivor regions: 29->33(39)
[2024-04-12T22:11:36.049+0800][6228.480s] GC(19) Old regions: 90->99
[2024-04-12T22:11:36.049+0800][6228.480s] GC(19) Humongous regions: 13->12
[2024-04-12T22:11:36.049+0800][6228.480s] GC(19) Metaspace: 78713K(79616K)->78713K(79616K) NonClass: 69261K(69760K)->69261K(69760K) Class: 9452K(9856K)->9452K(9856K)
[2024-04-12T22:11:36.049+0800][6228.480s] GC(19) Pause Young (Normal) (G1 Evacuation Pause) 409M->143M(512M) 11.870ms
[2024-04-12T22:11:36.049+0800][6228.480s] GC(19) User=0.00s Sys=0.00s Real=0.01s
[2024-04-12T22:11:36.837+0800][6229.267s] GC(20) Pause Young (Normal) (G1 Evacuation Pause)
[2024-04-12T22:11:36.837+0800][6229.267s] GC(20) Using 10 workers of 10 for evacuation
[2024-04-12T22:11:36.847+0800][6229.277s] GC(20)   Pre Evacuate Collection Set: 0.10ms
[2024-04-12T22:11:36.847+0800][6229.278s] GC(20)   Merge Heap Roots: 0.07ms
[2024-04-12T22:11:36.847+0800][6229.278s] GC(20)   Evacuate Collection Set: 9.39ms
[2024-04-12T22:11:36.847+0800][6229.278s] GC(20)   Post Evacuate Collection Set: 0.58ms
[2024-04-12T22:11:36.847+0800][6229.278s] GC(20)   Other: 0.07ms
[2024-04-12T22:11:36.847+0800][6229.278s] GC(20) Eden regions: 274->0(274)
[2024-04-12T22:11:36.847+0800][6229.278s] GC(20) Survivor regions: 33->33(39)
[2024-04-12T22:11:36.847+0800][6229.278s] GC(20) Old regions: 99->115
[2024-04-12T22:11:36.847+0800][6229.278s] GC(20) Humongous regions: 13->13
[2024-04-12T22:11:36.847+0800][6229.278s] GC(20) Metaspace: 78750K(79616K)->78750K(79616K) NonClass: 69297K(69760K)->69297K(69760K) Class: 9453K(9856K)->9453K(9856K)
[2024-04-12T22:11:36.847+0800][6229.278s] GC(20) Pause Young (Normal) (G1 Evacuation Pause) 418M->160M(512M) 10.409ms
[2024-04-12T22:11:36.847+0800][6229.278s] GC(20) User=0.02s Sys=0.00s Real=0.01s
[2024-04-12T22:11:37.834+0800][6230.265s] GC(21) Pause Young (Normal) (G1 Evacuation Pause)
[2024-04-12T22:11:37.834+0800][6230.265s] GC(21) Using 10 workers of 10 for evacuation
[2024-04-12T22:11:37.848+0800][6230.279s] GC(21)   Pre Evacuate Collection Set: 0.09ms
[2024-04-12T22:11:37.848+0800][6230.279s] GC(21)   Merge Heap Roots: 0.07ms
[2024-04-12T22:11:37.848+0800][6230.279s] GC(21)   Evacuate Collection Set: 13.00ms
[2024-04-12T22:11:37.848+0800][6230.279s] GC(21)   Post Evacuate Collection Set: 0.58ms
[2024-04-12T22:11:37.848+0800][6230.279s] GC(21)   Other: 0.07ms
[2024-04-12T22:11:37.848+0800][6230.279s] GC(21) Eden regions: 274->0(268)
[2024-04-12T22:11:37.848+0800][6230.279s] GC(21) Survivor regions: 33->37(39)
[2024-04-12T22:11:37.848+0800][6230.279s] GC(21) Old regions: 115->126
[2024-04-12T22:11:37.848+0800][6230.279s] GC(21) Humongous regions: 17->17
[2024-04-12T22:11:37.848+0800][6230.279s] GC(21) Metaspace: 79013K(79936K)->79013K(79936K) NonClass: 69560K(70080K)->69560K(70080K) Class: 9453K(9856K)->9453K(9856K)
[2024-04-12T22:11:37.848+0800][6230.279s] GC(21) Pause Young (Normal) (G1 Evacuation Pause) 438M->179M(512M) 13.995ms
[2024-04-12T22:11:37.848+0800][6230.279s] GC(21) User=0.02s Sys=0.00s Real=0.01s
[2024-04-12T22:11:38.920+0800][6231.350s] GC(22) Pause Young (Normal) (G1 Evacuation Pause)
[2024-04-12T22:11:38.920+0800][6231.350s] GC(22) Using 10 workers of 10 for evacuation
[2024-04-12T22:11:38.934+0800][6231.365s] GC(22)   Pre Evacuate Collection Set: 0.09ms
[2024-04-12T22:11:38.934+0800][6231.365s] GC(22)   Merge Heap Roots: 0.09ms
[2024-04-12T22:11:38.934+0800][6231.365s] GC(22)   Evacuate Collection Set: 14.08ms
[2024-04-12T22:11:38.934+0800][6231.365s] GC(22)   Post Evacuate Collection Set: 0.43ms
[2024-04-12T22:11:38.934+0800][6231.365s] GC(22)   Other: 0.07ms
[2024-04-12T22:11:38.934+0800][6231.365s] GC(22) Eden regions: 268->0(272)
[2024-04-12T22:11:38.934+0800][6231.365s] GC(22) Survivor regions: 37->15(39)
[2024-04-12T22:11:38.934+0800][6231.365s] GC(22) Old regions: 126->152
[2024-04-12T22:11:38.934+0800][6231.365s] GC(22) Humongous regions: 20->20
[2024-04-12T22:11:38.934+0800][6231.365s] GC(22) Metaspace: 79056K(79936K)->79056K(79936K) NonClass: 69603K(70080K)->69603K(70080K) Class: 9453K(9856K)->9453K(9856K)
[2024-04-12T22:11:38.934+0800][6231.365s] GC(22) Pause Young (Normal) (G1 Evacuation Pause) 450M->186M(512M) 14.930ms
[2024-04-12T22:11:38.934+0800][6231.365s] GC(22) User=0.03s Sys=0.00s Real=0.01s
[2024-04-12T22:24:15.807+0800][6988.239s] GC(23) Pause Young (Normal) (G1 Evacuation Pause)
[2024-04-12T22:24:15.808+0800][6988.239s] GC(23) Using 10 workers of 10 for evacuation
[2024-04-12T22:24:15.810+0800][6988.241s] GC(23)   Pre Evacuate Collection Set: 0.14ms
[2024-04-12T22:24:15.810+0800][6988.241s] GC(23)   Merge Heap Roots: 0.10ms
[2024-04-12T22:24:15.810+0800][6988.241s] GC(23)   Evacuate Collection Set: 1.95ms
[2024-04-12T22:24:15.810+0800][6988.241s] GC(23)   Post Evacuate Collection Set: 0.31ms
[2024-04-12T22:24:15.810+0800][6988.241s] GC(23)   Other: 0.08ms
[2024-04-12T22:24:15.810+0800][6988.241s] GC(23) Eden regions: 272->0(282)
[2024-04-12T22:24:15.810+0800][6988.241s] GC(23) Survivor regions: 15->14(36)
[2024-04-12T22:24:15.810+0800][6988.241s] GC(23) Old regions: 152->152
[2024-04-12T22:24:15.810+0800][6988.241s] GC(23) Humongous regions: 20->20
[2024-04-12T22:24:15.810+0800][6988.241s] GC(23) Metaspace: 79871K(80768K)->79871K(80768K) NonClass: 70335K(70784K)->70335K(70784K) Class: 9535K(9984K)->9535K(9984K)
[2024-04-12T22:24:15.810+0800][6988.241s] GC(23) Pause Young (Normal) (G1 Evacuation Pause) 458M->185M(512M) 2.820ms
[2024-04-12T22:24:15.810+0800][6988.241s] GC(23) User=0.00s Sys=0.00s Real=0.00s
[2024-04-12T22:42:06.486+0800][8058.917s] GC(24) Pause Young (Normal) (G1 Evacuation Pause)
[2024-04-12T22:42:06.486+0800][8058.917s] GC(24) Using 10 workers of 10 for evacuation
[2024-04-12T22:42:06.491+0800][8058.922s] GC(24)   Pre Evacuate Collection Set: 0.14ms
[2024-04-12T22:42:06.491+0800][8058.922s] GC(24)   Merge Heap Roots: 0.08ms
[2024-04-12T22:42:06.491+0800][8058.922s] GC(24)   Evacuate Collection Set: 4.25ms
[2024-04-12T22:42:06.491+0800][8058.922s] GC(24)   Post Evacuate Collection Set: 0.33ms
[2024-04-12T22:42:06.491+0800][8058.922s] GC(24)   Other: 0.07ms
[2024-04-12T22:42:06.491+0800][8058.922s] GC(24) Eden regions: 282->0(255)
[2024-04-12T22:42:06.491+0800][8058.922s] GC(24) Survivor regions: 14->29(37)
[2024-04-12T22:42:06.491+0800][8058.922s] GC(24) Old regions: 152->152
[2024-04-12T22:42:06.491+0800][8058.922s] GC(24) Humongous regions: 20->20
[2024-04-12T22:42:06.491+0800][8058.922s] GC(24) Metaspace: 80045K(81024K)->80045K(81024K) NonClass: 70508K(71040K)->70508K(71040K) Class: 9536K(9984K)->9536K(9984K)
[2024-04-12T22:42:06.491+0800][8058.922s] GC(24) Pause Young (Normal) (G1 Evacuation Pause) 467M->200M(512M) 5.040ms
[2024-04-12T22:42:06.491+0800][8058.922s] GC(24) User=0.02s Sys=0.00s Real=0.00s
[2024-04-12T22:42:07.191+0800][8059.623s] GC(25) Pause Young (Normal) (G1 Evacuation Pause)
[2024-04-12T22:42:07.191+0800][8059.623s] GC(25) Using 10 workers of 10 for evacuation
[2024-04-12T22:42:07.199+0800][8059.631s] GC(25)   Pre Evacuate Collection Set: 0.10ms
[2024-04-12T22:42:07.199+0800][8059.631s] GC(25)   Merge Heap Roots: 0.08ms
[2024-04-12T22:42:07.199+0800][8059.631s] GC(25)   Evacuate Collection Set: 7.20ms
[2024-04-12T22:42:07.199+0800][8059.631s] GC(25)   Post Evacuate Collection Set: 0.30ms
[2024-04-12T22:42:07.199+0800][8059.631s] GC(25)   Other: 0.07ms
[2024-04-12T22:42:07.199+0800][8059.631s] GC(25) Eden regions: 255->0(234)
[2024-04-12T22:42:07.199+0800][8059.631s] GC(25) Survivor regions: 29->33(36)
[2024-04-12T22:42:07.199+0800][8059.631s] GC(25) Old regions: 152->164
[2024-04-12T22:42:07.199+0800][8059.631s] GC(25) Humongous regions: 21->21
[2024-04-12T22:42:07.199+0800][8059.631s] GC(25) Metaspace: 80053K(81024K)->80053K(81024K) NonClass: 70516K(71040K)->70516K(71040K) Class: 9536K(9984K)->9536K(9984K)
[2024-04-12T22:42:07.199+0800][8059.631s] GC(25) Pause Young (Normal) (G1 Evacuation Pause) 456M->217M(512M) 7.937ms
[2024-04-12T22:42:07.199+0800][8059.631s] GC(25) User=0.00s Sys=0.00s Real=0.01s
[2024-04-12T22:42:08.049+0800][8060.479s] GC(26) Pause Young (Normal) (G1 Evacuation Pause)
[2024-04-12T22:42:08.049+0800][8060.479s] GC(26) Using 10 workers of 10 for evacuation
[2024-04-12T22:42:08.056+0800][8060.486s] GC(26)   Pre Evacuate Collection Set: 0.09ms
[2024-04-12T22:42:08.056+0800][8060.486s] GC(26)   Merge Heap Roots: 0.06ms
[2024-04-12T22:42:08.056+0800][8060.486s] GC(26)   Evacuate Collection Set: 6.05ms
[2024-04-12T22:42:08.056+0800][8060.486s] GC(26)   Post Evacuate Collection Set: 0.30ms
[2024-04-12T22:42:08.056+0800][8060.486s] GC(26)   Other: 0.06ms
[2024-04-12T22:42:08.056+0800][8060.486s] GC(26) Eden regions: 234->0(227)
[2024-04-12T22:42:08.056+0800][8060.486s] GC(26) Survivor regions: 33->21(34)
[2024-04-12T22:42:08.056+0800][8060.486s] GC(26) Old regions: 164->189
[2024-04-12T22:42:08.056+0800][8060.486s] GC(26) Humongous regions: 25->25
[2024-04-12T22:42:08.056+0800][8060.486s] GC(26) Metaspace: 80073K(81024K)->80073K(81024K) NonClass: 70536K(71040K)->70536K(71040K) Class: 9536K(9984K)->9536K(9984K)
[2024-04-12T22:42:08.056+0800][8060.486s] GC(26) Pause Young (Normal) (G1 Evacuation Pause) 455M->234M(512M) 6.743ms
[2024-04-12T22:42:08.056+0800][8060.486s] GC(26) User=0.02s Sys=0.00s Real=0.01s
[2024-04-12T22:42:08.938+0800][8061.369s] GC(27) Pause Young (Normal) (G1 Evacuation Pause)
[2024-04-12T22:42:08.938+0800][8061.369s] GC(27) Using 10 workers of 10 for evacuation
[2024-04-12T22:42:08.943+0800][8061.374s] GC(27)   Pre Evacuate Collection Set: 0.10ms
[2024-04-12T22:42:08.943+0800][8061.374s] GC(27)   Merge Heap Roots: 0.13ms
[2024-04-12T22:42:08.943+0800][8061.374s] GC(27)   Evacuate Collection Set: 4.25ms
[2024-04-12T22:42:08.943+0800][8061.374s] GC(27)   Post Evacuate Collection Set: 0.29ms
[2024-04-12T22:42:08.943+0800][8061.374s] GC(27)   Other: 0.06ms
[2024-04-12T22:42:08.943+0800][8061.374s] GC(27) Eden regions: 227->0(216)
[2024-04-12T22:42:08.943+0800][8061.374s] GC(27) Survivor regions: 21->17(31)
[2024-04-12T22:42:08.943+0800][8061.374s] GC(27) Old regions: 189->202
[2024-04-12T22:42:08.943+0800][8061.374s] GC(27) Humongous regions: 28->28
[2024-04-12T22:42:08.943+0800][8061.374s] GC(27) Metaspace: 80124K(81088K)->80124K(81088K) NonClass: 70587K(71104K)->70587K(71104K) Class: 9536K(9984K)->9536K(9984K)
[2024-04-12T22:42:08.943+0800][8061.374s] GC(27) Pause Young (Normal) (G1 Evacuation Pause) 464M->246M(512M) 5.014ms
[2024-04-12T22:42:08.943+0800][8061.374s] GC(27) User=0.02s Sys=0.00s Real=0.01s
[2024-04-12T22:42:09.284+0800][8061.716s] GC(28) Pause Young (Normal) (G1 Evacuation Pause)
[2024-04-12T22:42:09.284+0800][8061.716s] GC(28) Using 10 workers of 10 for evacuation
[2024-04-12T22:42:09.287+0800][8061.718s] GC(28)   Pre Evacuate Collection Set: 0.09ms
[2024-04-12T22:42:09.287+0800][8061.719s] GC(28)   Merge Heap Roots: 0.08ms
[2024-04-12T22:42:09.287+0800][8061.719s] GC(28)   Evacuate Collection Set: 2.16ms
[2024-04-12T22:42:09.287+0800][8061.719s] GC(28)   Post Evacuate Collection Set: 0.27ms
[2024-04-12T22:42:09.287+0800][8061.719s] GC(28)   Other: 0.07ms
[2024-04-12T22:42:09.287+0800][8061.719s] GC(28) Eden regions: 216->0(221)
[2024-04-12T22:42:09.287+0800][8061.719s] GC(28) Survivor regions: 17->17(30)
[2024-04-12T22:42:09.287+0800][8061.719s] GC(28) Old regions: 202->202
[2024-04-12T22:42:09.287+0800][8061.719s] GC(28) Humongous regions: 28->28
[2024-04-12T22:42:09.287+0800][8061.719s] GC(28) Metaspace: 80124K(81088K)->80124K(81088K) NonClass: 70588K(71104K)->70588K(71104K) Class: 9536K(9984K)->9536K(9984K)
[2024-04-12T22:42:09.287+0800][8061.719s] GC(28) Pause Young (Normal) (G1 Evacuation Pause) 462M->245M(512M) 2.861ms
[2024-04-12T22:42:09.287+0800][8061.719s] GC(28) User=0.00s Sys=0.00s Real=0.00s
