[2024-04-11T21:37:06.979+0800][0.014s] CardTable entry size: 512
[2024-04-11T21:37:06.980+0800][0.014s] Using G1
[2024-04-11T21:37:07.667+0800][0.702s] Version: 22+36-2370 (release)
[2024-04-11T21:37:07.668+0800][0.702s] CPUs: 12 total, 12 available
[2024-04-11T21:37:07.668+0800][0.702s] Memory: 15786M
[2024-04-11T21:37:07.668+0800][0.702s] Large Page Support: Disabled
[2024-04-11T21:37:07.668+0800][0.702s] NUMA Support: Disabled
[2024-04-11T21:37:07.668+0800][0.702s] Compressed Oops: Enabled (32-bit)
[2024-04-11T21:37:07.668+0800][0.702s] Heap Region Size: 1M
[2024-04-11T21:37:07.668+0800][0.702s] Heap Min Capacity: 512M
[2024-04-11T21:37:07.668+0800][0.702s] Heap Initial Capacity: 512M
[2024-04-11T21:37:07.668+0800][0.702s] Heap Max Capacity: 512M
[2024-04-11T21:37:07.668+0800][0.703s] Pre-touch: Enabled
[2024-04-11T21:37:07.668+0800][0.703s] Parallel Workers: 10
[2024-04-11T21:37:07.668+0800][0.703s] Concurrent Workers: 3
[2024-04-11T21:37:07.668+0800][0.703s] Concurrent Refinement Workers: 10
[2024-04-11T21:37:07.668+0800][0.703s] Periodic GC: Disabled
[2024-04-11T21:37:07.704+0800][0.738s] CDS archive(s) mapped at: [0x000002e10f000000-0x000002e10fc60000-0x000002e10fc60000), size 12976128, SharedBaseAddress: 0x000002e10f000000, ArchiveRelocationMode: 1.
[2024-04-11T21:37:07.704+0800][0.738s] Compressed class space mapped at: 0x000002e110000000-0x000002e150000000, reserved size: 1073741824
[2024-04-11T21:37:07.704+0800][0.738s] Narrow klass base: 0x000002e10f000000, Narrow klass shift: 0, Narrow klass range: 0x41000000
[2024-04-11T21:37:08.577+0800][1.612s] GC(0) Pause Young (Normal) (G1 Evacuation Pause)
[2024-04-11T21:37:08.578+0800][1.613s] GC(0) Using 10 workers of 10 for evacuation
[2024-04-11T21:37:08.581+0800][1.616s] GC(0)   Pre Evacuate Collection Set: 0.11ms
[2024-04-11T21:37:08.581+0800][1.616s] GC(0)   Merge Heap Roots: 0.13ms
[2024-04-11T21:37:08.581+0800][1.616s] GC(0)   Evacuate Collection Set: 2.07ms
[2024-04-11T21:37:08.582+0800][1.616s] GC(0)   Post Evacuate Collection Set: 0.48ms
[2024-04-11T21:37:08.582+0800][1.616s] GC(0)   Other: 1.36ms
[2024-04-11T21:37:08.582+0800][1.616s] GC(0) Eden regions: 30->0(45)
[2024-04-11T21:37:08.582+0800][1.616s] GC(0) Survivor regions: 0->4(4)
[2024-04-11T21:37:08.582+0800][1.616s] GC(0) Old regions: 0->0
[2024-04-11T21:37:08.582+0800][1.616s] GC(0) Humongous regions: 0->0
[2024-04-11T21:37:08.582+0800][1.616s] GC(0) Metaspace: 6279K(6528K)->6279K(6528K) NonClass: 5557K(5696K)->5557K(5696K) Class: 722K(832K)->722K(832K)
[2024-04-11T21:37:08.582+0800][1.616s] GC(0) Pause Young (Normal) (G1 Evacuation Pause) 30M->3M(512M) 4.499ms
[2024-04-11T21:37:08.582+0800][1.616s] GC(0) User=0.00s Sys=0.00s Real=0.01s
[2024-04-11T21:37:15.557+0800][8.592s] GC(1) Pause Young (Normal) (G1 Evacuation Pause)
[2024-04-11T21:37:15.557+0800][8.592s] GC(1) Using 10 workers of 10 for evacuation
[2024-04-11T21:37:15.614+0800][8.649s] GC(1)   Pre Evacuate Collection Set: 0.90ms
[2024-04-11T21:37:15.614+0800][8.649s] GC(1)   Merge Heap Roots: 0.44ms
[2024-04-11T21:37:15.614+0800][8.649s] GC(1)   Evacuate Collection Set: 50.43ms
[2024-04-11T21:37:15.615+0800][8.649s] GC(1)   Post Evacuate Collection Set: 4.59ms
[2024-04-11T21:37:15.615+0800][8.650s] GC(1)   Other: 0.49ms
[2024-04-11T21:37:15.615+0800][8.650s] GC(1) Eden regions: 45->0(178)
[2024-04-11T21:37:15.615+0800][8.650s] GC(1) Survivor regions: 4->7(7)
[2024-04-11T21:37:15.615+0800][8.650s] GC(1) Old regions: 0->8
[2024-04-11T21:37:15.615+0800][8.650s] GC(1) Humongous regions: 4->4
[2024-04-11T21:37:15.615+0800][8.650s] GC(1) Metaspace: 17954K(18368K)->17954K(18368K) NonClass: 15866K(16064K)->15866K(16064K) Class: 2088K(2304K)->2088K(2304K)
[2024-04-11T21:37:15.615+0800][8.650s] GC(1) Pause Young (Normal) (G1 Evacuation Pause) 52M->18M(512M) 58.642ms
[2024-04-11T21:37:15.616+0800][8.650s] GC(1) User=0.23s Sys=0.02s Real=0.06s
[2024-04-11T21:37:21.174+0800][14.209s] GC(2) Pause Young (Normal) (G1 Evacuation Pause)
[2024-04-11T21:37:21.175+0800][14.209s] GC(2) Using 10 workers of 10 for evacuation
[2024-04-11T21:37:21.206+0800][14.240s] GC(2)   Pre Evacuate Collection Set: 1.14ms
[2024-04-11T21:37:21.206+0800][14.241s] GC(2)   Merge Heap Roots: 0.97ms
[2024-04-11T21:37:21.206+0800][14.241s] GC(2)   Evacuate Collection Set: 24.06ms
[2024-04-11T21:37:21.206+0800][14.241s] GC(2)   Post Evacuate Collection Set: 3.79ms
[2024-04-11T21:37:21.206+0800][14.241s] GC(2)   Other: 1.04ms
[2024-04-11T21:37:21.206+0800][14.241s] GC(2) Eden regions: 178->0(295)
[2024-04-11T21:37:21.206+0800][14.241s] GC(2) Survivor regions: 7->12(24)
[2024-04-11T21:37:21.207+0800][14.241s] GC(2) Old regions: 8->8
[2024-04-11T21:37:21.207+0800][14.241s] GC(2) Humongous regions: 4->4
[2024-04-11T21:37:21.207+0800][14.242s] GC(2) Metaspace: 19145K(19584K)->19145K(19584K) NonClass: 16916K(17152K)->16916K(17152K) Class: 2229K(2432K)->2229K(2432K)
[2024-04-11T21:37:21.207+0800][14.242s] GC(2) Pause Young (Normal) (G1 Evacuation Pause) 196M->23M(512M) 32.807ms
[2024-04-11T21:37:21.207+0800][14.242s] GC(2) User=0.14s Sys=0.00s Real=0.03s
[2024-04-11T21:37:25.786+0800][18.820s] GC(3) Pause Young (Concurrent Start) (Metadata GC Threshold)
[2024-04-11T21:37:25.786+0800][18.821s] GC(3) Using 10 workers of 10 for evacuation
[2024-04-11T21:37:25.839+0800][18.874s] GC(3)   Pre Evacuate Collection Set: 1.15ms
[2024-04-11T21:37:25.839+0800][18.874s] GC(3)   Merge Heap Roots: 0.83ms
[2024-04-11T21:37:25.840+0800][18.875s] GC(3)   Evacuate Collection Set: 44.72ms
[2024-04-11T21:37:25.840+0800][18.875s] GC(3)   Post Evacuate Collection Set: 5.05ms
[2024-04-11T21:37:25.840+0800][18.875s] GC(3)   Other: 0.97ms
[2024-04-11T21:37:25.841+0800][18.875s] GC(3) Eden regions: 76->0(294)
[2024-04-11T21:37:25.841+0800][18.875s] GC(3) Survivor regions: 12->13(39)
[2024-04-11T21:37:25.841+0800][18.876s] GC(3) Old regions: 8->8
[2024-04-11T21:37:25.841+0800][18.876s] GC(3) Humongous regions: 4->4
[2024-04-11T21:37:25.841+0800][18.876s] GC(3) Metaspace: 21037K(21504K)->21037K(21504K) NonClass: 18598K(18816K)->18598K(18816K) Class: 2438K(2688K)->2438K(2688K)
[2024-04-11T21:37:25.842+0800][18.876s] GC(3) Pause Young (Concurrent Start) (Metadata GC Threshold) 98M->24M(512M) 55.647ms
[2024-04-11T21:37:25.842+0800][18.877s] GC(3) User=0.20s Sys=0.00s Real=0.06s
[2024-04-11T21:37:25.842+0800][18.877s] GC(4) Concurrent Mark Cycle
[2024-04-11T21:37:25.843+0800][18.877s] GC(4) Concurrent Scan Root Regions
[2024-04-11T21:37:25.878+0800][18.913s] GC(4) Concurrent Scan Root Regions 35.355ms
[2024-04-11T21:37:25.878+0800][18.913s] GC(4) Concurrent Mark
[2024-04-11T21:37:25.879+0800][18.913s] GC(4) Concurrent Mark From Roots
[2024-04-11T21:37:25.879+0800][18.913s] GC(4) Using 3 workers of 3 for marking
[2024-04-11T21:37:25.932+0800][18.966s] GC(4) Concurrent Mark From Roots 52.710ms
[2024-04-11T21:37:25.932+0800][18.966s] GC(4) Concurrent Preclean
[2024-04-11T21:37:25.932+0800][18.967s] GC(4) Concurrent Preclean 0.242ms
[2024-04-11T21:37:25.933+0800][18.967s] GC(4) Pause Remark
[2024-04-11T21:37:25.952+0800][18.987s] GC(4) Pause Remark 25M->25M(512M) 19.584ms
[2024-04-11T21:37:25.953+0800][18.987s] GC(4) User=0.06s Sys=0.00s Real=0.02s
[2024-04-11T21:37:25.953+0800][18.987s] GC(4) Concurrent Mark 74.431ms
[2024-04-11T21:37:25.953+0800][18.988s] GC(4) Concurrent Rebuild Remembered Sets and Scrub Regions
[2024-04-11T21:37:25.979+0800][19.014s] GC(4) Concurrent Rebuild Remembered Sets and Scrub Regions 25.906ms
[2024-04-11T21:37:25.980+0800][19.014s] GC(4) Pause Cleanup
[2024-04-11T21:37:25.981+0800][19.015s] GC(4) Pause Cleanup 26M->26M(512M) 0.992ms
[2024-04-11T21:37:25.981+0800][19.016s] GC(4) User=0.00s Sys=0.00s Real=0.00s
[2024-04-11T21:37:25.982+0800][19.016s] GC(4) Concurrent Clear Claimed Marks
[2024-04-11T21:37:25.982+0800][19.016s] GC(4) Concurrent Clear Claimed Marks 0.387ms
[2024-04-11T21:37:25.982+0800][19.016s] GC(4) Concurrent Cleanup for Next Mark
[2024-04-11T21:37:25.983+0800][19.018s] GC(4) Concurrent Cleanup for Next Mark 1.499ms
[2024-04-11T21:37:25.983+0800][19.018s] GC(4) Concurrent Mark Cycle 141.854ms
[2024-04-11T21:37:29.840+0800][22.874s] GC(5) Pause Young (Prepare Mixed) (Metadata GC Threshold)
[2024-04-11T21:37:29.840+0800][22.875s] GC(5) Using 10 workers of 10 for evacuation
[2024-04-11T21:37:29.848+0800][22.882s] GC(5)   Pre Evacuate Collection Set: 0.18ms
[2024-04-11T21:37:29.848+0800][22.882s] GC(5)   Merge Heap Roots: 0.10ms
[2024-04-11T21:37:29.848+0800][22.882s] GC(5)   Evacuate Collection Set: 6.31ms
[2024-04-11T21:37:29.848+0800][22.882s] GC(5)   Post Evacuate Collection Set: 0.99ms
[2024-04-11T21:37:29.848+0800][22.882s] GC(5)   Other: 0.09ms
[2024-04-11T21:37:29.848+0800][22.882s] GC(5) Eden regions: 132->0(288)
[2024-04-11T21:37:29.848+0800][22.882s] GC(5) Survivor regions: 13->19(39)
[2024-04-11T21:37:29.848+0800][22.882s] GC(5) Old regions: 8->8
[2024-04-11T21:37:29.848+0800][22.882s] GC(5) Humongous regions: 5->4
[2024-04-11T21:37:29.848+0800][22.882s] GC(5) Metaspace: 35530K(35968K)->35530K(35968K) NonClass: 31291K(31488K)->31291K(31488K) Class: 4239K(4480K)->4239K(4480K)
[2024-04-11T21:37:29.848+0800][22.882s] GC(5) Pause Young (Prepare Mixed) (Metadata GC Threshold) 156M->30M(512M) 8.025ms
[2024-04-11T21:37:29.848+0800][22.882s] GC(5) User=0.00s Sys=0.00s Real=0.01s
[2024-04-11T21:37:29.933+0800][22.968s] GC(6) Pause Young (Mixed) (Metadata GC Threshold)
[2024-04-11T21:37:29.933+0800][22.968s] GC(6) Using 10 workers of 10 for evacuation
[2024-04-11T21:37:29.941+0800][22.975s] GC(6)   Pre Evacuate Collection Set: 0.16ms
[2024-04-11T21:37:29.941+0800][22.976s] GC(6)   Merge Heap Roots: 0.07ms
[2024-04-11T21:37:29.941+0800][22.976s] GC(6)   Evacuate Collection Set: 6.03ms
[2024-04-11T21:37:29.941+0800][22.976s] GC(6)   Post Evacuate Collection Set: 0.91ms
[2024-04-11T21:37:29.941+0800][22.976s] GC(6)   Other: 0.09ms
[2024-04-11T21:37:29.941+0800][22.976s] GC(6) Eden regions: 6->0(287)
[2024-04-11T21:37:29.941+0800][22.976s] GC(6) Survivor regions: 19->20(39)
[2024-04-11T21:37:29.941+0800][22.976s] GC(6) Old regions: 8->7
[2024-04-11T21:37:29.941+0800][22.976s] GC(6) Humongous regions: 4->4
[2024-04-11T21:37:29.941+0800][22.976s] GC(6) Metaspace: 35846K(36288K)->35846K(36288K) NonClass: 31570K(31808K)->31570K(31808K) Class: 4275K(4480K)->4275K(4480K)
[2024-04-11T21:37:29.941+0800][22.976s] GC(6) Pause Young (Mixed) (Metadata GC Threshold) 35M->31M(512M) 7.569ms
[2024-04-11T21:37:29.941+0800][22.976s] GC(6) User=0.00s Sys=0.00s Real=0.01s
[2024-04-11T21:37:30.286+0800][23.320s] GC(7) Pause Young (Concurrent Start) (Metadata GC Threshold)
[2024-04-11T21:37:30.286+0800][23.320s] GC(7) Using 10 workers of 10 for evacuation
[2024-04-11T21:37:30.292+0800][23.327s] GC(7)   Pre Evacuate Collection Set: 0.17ms
[2024-04-11T21:37:30.292+0800][23.327s] GC(7)   Merge Heap Roots: 0.09ms
[2024-04-11T21:37:30.292+0800][23.327s] GC(7)   Evacuate Collection Set: 5.64ms
[2024-04-11T21:37:30.292+0800][23.327s] GC(7)   Post Evacuate Collection Set: 0.88ms
[2024-04-11T21:37:30.292+0800][23.327s] GC(7)   Other: 0.13ms
[2024-04-11T21:37:30.292+0800][23.327s] GC(7) Eden regions: 217->0(286)
[2024-04-11T21:37:30.292+0800][23.327s] GC(7) Survivor regions: 20->21(39)
[2024-04-11T21:37:30.292+0800][23.327s] GC(7) Old regions: 7->7
[2024-04-11T21:37:30.292+0800][23.327s] GC(7) Humongous regions: 4->4
[2024-04-11T21:37:30.292+0800][23.327s] GC(7) Metaspace: 36137K(36608K)->36137K(36608K) NonClass: 31821K(32064K)->31821K(32064K) Class: 4316K(4544K)->4316K(4544K)
[2024-04-11T21:37:30.292+0800][23.327s] GC(7) Pause Young (Concurrent Start) (Metadata GC Threshold) 247M->31M(512M) 7.132ms
[2024-04-11T21:37:30.292+0800][23.327s] GC(8) Concurrent Mark Cycle
[2024-04-11T21:37:30.292+0800][23.327s] GC(7) User=0.00s Sys=0.00s Real=0.01s
[2024-04-11T21:37:30.292+0800][23.327s] GC(8) Concurrent Scan Root Regions
[2024-04-11T21:37:30.295+0800][23.330s] GC(8) Concurrent Scan Root Regions 2.590ms
[2024-04-11T21:37:30.295+0800][23.330s] GC(8) Concurrent Mark
[2024-04-11T21:37:30.295+0800][23.330s] GC(8) Concurrent Mark From Roots
[2024-04-11T21:37:30.295+0800][23.330s] GC(8) Using 3 workers of 3 for marking
[2024-04-11T21:37:30.300+0800][23.335s] GC(8) Concurrent Mark From Roots 4.627ms
[2024-04-11T21:37:30.300+0800][23.335s] GC(8) Concurrent Preclean
[2024-04-11T21:37:30.300+0800][23.335s] GC(8) Concurrent Preclean 0.040ms
[2024-04-11T21:37:30.300+0800][23.335s] GC(8) Pause Remark
[2024-04-11T21:37:30.303+0800][23.338s] GC(8) Pause Remark 33M->33M(512M) 3.441ms
[2024-04-11T21:37:30.304+0800][23.338s] GC(8) User=0.00s Sys=0.00s Real=0.00s
[2024-04-11T21:37:30.304+0800][23.338s] GC(8) Concurrent Mark 8.553ms
[2024-04-11T21:37:30.304+0800][23.338s] GC(8) Concurrent Rebuild Remembered Sets and Scrub Regions
[2024-04-11T21:37:30.307+0800][23.341s] GC(8) Concurrent Rebuild Remembered Sets and Scrub Regions 3.012ms
[2024-04-11T21:37:30.307+0800][23.342s] GC(8) Pause Cleanup
[2024-04-11T21:37:30.307+0800][23.342s] GC(8) Pause Cleanup 34M->34M(512M) 0.148ms
[2024-04-11T21:37:30.307+0800][23.342s] GC(8) User=0.00s Sys=0.00s Real=0.00s
[2024-04-11T21:37:30.307+0800][23.342s] GC(8) Concurrent Clear Claimed Marks
[2024-04-11T21:37:30.307+0800][23.342s] GC(8) Concurrent Clear Claimed Marks 0.054ms
[2024-04-11T21:37:30.307+0800][23.342s] GC(8) Concurrent Cleanup for Next Mark
[2024-04-11T21:37:30.308+0800][23.342s] GC(8) Concurrent Cleanup for Next Mark 0.571ms
[2024-04-11T21:37:30.308+0800][23.343s] GC(8) Concurrent Mark Cycle 15.384ms
[2024-04-11T21:37:32.124+0800][25.159s] GC(9) Pause Young (Prepare Mixed) (G1 Evacuation Pause)
[2024-04-11T21:37:32.125+0800][25.159s] GC(9) Using 10 workers of 10 for evacuation
[2024-04-11T21:37:32.137+0800][25.172s] GC(9)   Pre Evacuate Collection Set: 0.16ms
[2024-04-11T21:37:32.137+0800][25.172s] GC(9)   Merge Heap Roots: 0.11ms
[2024-04-11T21:37:32.137+0800][25.172s] GC(9)   Evacuate Collection Set: 10.24ms
[2024-04-11T21:37:32.137+0800][25.172s] GC(9)   Post Evacuate Collection Set: 1.55ms
[2024-04-11T21:37:32.137+0800][25.172s] GC(9)   Other: 0.13ms
[2024-04-11T21:37:32.137+0800][25.172s] GC(9) Eden regions: 286->0(271)
[2024-04-11T21:37:32.137+0800][25.172s] GC(9) Survivor regions: 21->36(39)
[2024-04-11T21:37:32.137+0800][25.172s] GC(9) Old regions: 7->7
[2024-04-11T21:37:32.137+0800][25.172s] GC(9) Humongous regions: 5->4
[2024-04-11T21:37:32.137+0800][25.172s] GC(9) Metaspace: 54389K(55040K)->54389K(55040K) NonClass: 47518K(47872K)->47518K(47872K) Class: 6871K(7168K)->6871K(7168K)
[2024-04-11T21:37:32.137+0800][25.172s] GC(9) Pause Young (Prepare Mixed) (G1 Evacuation Pause) 318M->46M(512M) 12.473ms
[2024-04-11T21:37:32.137+0800][25.172s] GC(9) User=0.00s Sys=0.00s Real=0.01s
[2024-04-11T21:40:16.606+0800][189.641s] GC(10) Pause Young (Mixed) (G1 Evacuation Pause)
[2024-04-11T21:40:16.606+0800][189.641s] GC(10) Using 10 workers of 10 for evacuation
[2024-04-11T21:40:16.621+0800][189.656s] GC(10)   Pre Evacuate Collection Set: 0.15ms
[2024-04-11T21:40:16.621+0800][189.656s] GC(10)   Merge Heap Roots: 0.10ms
[2024-04-11T21:40:16.621+0800][189.656s] GC(10)   Evacuate Collection Set: 13.11ms
[2024-04-11T21:40:16.621+0800][189.656s] GC(10)   Post Evacuate Collection Set: 1.35ms
[2024-04-11T21:40:16.621+0800][189.656s] GC(10)   Other: 0.09ms
[2024-04-11T21:40:16.621+0800][189.656s] GC(10) Eden regions: 271->0(273)
[2024-04-11T21:40:16.621+0800][189.656s] GC(10) Survivor regions: 36->34(39)
[2024-04-11T21:40:16.621+0800][189.656s] GC(10) Old regions: 7->26
[2024-04-11T21:40:16.621+0800][189.656s] GC(10) Humongous regions: 4->4
[2024-04-11T21:40:16.621+0800][189.656s] GC(10) Metaspace: 58270K(58944K)->58270K(58944K) NonClass: 51013K(51392K)->51013K(51392K) Class: 7256K(7552K)->7256K(7552K)
[2024-04-11T21:40:16.621+0800][189.656s] GC(10) Pause Young (Mixed) (G1 Evacuation Pause) 317M->63M(512M) 15.052ms
[2024-04-11T21:40:16.621+0800][189.656s] GC(10) User=0.00s Sys=0.00s Real=0.02s
[2024-04-11T21:40:18.055+0800][191.089s] GC(11) Pause Young (Normal) (G1 Evacuation Pause)
[2024-04-11T21:40:18.055+0800][191.089s] GC(11) Using 10 workers of 10 for evacuation
[2024-04-11T21:40:18.067+0800][191.101s] GC(11)   Pre Evacuate Collection Set: 0.24ms
[2024-04-11T21:40:18.067+0800][191.101s] GC(11)   Merge Heap Roots: 0.14ms
[2024-04-11T21:40:18.067+0800][191.101s] GC(11)   Evacuate Collection Set: 10.51ms
[2024-04-11T21:40:18.067+0800][191.101s] GC(11)   Post Evacuate Collection Set: 0.72ms
[2024-04-11T21:40:18.067+0800][191.101s] GC(11)   Other: 0.14ms
[2024-04-11T21:40:18.067+0800][191.101s] GC(11) Eden regions: 273->0(272)
[2024-04-11T21:40:18.067+0800][191.101s] GC(11) Survivor regions: 34->35(39)
[2024-04-11T21:40:18.067+0800][191.101s] GC(11) Old regions: 26->42
[2024-04-11T21:40:18.067+0800][191.101s] GC(11) Humongous regions: 5->5
[2024-04-11T21:40:18.067+0800][191.101s] GC(11) Metaspace: 58294K(58944K)->58294K(58944K) NonClass: 51037K(51392K)->51037K(51392K) Class: 7256K(7552K)->7256K(7552K)
[2024-04-11T21:40:18.067+0800][191.101s] GC(11) Pause Young (Normal) (G1 Evacuation Pause) 337M->81M(512M) 12.131ms
[2024-04-11T21:40:18.067+0800][191.102s] GC(11) User=0.02s Sys=0.00s Real=0.01s
[2024-04-11T21:40:20.087+0800][193.122s] GC(12) Pause Young (Normal) (G1 Evacuation Pause)
[2024-04-11T21:40:20.088+0800][193.122s] GC(12) Using 10 workers of 10 for evacuation
[2024-04-11T21:40:20.096+0800][193.130s] GC(12)   Pre Evacuate Collection Set: 0.17ms
[2024-04-11T21:40:20.096+0800][193.131s] GC(12)   Merge Heap Roots: 0.11ms
[2024-04-11T21:40:20.096+0800][193.131s] GC(12)   Evacuate Collection Set: 7.09ms
[2024-04-11T21:40:20.096+0800][193.131s] GC(12)   Post Evacuate Collection Set: 0.76ms
[2024-04-11T21:40:20.096+0800][193.131s] GC(12)   Other: 0.09ms
[2024-04-11T21:40:20.096+0800][193.131s] GC(12) Eden regions: 272->0(288)
[2024-04-11T21:40:20.096+0800][193.131s] GC(12) Survivor regions: 35->19(39)
[2024-04-11T21:40:20.096+0800][193.131s] GC(12) Old regions: 42->67
[2024-04-11T21:40:20.096+0800][193.131s] GC(12) Humongous regions: 9->9
[2024-04-11T21:40:20.096+0800][193.131s] GC(12) Metaspace: 59025K(59712K)->59025K(59712K) NonClass: 51716K(52096K)->51716K(52096K) Class: 7309K(7616K)->7309K(7616K)
[2024-04-11T21:40:20.096+0800][193.131s] GC(12) Pause Young (Normal) (G1 Evacuation Pause) 357M->94M(512M) 8.542ms
[2024-04-11T21:40:20.096+0800][193.131s] GC(12) User=0.00s Sys=0.00s Real=0.01s
