[2024-04-13T15:15:34.935+0800][0.014s] CardTable entry size: 512
[2024-04-13T15:15:34.935+0800][0.014s] Using G1
[2024-04-13T15:15:35.492+0800][0.572s] Version: 22+36-2370 (release)
[2024-04-13T15:15:35.492+0800][0.572s] CPUs: 12 total, 12 available
[2024-04-13T15:15:35.492+0800][0.572s] Memory: 16291M
[2024-04-13T15:15:35.492+0800][0.572s] Large Page Support: Disabled
[2024-04-13T15:15:35.492+0800][0.572s] NUMA Support: Disabled
[2024-04-13T15:15:35.492+0800][0.572s] Compressed Oops: Enabled (32-bit)
[2024-04-13T15:15:35.492+0800][0.572s] Heap Region Size: 1M
[2024-04-13T15:15:35.492+0800][0.572s] Heap Min Capacity: 512M
[2024-04-13T15:15:35.492+0800][0.572s] Heap Initial Capacity: 512M
[2024-04-13T15:15:35.492+0800][0.572s] Heap Max Capacity: 512M
[2024-04-13T15:15:35.492+0800][0.572s] Pre-touch: Enabled
[2024-04-13T15:15:35.492+0800][0.572s] Parallel Workers: 10
[2024-04-13T15:15:35.492+0800][0.572s] Concurrent Workers: 3
[2024-04-13T15:15:35.492+0800][0.572s] Concurrent Refinement Workers: 10
[2024-04-13T15:15:35.492+0800][0.572s] Periodic GC: Disabled
[2024-04-13T15:15:35.500+0800][0.579s] CDS archive(s) mapped at: [0x000001fc00000000-0x000001fc00c60000-0x000001fc00c60000), size 12976128, SharedBaseAddress: 0x000001fc00000000, ArchiveRelocationMode: 1.
[2024-04-13T15:15:35.500+0800][0.579s] Compressed class space mapped at: 0x000001fc01000000-0x000001fc41000000, reserved size: 1073741824
[2024-04-13T15:15:35.500+0800][0.579s] Narrow klass base: 0x000001fc00000000, Narrow klass shift: 0, Narrow klass range: 0x41000000
[2024-04-13T15:15:36.047+0800][1.126s] GC(0) Pause Young (Normal) (G1 Evacuation Pause)
[2024-04-13T15:15:36.047+0800][1.126s] GC(0) Using 10 workers of 10 for evacuation
[2024-04-13T15:15:36.049+0800][1.128s] GC(0)   Pre Evacuate Collection Set: 0.08ms
[2024-04-13T15:15:36.049+0800][1.128s] GC(0)   Merge Heap Roots: 0.04ms
[2024-04-13T15:15:36.049+0800][1.128s] GC(0)   Evacuate Collection Set: 1.39ms
[2024-04-13T15:15:36.049+0800][1.128s] GC(0)   Post Evacuate Collection Set: 0.26ms
[2024-04-13T15:15:36.049+0800][1.128s] GC(0)   Other: 0.36ms
[2024-04-13T15:15:36.049+0800][1.128s] GC(0) Eden regions: 30->0(45)
[2024-04-13T15:15:36.049+0800][1.128s] GC(0) Survivor regions: 0->4(4)
[2024-04-13T15:15:36.049+0800][1.128s] GC(0) Old regions: 0->0
[2024-04-13T15:15:36.049+0800][1.128s] GC(0) Humongous regions: 0->0
[2024-04-13T15:15:36.049+0800][1.128s] GC(0) Metaspace: 6601K(6784K)->6601K(6784K) NonClass: 5832K(5952K)->5832K(5952K) Class: 768K(832K)->768K(832K)
[2024-04-13T15:15:36.049+0800][1.128s] GC(0) Pause Young (Normal) (G1 Evacuation Pause) 30M->3M(512M) 2.348ms
[2024-04-13T15:15:36.049+0800][1.128s] GC(0) User=0.00s Sys=0.00s Real=0.00s
[2024-04-13T15:15:41.598+0800][6.678s] GC(1) Pause Young (Normal) (G1 Evacuation Pause)
[2024-04-13T15:15:41.599+0800][6.679s] GC(1) Using 10 workers of 10 for evacuation
[2024-04-13T15:15:41.604+0800][6.683s] GC(1)   Pre Evacuate Collection Set: 0.07ms
[2024-04-13T15:15:41.604+0800][6.683s] GC(1)   Merge Heap Roots: 0.05ms
[2024-04-13T15:15:41.604+0800][6.683s] GC(1)   Evacuate Collection Set: 4.25ms
[2024-04-13T15:15:41.604+0800][6.683s] GC(1)   Post Evacuate Collection Set: 0.32ms
[2024-04-13T15:15:41.604+0800][6.683s] GC(1)   Other: 0.05ms
[2024-04-13T15:15:41.604+0800][6.683s] GC(1) Eden regions: 45->0(144)
[2024-04-13T15:15:41.604+0800][6.683s] GC(1) Survivor regions: 4->7(7)
[2024-04-13T15:15:41.604+0800][6.683s] GC(1) Old regions: 0->8
[2024-04-13T15:15:41.604+0800][6.683s] GC(1) Humongous regions: 4->4
[2024-04-13T15:15:41.604+0800][6.683s] GC(1) Metaspace: 17988K(18432K)->17988K(18432K) NonClass: 15891K(16128K)->15891K(16128K) Class: 2096K(2304K)->2096K(2304K)
[2024-04-13T15:15:41.604+0800][6.683s] GC(1) Pause Young (Normal) (G1 Evacuation Pause) 52M->18M(512M) 4.911ms
[2024-04-13T15:15:41.604+0800][6.683s] GC(1) User=0.00s Sys=0.00s Real=0.01s
[2024-04-13T15:15:41.930+0800][7.010s] GC(2) Pause Young (Normal) (G1 Evacuation Pause)
[2024-04-13T15:15:41.930+0800][7.010s] GC(2) Using 10 workers of 10 for evacuation
[2024-04-13T15:15:41.933+0800][7.013s] GC(2)   Pre Evacuate Collection Set: 0.08ms
[2024-04-13T15:15:41.933+0800][7.013s] GC(2)   Merge Heap Roots: 0.06ms
[2024-04-13T15:15:41.933+0800][7.013s] GC(2)   Evacuate Collection Set: 2.42ms
[2024-04-13T15:15:41.933+0800][7.013s] GC(2)   Post Evacuate Collection Set: 0.30ms
[2024-04-13T15:15:41.933+0800][7.013s] GC(2)   Other: 0.11ms
[2024-04-13T15:15:41.933+0800][7.013s] GC(2) Eden regions: 144->0(295)
[2024-04-13T15:15:41.933+0800][7.013s] GC(2) Survivor regions: 7->12(19)
[2024-04-13T15:15:41.933+0800][7.013s] GC(2) Old regions: 8->8
[2024-04-13T15:15:41.933+0800][7.013s] GC(2) Humongous regions: 4->4
[2024-04-13T15:15:41.933+0800][7.013s] GC(2) Metaspace: 19102K(19520K)->19102K(19520K) NonClass: 16874K(17088K)->16874K(17088K) Class: 2227K(2432K)->2227K(2432K)
[2024-04-13T15:15:41.933+0800][7.013s] GC(2) Pause Young (Normal) (G1 Evacuation Pause) 162M->23M(512M) 3.155ms
[2024-04-13T15:15:41.933+0800][7.013s] GC(2) User=0.02s Sys=0.00s Real=0.00s
[2024-04-13T15:15:42.197+0800][7.277s] GC(3) Pause Young (Concurrent Start) (Metadata GC Threshold)
[2024-04-13T15:15:42.197+0800][7.277s] GC(3) Using 10 workers of 10 for evacuation
[2024-04-13T15:15:42.200+0800][7.280s] GC(3)   Pre Evacuate Collection Set: 0.13ms
[2024-04-13T15:15:42.200+0800][7.280s] GC(3)   Merge Heap Roots: 0.05ms
[2024-04-13T15:15:42.200+0800][7.280s] GC(3)   Evacuate Collection Set: 2.81ms
[2024-04-13T15:15:42.200+0800][7.280s] GC(3)   Post Evacuate Collection Set: 0.31ms
[2024-04-13T15:15:42.200+0800][7.280s] GC(3)   Other: 0.08ms
[2024-04-13T15:15:42.200+0800][7.280s] GC(3) Eden regions: 96->0(294)
[2024-04-13T15:15:42.200+0800][7.280s] GC(3) Survivor regions: 12->13(39)
[2024-04-13T15:15:42.200+0800][7.280s] GC(3) Old regions: 8->8
[2024-04-13T15:15:42.200+0800][7.280s] GC(3) Humongous regions: 4->4
[2024-04-13T15:15:42.200+0800][7.280s] GC(3) Metaspace: 21064K(21504K)->21064K(21504K) NonClass: 18616K(18816K)->18616K(18816K) Class: 2447K(2688K)->2447K(2688K)
[2024-04-13T15:15:42.200+0800][7.280s] GC(3) Pause Young (Concurrent Start) (Metadata GC Threshold) 118M->24M(512M) 3.550ms
[2024-04-13T15:15:42.200+0800][7.280s] GC(3) User=0.00s Sys=0.02s Real=0.00s
[2024-04-13T15:15:42.200+0800][7.280s] GC(4) Concurrent Mark Cycle
[2024-04-13T15:15:42.200+0800][7.280s] GC(4) Concurrent Scan Root Regions
[2024-04-13T15:15:42.203+0800][7.282s] GC(4) Concurrent Scan Root Regions 1.568ms
[2024-04-13T15:15:42.203+0800][7.282s] GC(4) Concurrent Mark
[2024-04-13T15:15:42.203+0800][7.282s] GC(4) Concurrent Mark From Roots
[2024-04-13T15:15:42.203+0800][7.282s] GC(4) Using 3 workers of 3 for marking
[2024-04-13T15:15:42.206+0800][7.285s] GC(4) Concurrent Mark From Roots 2.933ms
[2024-04-13T15:15:42.206+0800][7.285s] GC(4) Concurrent Preclean
[2024-04-13T15:15:42.206+0800][7.285s] GC(4) Concurrent Preclean 0.018ms
[2024-04-13T15:15:42.206+0800][7.285s] GC(4) Pause Remark
[2024-04-13T15:15:42.207+0800][7.286s] GC(4) Pause Remark 25M->25M(512M) 1.404ms
[2024-04-13T15:15:42.207+0800][7.287s] GC(4) User=0.00s Sys=0.00s Real=0.00s
[2024-04-13T15:15:42.207+0800][7.287s] GC(4) Concurrent Mark 4.494ms
[2024-04-13T15:15:42.207+0800][7.287s] GC(4) Concurrent Rebuild Remembered Sets and Scrub Regions
[2024-04-13T15:15:42.209+0800][7.289s] GC(4) Concurrent Rebuild Remembered Sets and Scrub Regions 2.047ms
[2024-04-13T15:15:42.209+0800][7.289s] GC(4) Pause Cleanup
[2024-04-13T15:15:42.209+0800][7.289s] GC(4) Pause Cleanup 25M->25M(512M) 0.091ms
[2024-04-13T15:15:42.209+0800][7.289s] GC(4) User=0.00s Sys=0.00s Real=0.00s
[2024-04-13T15:15:42.209+0800][7.289s] GC(4) Concurrent Clear Claimed Marks
[2024-04-13T15:15:42.209+0800][7.289s] GC(4) Concurrent Clear Claimed Marks 0.030ms
[2024-04-13T15:15:42.209+0800][7.289s] GC(4) Concurrent Cleanup for Next Mark
[2024-04-13T15:15:42.210+0800][7.289s] GC(4) Concurrent Cleanup for Next Mark 0.396ms
[2024-04-13T15:15:42.210+0800][7.289s] GC(4) Concurrent Mark Cycle 8.843ms
[2024-04-13T15:16:02.964+0800][28.044s] GC(5) Pause Young (Prepare Mixed) (Metadata GC Threshold)
[2024-04-13T15:16:02.964+0800][28.044s] GC(5) Using 10 workers of 10 for evacuation
[2024-04-13T15:16:02.970+0800][28.049s] GC(5)   Pre Evacuate Collection Set: 0.37ms
[2024-04-13T15:16:02.970+0800][28.049s] GC(5)   Merge Heap Roots: 0.06ms
[2024-04-13T15:16:02.970+0800][28.049s] GC(5)   Evacuate Collection Set: 4.58ms
[2024-04-13T15:16:02.970+0800][28.049s] GC(5)   Post Evacuate Collection Set: 0.47ms
[2024-04-13T15:16:02.970+0800][28.049s] GC(5)   Other: 0.06ms
[2024-04-13T15:16:02.970+0800][28.049s] GC(5) Eden regions: 134->0(287)
[2024-04-13T15:16:02.970+0800][28.049s] GC(5) Survivor regions: 13->20(39)
[2024-04-13T15:16:02.970+0800][28.049s] GC(5) Old regions: 8->8
[2024-04-13T15:16:02.970+0800][28.049s] GC(5) Humongous regions: 5->4
[2024-04-13T15:16:02.970+0800][28.049s] GC(5) Metaspace: 35451K(35968K)->35451K(35968K) NonClass: 31236K(31488K)->31236K(31488K) Class: 4215K(4480K)->4215K(4480K)
[2024-04-13T15:16:02.970+0800][28.049s] GC(5) Pause Young (Prepare Mixed) (Metadata GC Threshold) 158M->30M(512M) 5.742ms
[2024-04-13T15:16:02.970+0800][28.049s] GC(5) User=0.00s Sys=0.00s Real=0.01s
[2024-04-13T15:16:03.030+0800][28.109s] GC(6) Pause Young (Mixed) (Metadata GC Threshold)
[2024-04-13T15:16:03.030+0800][28.109s] GC(6) Using 10 workers of 10 for evacuation
[2024-04-13T15:16:03.035+0800][28.114s] GC(6)   Pre Evacuate Collection Set: 0.09ms
[2024-04-13T15:16:03.035+0800][28.114s] GC(6)   Merge Heap Roots: 0.04ms
[2024-04-13T15:16:03.035+0800][28.114s] GC(6)   Evacuate Collection Set: 4.55ms
[2024-04-13T15:16:03.035+0800][28.114s] GC(6)   Post Evacuate Collection Set: 0.39ms
[2024-04-13T15:16:03.035+0800][28.114s] GC(6)   Other: 0.06ms
[2024-04-13T15:16:03.035+0800][28.114s] GC(6) Eden regions: 7->0(287)
[2024-04-13T15:16:03.035+0800][28.114s] GC(6) Survivor regions: 20->20(39)
[2024-04-13T15:16:03.035+0800][28.114s] GC(6) Old regions: 8->8
[2024-04-13T15:16:03.035+0800][28.114s] GC(6) Humongous regions: 4->4
[2024-04-13T15:16:03.035+0800][28.115s] GC(6) Metaspace: 35877K(36288K)->35877K(36288K) NonClass: 31601K(31808K)->31601K(31808K) Class: 4275K(4480K)->4275K(4480K)
[2024-04-13T15:16:03.035+0800][28.115s] GC(6) Pause Young (Mixed) (Metadata GC Threshold) 37M->31M(512M) 5.299ms
[2024-04-13T15:16:03.035+0800][28.115s] GC(6) User=0.00s Sys=0.00s Real=0.01s
[2024-04-13T15:16:03.081+0800][28.161s] GC(7) Pause Young (Concurrent Start) (Metadata GC Threshold)
[2024-04-13T15:16:03.081+0800][28.161s] GC(7) Using 10 workers of 10 for evacuation
[2024-04-13T15:16:03.086+0800][28.166s] GC(7)   Pre Evacuate Collection Set: 0.13ms
[2024-04-13T15:16:03.086+0800][28.166s] GC(7)   Merge Heap Roots: 0.05ms
[2024-04-13T15:16:03.086+0800][28.166s] GC(7)   Evacuate Collection Set: 4.23ms
[2024-04-13T15:16:03.086+0800][28.166s] GC(7)   Post Evacuate Collection Set: 0.48ms
[2024-04-13T15:16:03.086+0800][28.166s] GC(7)   Other: 0.09ms
[2024-04-13T15:16:03.086+0800][28.166s] GC(7) Eden regions: 10->0(287)
[2024-04-13T15:16:03.086+0800][28.166s] GC(7) Survivor regions: 20->20(39)
[2024-04-13T15:16:03.086+0800][28.166s] GC(7) Old regions: 8->8
[2024-04-13T15:16:03.086+0800][28.166s] GC(7) Humongous regions: 4->4
[2024-04-13T15:16:03.086+0800][28.166s] GC(7) Metaspace: 36158K(36608K)->36158K(36608K) NonClass: 31841K(32064K)->31841K(32064K) Class: 4317K(4544K)->4317K(4544K)
[2024-04-13T15:16:03.086+0800][28.166s] GC(7) Pause Young (Concurrent Start) (Metadata GC Threshold) 40M->31M(512M) 5.167ms
[2024-04-13T15:16:03.086+0800][28.166s] GC(8) Concurrent Mark Cycle
[2024-04-13T15:16:03.086+0800][28.166s] GC(7) User=0.00s Sys=0.00s Real=0.00s
[2024-04-13T15:16:03.086+0800][28.166s] GC(8) Concurrent Scan Root Regions
[2024-04-13T15:16:03.089+0800][28.168s] GC(8) Concurrent Scan Root Regions 2.133ms
[2024-04-13T15:16:03.089+0800][28.168s] GC(8) Concurrent Mark
[2024-04-13T15:16:03.089+0800][28.168s] GC(8) Concurrent Mark From Roots
[2024-04-13T15:16:03.089+0800][28.168s] GC(8) Using 3 workers of 3 for marking
[2024-04-13T15:16:03.092+0800][28.172s] GC(8) Concurrent Mark From Roots 3.793ms
[2024-04-13T15:16:03.092+0800][28.172s] GC(8) Concurrent Preclean
[2024-04-13T15:16:03.092+0800][28.172s] GC(8) Concurrent Preclean 0.017ms
[2024-04-13T15:16:03.092+0800][28.172s] GC(8) Pause Remark
[2024-04-13T15:16:03.095+0800][28.175s] GC(8) Pause Remark 33M->33M(512M) 2.354ms
[2024-04-13T15:16:03.095+0800][28.175s] GC(8) User=0.00s Sys=0.00s Real=0.00s
[2024-04-13T15:16:03.095+0800][28.175s] GC(8) Concurrent Mark 6.691ms
[2024-04-13T15:16:03.095+0800][28.175s] GC(8) Concurrent Rebuild Remembered Sets and Scrub Regions
[2024-04-13T15:16:03.097+0800][28.177s] GC(8) Concurrent Rebuild Remembered Sets and Scrub Regions 2.098ms
[2024-04-13T15:16:03.097+0800][28.177s] GC(8) Pause Cleanup
[2024-04-13T15:16:03.097+0800][28.177s] GC(8) Pause Cleanup 34M->34M(512M) 0.070ms
[2024-04-13T15:16:03.097+0800][28.177s] GC(8) User=0.00s Sys=0.00s Real=0.00s
[2024-04-13T15:16:03.097+0800][28.177s] GC(8) Concurrent Clear Claimed Marks
[2024-04-13T15:16:03.097+0800][28.177s] GC(8) Concurrent Clear Claimed Marks 0.038ms
[2024-04-13T15:16:03.097+0800][28.177s] GC(8) Concurrent Cleanup for Next Mark
[2024-04-13T15:16:03.097+0800][28.178s] GC(8) Concurrent Cleanup for Next Mark 0.312ms
[2024-04-13T15:16:03.097+0800][28.178s] GC(8) Concurrent Mark Cycle 11.611ms
[2024-04-13T15:17:02.860+0800][87.939s] GC(9) Pause Young (Prepare Mixed) (G1 Evacuation Pause)
[2024-04-13T15:17:02.860+0800][87.940s] GC(9) Using 10 workers of 10 for evacuation
[2024-04-13T15:17:02.870+0800][87.950s] GC(9)   Pre Evacuate Collection Set: 0.11ms
[2024-04-13T15:17:02.870+0800][87.950s] GC(9)   Merge Heap Roots: 0.08ms
[2024-04-13T15:17:02.870+0800][87.950s] GC(9)   Evacuate Collection Set: 8.71ms
[2024-04-13T15:17:02.870+0800][87.950s] GC(9)   Post Evacuate Collection Set: 1.23ms
[2024-04-13T15:17:02.870+0800][87.950s] GC(9)   Other: 0.10ms
[2024-04-13T15:17:02.870+0800][87.950s] GC(9) Eden regions: 287->0(271)
[2024-04-13T15:17:02.870+0800][87.950s] GC(9) Survivor regions: 20->36(39)
[2024-04-13T15:17:02.870+0800][87.950s] GC(9) Old regions: 8->8
[2024-04-13T15:17:02.870+0800][87.950s] GC(9) Humongous regions: 5->4
[2024-04-13T15:17:02.870+0800][87.950s] GC(9) Metaspace: 55557K(56256K)->55557K(56256K) NonClass: 48541K(48960K)->48541K(48960K) Class: 7015K(7296K)->7015K(7296K)
[2024-04-13T15:17:02.870+0800][87.950s] GC(9) Pause Young (Prepare Mixed) (G1 Evacuation Pause) 319M->47M(512M) 10.457ms
[2024-04-13T15:17:02.870+0800][87.950s] GC(9) User=0.00s Sys=0.00s Real=0.01s
[2024-04-13T15:21:15.818+0800][340.898s] GC(10) Pause Young (Mixed) (G1 Evacuation Pause)
[2024-04-13T15:21:15.818+0800][340.898s] GC(10) Using 10 workers of 10 for evacuation
[2024-04-13T15:21:15.827+0800][340.907s] GC(10)   Pre Evacuate Collection Set: 0.10ms
[2024-04-13T15:21:15.827+0800][340.907s] GC(10)   Merge Heap Roots: 0.07ms
[2024-04-13T15:21:15.827+0800][340.907s] GC(10)   Evacuate Collection Set: 8.16ms
[2024-04-13T15:21:15.827+0800][340.907s] GC(10)   Post Evacuate Collection Set: 0.64ms
[2024-04-13T15:21:15.827+0800][340.907s] GC(10)   Other: 0.06ms
[2024-04-13T15:21:15.827+0800][340.907s] GC(10) Eden regions: 271->0(288)
[2024-04-13T15:21:15.827+0800][340.907s] GC(10) Survivor regions: 36->19(39)
[2024-04-13T15:21:15.827+0800][340.907s] GC(10) Old regions: 8->25
[2024-04-13T15:21:15.827+0800][340.907s] GC(10) Humongous regions: 4->4
[2024-04-13T15:21:15.827+0800][340.907s] GC(10) Metaspace: 55972K(56640K)->55972K(56640K) NonClass: 48910K(49280K)->48910K(49280K) Class: 7061K(7360K)->7061K(7360K)
[2024-04-13T15:21:15.827+0800][340.907s] GC(10) Pause Young (Mixed) (G1 Evacuation Pause) 318M->47M(512M) 9.216ms
[2024-04-13T15:21:15.827+0800][340.907s] GC(10) User=0.02s Sys=0.00s Real=0.01s
[2024-04-13T15:23:01.423+0800][446.503s] GC(11) Pause Young (Normal) (G1 Evacuation Pause)
[2024-04-13T15:23:01.423+0800][446.503s] GC(11) Using 10 workers of 10 for evacuation
[2024-04-13T15:23:01.427+0800][446.507s] GC(11)   Pre Evacuate Collection Set: 0.09ms
[2024-04-13T15:23:01.427+0800][446.507s] GC(11)   Merge Heap Roots: 0.07ms
[2024-04-13T15:23:01.427+0800][446.507s] GC(11)   Evacuate Collection Set: 2.66ms
[2024-04-13T15:23:01.427+0800][446.507s] GC(11)   Post Evacuate Collection Set: 0.36ms
[2024-04-13T15:23:01.427+0800][446.507s] GC(11)   Other: 0.08ms
[2024-04-13T15:23:01.427+0800][446.507s] GC(11) Eden regions: 288->0(289)
[2024-04-13T15:23:01.427+0800][446.507s] GC(11) Survivor regions: 19->18(39)
[2024-04-13T15:23:01.427+0800][446.507s] GC(11) Old regions: 25->25
[2024-04-13T15:23:01.427+0800][446.507s] GC(11) Humongous regions: 4->4
[2024-04-13T15:23:01.427+0800][446.507s] GC(11) Metaspace: 56117K(56768K)->56117K(56768K) NonClass: 49041K(49408K)->49041K(49408K) Class: 7076K(7360K)->7076K(7360K)
[2024-04-13T15:23:01.427+0800][446.507s] GC(11) Pause Young (Normal) (G1 Evacuation Pause) 335M->46M(512M) 3.507ms
[2024-04-13T15:23:01.427+0800][446.507s] GC(11) User=0.00s Sys=0.00s Real=0.00s
[2024-04-13T15:24:09.692+0800][514.772s] GC(12) Pause Young (Normal) (G1 Evacuation Pause)
[2024-04-13T15:24:09.692+0800][514.772s] GC(12) Using 10 workers of 10 for evacuation
[2024-04-13T15:24:09.695+0800][514.776s] GC(12)   Pre Evacuate Collection Set: 0.10ms
[2024-04-13T15:24:09.696+0800][514.776s] GC(12)   Merge Heap Roots: 0.07ms
[2024-04-13T15:24:09.696+0800][514.776s] GC(12)   Evacuate Collection Set: 2.87ms
[2024-04-13T15:24:09.696+0800][514.776s] GC(12)   Post Evacuate Collection Set: 0.40ms
[2024-04-13T15:24:09.696+0800][514.776s] GC(12)   Other: 0.08ms
[2024-04-13T15:24:09.696+0800][514.776s] GC(12) Eden regions: 289->0(289)
[2024-04-13T15:24:09.696+0800][514.776s] GC(12) Survivor regions: 18->18(39)
[2024-04-13T15:24:09.696+0800][514.776s] GC(12) Old regions: 25->25
[2024-04-13T15:24:09.696+0800][514.776s] GC(12) Humongous regions: 4->4
[2024-04-13T15:24:09.696+0800][514.776s] GC(12) Metaspace: 56171K(56832K)->56171K(56832K) NonClass: 49093K(49472K)->49093K(49472K) Class: 7078K(7360K)->7078K(7360K)
[2024-04-13T15:24:09.696+0800][514.776s] GC(12) Pause Young (Normal) (G1 Evacuation Pause) 335M->46M(512M) 3.711ms
[2024-04-13T15:24:09.696+0800][514.776s] GC(12) User=0.00s Sys=0.00s Real=0.00s
[2024-04-13T15:24:37.130+0800][542.210s] GC(13) Pause Young (Normal) (G1 Evacuation Pause)
[2024-04-13T15:24:37.130+0800][542.210s] GC(13) Using 10 workers of 10 for evacuation
[2024-04-13T15:24:37.134+0800][542.213s] GC(13)   Pre Evacuate Collection Set: 0.09ms
[2024-04-13T15:24:37.134+0800][542.213s] GC(13)   Merge Heap Roots: 0.07ms
[2024-04-13T15:24:37.134+0800][542.213s] GC(13)   Evacuate Collection Set: 2.96ms
[2024-04-13T15:24:37.134+0800][542.213s] GC(13)   Post Evacuate Collection Set: 0.42ms
[2024-04-13T15:24:37.134+0800][542.213s] GC(13)   Other: 0.07ms
[2024-04-13T15:24:37.134+0800][542.213s] GC(13) Eden regions: 289->0(290)
[2024-04-13T15:24:37.134+0800][542.213s] GC(13) Survivor regions: 18->17(39)
[2024-04-13T15:24:37.134+0800][542.213s] GC(13) Old regions: 25->25
[2024-04-13T15:24:37.134+0800][542.213s] GC(13) Humongous regions: 4->4
[2024-04-13T15:24:37.134+0800][542.213s] GC(13) Metaspace: 56176K(56832K)->56176K(56832K) NonClass: 49098K(49472K)->49098K(49472K) Class: 7078K(7360K)->7078K(7360K)
[2024-04-13T15:24:37.134+0800][542.213s] GC(13) Pause Young (Normal) (G1 Evacuation Pause) 335M->45M(512M) 3.778ms
[2024-04-13T15:24:37.134+0800][542.213s] GC(13) User=0.00s Sys=0.00s Real=0.00s
[2024-04-13T15:24:49.904+0800][554.984s] GC(14) Pause Young (Normal) (G1 Evacuation Pause)
[2024-04-13T15:24:49.904+0800][554.984s] GC(14) Using 10 workers of 10 for evacuation
[2024-04-13T15:24:49.908+0800][554.988s] GC(14)   Pre Evacuate Collection Set: 0.10ms
[2024-04-13T15:24:49.908+0800][554.988s] GC(14)   Merge Heap Roots: 0.07ms
[2024-04-13T15:24:49.908+0800][554.988s] GC(14)   Evacuate Collection Set: 2.82ms
[2024-04-13T15:24:49.908+0800][554.988s] GC(14)   Post Evacuate Collection Set: 0.43ms
[2024-04-13T15:24:49.908+0800][554.988s] GC(14)   Other: 0.07ms
[2024-04-13T15:24:49.908+0800][554.988s] GC(14) Eden regions: 290->0(289)
[2024-04-13T15:24:49.908+0800][554.988s] GC(14) Survivor regions: 17->18(39)
[2024-04-13T15:24:49.908+0800][554.988s] GC(14) Old regions: 25->25
[2024-04-13T15:24:49.908+0800][554.988s] GC(14) Humongous regions: 4->4
[2024-04-13T15:24:49.908+0800][554.988s] GC(14) Metaspace: 56191K(56832K)->56191K(56832K) NonClass: 49113K(49472K)->49113K(49472K) Class: 7078K(7360K)->7078K(7360K)
[2024-04-13T15:24:49.908+0800][554.988s] GC(14) Pause Young (Normal) (G1 Evacuation Pause) 335M->46M(512M) 3.741ms
[2024-04-13T15:24:49.908+0800][554.988s] GC(14) User=0.00s Sys=0.00s Real=0.00s
[2024-04-13T15:25:00.445+0800][565.525s] GC(15) Pause Young (Normal) (G1 Evacuation Pause)
[2024-04-13T15:25:00.445+0800][565.525s] GC(15) Using 10 workers of 10 for evacuation
[2024-04-13T15:25:00.449+0800][565.528s] GC(15)   Pre Evacuate Collection Set: 0.09ms
[2024-04-13T15:25:00.449+0800][565.528s] GC(15)   Merge Heap Roots: 0.07ms
[2024-04-13T15:25:00.449+0800][565.528s] GC(15)   Evacuate Collection Set: 2.70ms
[2024-04-13T15:25:00.449+0800][565.528s] GC(15)   Post Evacuate Collection Set: 0.39ms
[2024-04-13T15:25:00.449+0800][565.528s] GC(15)   Other: 0.07ms
[2024-04-13T15:25:00.449+0800][565.529s] GC(15) Eden regions: 289->0(290)
[2024-04-13T15:25:00.449+0800][565.529s] GC(15) Survivor regions: 18->17(39)
[2024-04-13T15:25:00.449+0800][565.529s] GC(15) Old regions: 25->25
[2024-04-13T15:25:00.449+0800][565.529s] GC(15) Humongous regions: 4->4
[2024-04-13T15:25:00.449+0800][565.529s] GC(15) Metaspace: 56196K(56832K)->56196K(56832K) NonClass: 49118K(49472K)->49118K(49472K) Class: 7078K(7360K)->7078K(7360K)
[2024-04-13T15:25:00.449+0800][565.529s] GC(15) Pause Young (Normal) (G1 Evacuation Pause) 335M->45M(512M) 3.530ms
[2024-04-13T15:25:00.449+0800][565.529s] GC(15) User=0.02s Sys=0.00s Real=0.00s
[2024-04-13T15:25:08.073+0800][573.153s] GC(16) Pause Young (Normal) (G1 Evacuation Pause)
[2024-04-13T15:25:08.073+0800][573.153s] GC(16) Using 10 workers of 10 for evacuation
[2024-04-13T15:25:08.077+0800][573.157s] GC(16)   Pre Evacuate Collection Set: 0.09ms
[2024-04-13T15:25:08.077+0800][573.157s] GC(16)   Merge Heap Roots: 0.07ms
[2024-04-13T15:25:08.077+0800][573.157s] GC(16)   Evacuate Collection Set: 2.97ms
[2024-04-13T15:25:08.077+0800][573.157s] GC(16)   Post Evacuate Collection Set: 0.42ms
[2024-04-13T15:25:08.077+0800][573.157s] GC(16)   Other: 0.06ms
[2024-04-13T15:25:08.077+0800][573.157s] GC(16) Eden regions: 290->0(289)
[2024-04-13T15:25:08.077+0800][573.157s] GC(16) Survivor regions: 17->18(39)
[2024-04-13T15:25:08.077+0800][573.157s] GC(16) Old regions: 25->25
[2024-04-13T15:25:08.077+0800][573.157s] GC(16) Humongous regions: 4->4
[2024-04-13T15:25:08.077+0800][573.157s] GC(16) Metaspace: 56210K(56832K)->56210K(56832K) NonClass: 49131K(49472K)->49131K(49472K) Class: 7078K(7360K)->7078K(7360K)
[2024-04-13T15:25:08.077+0800][573.157s] GC(16) Pause Young (Normal) (G1 Evacuation Pause) 335M->46M(512M) 3.797ms
[2024-04-13T15:25:08.077+0800][573.157s] GC(16) User=0.00s Sys=0.00s Real=0.00s
[2024-04-13T15:25:15.762+0800][580.842s] GC(17) Pause Young (Normal) (G1 Evacuation Pause)
[2024-04-13T15:25:15.762+0800][580.842s] GC(17) Using 10 workers of 10 for evacuation
[2024-04-13T15:25:15.766+0800][580.845s] GC(17)   Pre Evacuate Collection Set: 0.10ms
[2024-04-13T15:25:15.766+0800][580.846s] GC(17)   Merge Heap Roots: 0.06ms
[2024-04-13T15:25:15.766+0800][580.846s] GC(17)   Evacuate Collection Set: 3.00ms
[2024-04-13T15:25:15.766+0800][580.846s] GC(17)   Post Evacuate Collection Set: 0.43ms
[2024-04-13T15:25:15.766+0800][580.846s] GC(17)   Other: 0.07ms
[2024-04-13T15:25:15.766+0800][580.846s] GC(17) Eden regions: 289->0(289)
[2024-04-13T15:25:15.766+0800][580.846s] GC(17) Survivor regions: 18->18(39)
[2024-04-13T15:25:15.766+0800][580.846s] GC(17) Old regions: 25->25
[2024-04-13T15:25:15.766+0800][580.846s] GC(17) Humongous regions: 4->4
[2024-04-13T15:25:15.766+0800][580.846s] GC(17) Metaspace: 56218K(56832K)->56218K(56832K) NonClass: 49140K(49472K)->49140K(49472K) Class: 7078K(7360K)->7078K(7360K)
[2024-04-13T15:25:15.766+0800][580.846s] GC(17) Pause Young (Normal) (G1 Evacuation Pause) 335M->46M(512M) 3.863ms
[2024-04-13T15:25:15.766+0800][580.846s] GC(17) User=0.00s Sys=0.00s Real=0.00s
[2024-04-13T15:25:23.737+0800][588.817s] GC(18) Pause Young (Normal) (G1 Evacuation Pause)
[2024-04-13T15:25:23.737+0800][588.817s] GC(18) Using 10 workers of 10 for evacuation
[2024-04-13T15:25:23.741+0800][588.821s] GC(18)   Pre Evacuate Collection Set: 0.09ms
[2024-04-13T15:25:23.741+0800][588.821s] GC(18)   Merge Heap Roots: 0.06ms
[2024-04-13T15:25:23.741+0800][588.821s] GC(18)   Evacuate Collection Set: 2.72ms
[2024-04-13T15:25:23.741+0800][588.821s] GC(18)   Post Evacuate Collection Set: 0.36ms
[2024-04-13T15:25:23.741+0800][588.821s] GC(18)   Other: 0.06ms
[2024-04-13T15:25:23.741+0800][588.821s] GC(18) Eden regions: 289->0(289)
[2024-04-13T15:25:23.741+0800][588.821s] GC(18) Survivor regions: 18->18(39)
[2024-04-13T15:25:23.741+0800][588.821s] GC(18) Old regions: 25->25
[2024-04-13T15:25:23.741+0800][588.821s] GC(18) Humongous regions: 4->4
[2024-04-13T15:25:23.741+0800][588.821s] GC(18) Metaspace: 56222K(56832K)->56222K(56832K) NonClass: 49144K(49472K)->49144K(49472K) Class: 7078K(7360K)->7078K(7360K)
[2024-04-13T15:25:23.741+0800][588.821s] GC(18) Pause Young (Normal) (G1 Evacuation Pause) 335M->46M(512M) 3.496ms
[2024-04-13T15:25:23.741+0800][588.821s] GC(18) User=0.00s Sys=0.00s Real=0.00s
[2024-04-13T15:25:43.940+0800][609.019s] GC(19) Pause Young (Normal) (G1 Evacuation Pause)
[2024-04-13T15:25:43.940+0800][609.019s] GC(19) Using 10 workers of 10 for evacuation
[2024-04-13T15:25:43.943+0800][609.023s] GC(19)   Pre Evacuate Collection Set: 0.10ms
[2024-04-13T15:25:43.943+0800][609.023s] GC(19)   Merge Heap Roots: 0.07ms
[2024-04-13T15:25:43.943+0800][609.023s] GC(19)   Evacuate Collection Set: 3.01ms
[2024-04-13T15:25:43.943+0800][609.023s] GC(19)   Post Evacuate Collection Set: 0.35ms
[2024-04-13T15:25:43.943+0800][609.023s] GC(19)   Other: 0.07ms
[2024-04-13T15:25:43.943+0800][609.023s] GC(19) Eden regions: 289->0(289)
[2024-04-13T15:25:43.943+0800][609.023s] GC(19) Survivor regions: 18->18(39)
[2024-04-13T15:25:43.943+0800][609.023s] GC(19) Old regions: 25->25
[2024-04-13T15:25:43.943+0800][609.023s] GC(19) Humongous regions: 4->4
[2024-04-13T15:25:43.943+0800][609.023s] GC(19) Metaspace: 56247K(56896K)->56247K(56896K) NonClass: 49169K(49536K)->49169K(49536K) Class: 7078K(7360K)->7078K(7360K)
[2024-04-13T15:25:43.943+0800][609.023s] GC(19) Pause Young (Normal) (G1 Evacuation Pause) 335M->46M(512M) 3.765ms
[2024-04-13T15:25:43.943+0800][609.023s] GC(19) User=0.00s Sys=0.00s Real=0.00s
[2024-04-13T15:32:54.132+0800][1039.212s] GC(20) Pause Young (Normal) (G1 Evacuation Pause)
[2024-04-13T15:32:54.132+0800][1039.212s] GC(20) Using 10 workers of 10 for evacuation
[2024-04-13T15:32:54.136+0800][1039.216s] GC(20)   Pre Evacuate Collection Set: 0.10ms
[2024-04-13T15:32:54.136+0800][1039.216s] GC(20)   Merge Heap Roots: 0.07ms
[2024-04-13T15:32:54.136+0800][1039.216s] GC(20)   Evacuate Collection Set: 2.94ms
[2024-04-13T15:32:54.136+0800][1039.216s] GC(20)   Post Evacuate Collection Set: 0.35ms
[2024-04-13T15:32:54.136+0800][1039.216s] GC(20)   Other: 0.07ms
[2024-04-13T15:32:54.136+0800][1039.216s] GC(20) Eden regions: 289->0(289)
[2024-04-13T15:32:54.136+0800][1039.216s] GC(20) Survivor regions: 18->18(39)
[2024-04-13T15:32:54.136+0800][1039.216s] GC(20) Old regions: 25->25
[2024-04-13T15:32:54.136+0800][1039.216s] GC(20) Humongous regions: 4->4
[2024-04-13T15:32:54.136+0800][1039.216s] GC(20) Metaspace: 56373K(57088K)->56373K(57088K) NonClass: 49289K(49664K)->49289K(49664K) Class: 7083K(7424K)->7083K(7424K)
[2024-04-13T15:32:54.136+0800][1039.216s] GC(20) Pause Young (Normal) (G1 Evacuation Pause) 335M->46M(512M) 3.699ms
[2024-04-13T15:32:54.136+0800][1039.216s] GC(20) User=0.00s Sys=0.00s Real=0.00s
[2024-04-13T15:33:41.489+0800][1086.570s] GC(21) Pause Young (Normal) (G1 Evacuation Pause)
[2024-04-13T15:33:41.489+0800][1086.570s] GC(21) Using 10 workers of 10 for evacuation
[2024-04-13T15:33:41.493+0800][1086.573s] GC(21)   Pre Evacuate Collection Set: 0.09ms
[2024-04-13T15:33:41.493+0800][1086.573s] GC(21)   Merge Heap Roots: 0.07ms
[2024-04-13T15:33:41.493+0800][1086.573s] GC(21)   Evacuate Collection Set: 2.81ms
[2024-04-13T15:33:41.493+0800][1086.573s] GC(21)   Post Evacuate Collection Set: 0.35ms
[2024-04-13T15:33:41.493+0800][1086.573s] GC(21)   Other: 0.07ms
[2024-04-13T15:33:41.493+0800][1086.573s] GC(21) Eden regions: 289->0(290)
[2024-04-13T15:33:41.493+0800][1086.573s] GC(21) Survivor regions: 18->17(39)
[2024-04-13T15:33:41.493+0800][1086.573s] GC(21) Old regions: 25->25
[2024-04-13T15:33:41.493+0800][1086.573s] GC(21) Humongous regions: 4->4
[2024-04-13T15:33:41.493+0800][1086.573s] GC(21) Metaspace: 56384K(57088K)->56384K(57088K) NonClass: 49300K(49664K)->49300K(49664K) Class: 7083K(7424K)->7083K(7424K)
[2024-04-13T15:33:41.493+0800][1086.573s] GC(21) Pause Young (Normal) (G1 Evacuation Pause) 335M->45M(512M) 3.582ms
[2024-04-13T15:33:41.493+0800][1086.573s] GC(21) User=0.00s Sys=0.00s Real=0.00s
[2024-04-13T15:33:49.154+0800][1094.235s] GC(22) Pause Young (Normal) (G1 Evacuation Pause)
[2024-04-13T15:33:49.154+0800][1094.235s] GC(22) Using 10 workers of 10 for evacuation
[2024-04-13T15:33:49.158+0800][1094.238s] GC(22)   Pre Evacuate Collection Set: 0.09ms
[2024-04-13T15:33:49.158+0800][1094.238s] GC(22)   Merge Heap Roots: 0.06ms
[2024-04-13T15:33:49.158+0800][1094.238s] GC(22)   Evacuate Collection Set: 2.86ms
[2024-04-13T15:33:49.158+0800][1094.238s] GC(22)   Post Evacuate Collection Set: 0.42ms
[2024-04-13T15:33:49.158+0800][1094.238s] GC(22)   Other: 0.07ms
[2024-04-13T15:33:49.158+0800][1094.238s] GC(22) Eden regions: 290->0(290)
[2024-04-13T15:33:49.158+0800][1094.238s] GC(22) Survivor regions: 17->17(39)
[2024-04-13T15:33:49.158+0800][1094.238s] GC(22) Old regions: 25->26
[2024-04-13T15:33:49.158+0800][1094.238s] GC(22) Humongous regions: 4->4
[2024-04-13T15:33:49.158+0800][1094.238s] GC(22) Metaspace: 56397K(57088K)->56397K(57088K) NonClass: 49313K(49664K)->49313K(49664K) Class: 7083K(7424K)->7083K(7424K)
[2024-04-13T15:33:49.158+0800][1094.238s] GC(22) Pause Young (Normal) (G1 Evacuation Pause) 335M->46M(512M) 3.683ms
[2024-04-13T15:33:49.158+0800][1094.238s] GC(22) User=0.00s Sys=0.00s Real=0.00s
[2024-04-13T15:34:11.425+0800][1116.505s] GC(23) Pause Young (Normal) (G1 Evacuation Pause)
[2024-04-13T15:34:11.425+0800][1116.505s] GC(23) Using 10 workers of 10 for evacuation
[2024-04-13T15:34:11.429+0800][1116.508s] GC(23)   Pre Evacuate Collection Set: 0.12ms
[2024-04-13T15:34:11.429+0800][1116.508s] GC(23)   Merge Heap Roots: 0.06ms
[2024-04-13T15:34:11.429+0800][1116.508s] GC(23)   Evacuate Collection Set: 2.71ms
[2024-04-13T15:34:11.429+0800][1116.508s] GC(23)   Post Evacuate Collection Set: 0.34ms
[2024-04-13T15:34:11.429+0800][1116.508s] GC(23)   Other: 0.07ms
[2024-04-13T15:34:11.429+0800][1116.509s] GC(23) Eden regions: 290->0(290)
[2024-04-13T15:34:11.429+0800][1116.509s] GC(23) Survivor regions: 17->17(39)
[2024-04-13T15:34:11.429+0800][1116.509s] GC(23) Old regions: 26->26
[2024-04-13T15:34:11.429+0800][1116.509s] GC(23) Humongous regions: 4->4
[2024-04-13T15:34:11.429+0800][1116.509s] GC(23) Metaspace: 56400K(57088K)->56400K(57088K) NonClass: 49317K(49664K)->49317K(49664K) Class: 7083K(7424K)->7083K(7424K)
[2024-04-13T15:34:11.429+0800][1116.509s] GC(23) Pause Young (Normal) (G1 Evacuation Pause) 336M->46M(512M) 3.487ms
[2024-04-13T15:34:11.429+0800][1116.509s] GC(23) User=0.00s Sys=0.00s Real=0.00s
[2024-04-13T15:35:23.109+0800][1188.188s] Heap
[2024-04-13T15:35:23.109+0800][1188.188s]  garbage-first heap   total reserved 524288K, committed 524288K, used 269383K [0x00000000e0000000, 0x0000000100000000)
[2024-04-13T15:35:23.109+0800][1188.188s]   region size 1024K, 234 young (239616K), 17 survivors (17408K)
[2024-04-13T15:35:23.109+0800][1188.188s]  Metaspace       used 56724K, committed 57408K, reserved 1114112K
[2024-04-13T15:35:23.109+0800][1188.188s]   class space    used 7140K, committed 7488K, reserved 1048576K
