[2024-04-12T15:33:50.081+0800][0.017s] CardTable entry size: 512
[2024-04-12T15:33:50.082+0800][0.018s] Using G1
[2024-04-12T15:33:50.260+0800][0.197s] Version: 19+36-2238 (release)
[2024-04-12T15:33:50.260+0800][0.197s] CPUs: 6 total, 6 available
[2024-04-12T15:33:50.260+0800][0.197s] Memory: 15741M
[2024-04-12T15:33:50.260+0800][0.197s] Large Page Support: Disabled
[2024-04-12T15:33:50.260+0800][0.197s] NUMA Support: Disabled
[2024-04-12T15:33:50.260+0800][0.197s] Compressed Oops: Enabled (32-bit)
[2024-04-12T15:33:50.260+0800][0.197s] Heap Region Size: 1M
[2024-04-12T15:33:50.260+0800][0.197s] Heap Min Capacity: 512M
[2024-04-12T15:33:50.260+0800][0.197s] Heap Initial Capacity: 512M
[2024-04-12T15:33:50.261+0800][0.197s] Heap Max Capacity: 512M
[2024-04-12T15:33:50.261+0800][0.197s] Pre-touch: Enabled
[2024-04-12T15:33:50.261+0800][0.197s] Parallel Workers: 6
[2024-04-12T15:33:50.261+0800][0.197s] Concurrent Workers: 2
[2024-04-12T15:33:50.261+0800][0.197s] Concurrent Refinement Workers: 6
[2024-04-12T15:33:50.261+0800][0.197s] Periodic GC: Disabled
[2024-04-12T15:33:50.262+0800][0.199s] CDS archive(s) mapped at: [0x0000000800000000-0x0000000800c40000-0x0000000800c40000), size 12845056, SharedBaseAddress: 0x0000000800000000, ArchiveRelocationMode: 0.
[2024-04-12T15:33:50.262+0800][0.199s] Compressed class space mapped at: 0x0000000801000000-0x0000000841000000, reserved size: 1073741824
[2024-04-12T15:33:50.262+0800][0.199s] Narrow klass base: 0x0000000800000000, Narrow klass shift: 0, Narrow klass range: 0x100000000
[2024-04-12T15:33:51.304+0800][1.240s] GC(0) Pause Young (Normal) (G1 Evacuation Pause)
[2024-04-12T15:33:51.306+0800][1.242s] GC(0) Using 6 workers of 6 for evacuation
[2024-04-12T15:33:51.310+0800][1.246s] GC(0)   Pre Evacuate Collection Set: 0.1ms
[2024-04-12T15:33:51.310+0800][1.246s] GC(0)   Merge Heap Roots: 0.0ms
[2024-04-12T15:33:51.310+0800][1.246s] GC(0)   Evacuate Collection Set: 2.9ms
[2024-04-12T15:33:51.310+0800][1.246s] GC(0)   Post Evacuate Collection Set: 0.9ms
[2024-04-12T15:33:51.311+0800][1.247s] GC(0)   Other: 0.6ms
[2024-04-12T15:33:51.311+0800][1.247s] GC(0) Eden regions: 26->0(38)
[2024-04-12T15:33:51.311+0800][1.247s] GC(0) Survivor regions: 0->4(4)
[2024-04-12T15:33:51.311+0800][1.247s] GC(0) Old regions: 0->0
[2024-04-12T15:33:51.311+0800][1.247s] GC(0) Archive regions: 0->0
[2024-04-12T15:33:51.311+0800][1.247s] GC(0) Humongous regions: 0->0
[2024-04-12T15:33:51.311+0800][1.247s] GC(0) Metaspace: 6345K(6528K)->6345K(6528K) NonClass: 5658K(5760K)->5658K(5760K) Class: 687K(768K)->687K(768K)
[2024-04-12T15:33:51.311+0800][1.247s] GC(0) Pause Young (Normal) (G1 Evacuation Pause) 26M->3M(512M) 6.528ms
[2024-04-12T15:33:51.311+0800][1.247s] GC(0) User=0.02s Sys=0.00s Real=0.01s
[2024-04-12T15:33:52.331+0800][2.268s] GC(1) Pause Young (Normal) (G1 Evacuation Pause)
[2024-04-12T15:33:52.332+0800][2.268s] GC(1) Using 6 workers of 6 for evacuation
[2024-04-12T15:33:52.338+0800][2.275s] GC(1)   Pre Evacuate Collection Set: 0.1ms
[2024-04-12T15:33:52.338+0800][2.275s] GC(1)   Merge Heap Roots: 0.0ms
[2024-04-12T15:33:52.338+0800][2.275s] GC(1)   Evacuate Collection Set: 6.1ms
[2024-04-12T15:33:52.338+0800][2.275s] GC(1)   Post Evacuate Collection Set: 0.8ms
[2024-04-12T15:33:52.338+0800][2.275s] GC(1)   Other: 0.1ms
[2024-04-12T15:33:52.338+0800][2.275s] GC(1) Eden regions: 38->0(301)
[2024-04-12T15:33:52.338+0800][2.275s] GC(1) Survivor regions: 4->6(6)
[2024-04-12T15:33:52.338+0800][2.275s] GC(1) Old regions: 0->8
[2024-04-12T15:33:52.338+0800][2.275s] GC(1) Archive regions: 0->0
[2024-04-12T15:33:52.338+0800][2.275s] GC(1) Humongous regions: 4->4
[2024-04-12T15:33:52.338+0800][2.275s] GC(1) Metaspace: 16952K(17280K)->16952K(17280K) NonClass: 15062K(15232K)->15062K(15232K) Class: 1890K(2048K)->1890K(2048K)
[2024-04-12T15:33:52.338+0800][2.275s] GC(1) Pause Young (Normal) (G1 Evacuation Pause) 45M->17M(512M) 7.356ms
[2024-04-12T15:33:52.338+0800][2.275s] GC(1) User=0.02s Sys=0.00s Real=0.01s
[2024-04-12T15:33:53.565+0800][3.501s] GC(2) Pause Young (Concurrent Start) (Metadata GC Threshold)
[2024-04-12T15:33:53.565+0800][3.501s] GC(2) Using 6 workers of 6 for evacuation
[2024-04-12T15:33:53.571+0800][3.507s] GC(2)   Pre Evacuate Collection Set: 0.1ms
[2024-04-12T15:33:53.571+0800][3.507s] GC(2)   Merge Heap Roots: 0.0ms
[2024-04-12T15:33:53.571+0800][3.507s] GC(2)   Evacuate Collection Set: 4.8ms
[2024-04-12T15:33:53.571+0800][3.507s] GC(2)   Post Evacuate Collection Set: 0.5ms
[2024-04-12T15:33:53.571+0800][3.507s] GC(2)   Other: 0.1ms
[2024-04-12T15:33:53.571+0800][3.507s] GC(2) Eden regions: 150->0(295)
[2024-04-12T15:33:53.571+0800][3.507s] GC(2) Survivor regions: 6->12(39)
[2024-04-12T15:33:53.571+0800][3.507s] GC(2) Old regions: 8->8
[2024-04-12T15:33:53.571+0800][3.507s] GC(2) Archive regions: 0->0
[2024-04-12T15:33:53.571+0800][3.507s] GC(2) Humongous regions: 4->4
[2024-04-12T15:33:53.571+0800][3.507s] GC(2) Metaspace: 21040K(21504K)->21040K(21504K) NonClass: 18717K(18944K)->18717K(18944K) Class: 2322K(2560K)->2322K(2560K)
[2024-04-12T15:33:53.571+0800][3.507s] GC(2) Pause Young (Concurrent Start) (Metadata GC Threshold) 167M->23M(512M) 5.958ms
[2024-04-12T15:33:53.571+0800][3.507s] GC(3) Concurrent Mark Cycle
[2024-04-12T15:33:53.571+0800][3.507s] GC(2) User=0.00s Sys=0.00s Real=0.01s
[2024-04-12T15:33:53.571+0800][3.507s] GC(3) Concurrent Clear Claimed Marks
[2024-04-12T15:33:53.571+0800][3.507s] GC(3) Concurrent Clear Claimed Marks 0.082ms
[2024-04-12T15:33:53.571+0800][3.507s] GC(3) Concurrent Scan Root Regions
[2024-04-12T15:33:53.574+0800][3.510s] GC(3) Concurrent Scan Root Regions 2.473ms
[2024-04-12T15:33:53.574+0800][3.510s] GC(3) Concurrent Mark
[2024-04-12T15:33:53.574+0800][3.510s] GC(3) Concurrent Mark From Roots
[2024-04-12T15:33:53.574+0800][3.510s] GC(3) Using 2 workers of 2 for marking
[2024-04-12T15:33:53.580+0800][3.516s] GC(3) Concurrent Mark From Roots 6.302ms
[2024-04-12T15:33:53.580+0800][3.516s] GC(3) Concurrent Preclean
[2024-04-12T15:33:53.580+0800][3.516s] GC(3) Concurrent Preclean 0.066ms
[2024-04-12T15:33:53.580+0800][3.517s] GC(3) Pause Remark
[2024-04-12T15:33:53.582+0800][3.519s] GC(3) Pause Remark 24M->24M(512M) 1.867ms
[2024-04-12T15:33:53.582+0800][3.519s] GC(3) User=0.00s Sys=0.00s Real=0.00s
[2024-04-12T15:33:53.582+0800][3.519s] GC(3) Concurrent Mark 8.602ms
[2024-04-12T15:33:53.583+0800][3.519s] GC(3) Concurrent Rebuild Remembered Sets
[2024-04-12T15:33:53.585+0800][3.522s] GC(3) Concurrent Rebuild Remembered Sets 3.216ms
[2024-04-12T15:33:53.586+0800][3.522s] GC(3) Pause Cleanup
[2024-04-12T15:33:53.586+0800][3.522s] GC(3) Pause Cleanup 24M->24M(512M) 0.161ms
[2024-04-12T15:33:53.586+0800][3.522s] GC(3) User=0.00s Sys=0.00s Real=0.00s
[2024-04-12T15:33:53.586+0800][3.522s] GC(3) Concurrent Cleanup for Next Mark
[2024-04-12T15:33:53.587+0800][3.523s] GC(3) Concurrent Cleanup for Next Mark 0.527ms
[2024-04-12T15:33:53.587+0800][3.523s] GC(3) Concurrent Mark Cycle 15.598ms
[2024-04-12T15:33:53.627+0800][3.563s] GC(4) Pause Young (Concurrent Start) (CodeCache GC Threshold)
[2024-04-12T15:33:53.627+0800][3.563s] GC(4) Using 6 workers of 6 for evacuation
[2024-04-12T15:33:53.631+0800][3.567s] GC(4)   Pre Evacuate Collection Set: 0.1ms
[2024-04-12T15:33:53.631+0800][3.567s] GC(4)   Merge Heap Roots: 0.0ms
[2024-04-12T15:33:53.631+0800][3.567s] GC(4)   Evacuate Collection Set: 3.5ms
[2024-04-12T15:33:53.631+0800][3.567s] GC(4)   Post Evacuate Collection Set: 0.5ms
[2024-04-12T15:33:53.631+0800][3.567s] GC(4)   Other: 0.1ms
[2024-04-12T15:33:53.631+0800][3.567s] GC(4) Eden regions: 4->0(295)
[2024-04-12T15:33:53.631+0800][3.567s] GC(4) Survivor regions: 12->12(39)
[2024-04-12T15:33:53.631+0800][3.567s] GC(4) Old regions: 8->8
[2024-04-12T15:33:53.631+0800][3.567s] GC(4) Archive regions: 0->0
[2024-04-12T15:33:53.631+0800][3.567s] GC(4) Humongous regions: 4->4
[2024-04-12T15:33:53.631+0800][3.567s] GC(4) Metaspace: 21363K(21760K)->21363K(21760K) NonClass: 18988K(19200K)->18988K(19200K) Class: 2374K(2560K)->2374K(2560K)
[2024-04-12T15:33:53.631+0800][3.567s] GC(4) Pause Young (Concurrent Start) (CodeCache GC Threshold) 26M->23M(512M) 4.591ms
[2024-04-12T15:33:53.631+0800][3.567s] GC(5) Concurrent Mark Cycle
[2024-04-12T15:33:53.631+0800][3.567s] GC(4) User=0.00s Sys=0.00s Real=0.01s
[2024-04-12T15:33:53.631+0800][3.567s] GC(5) Concurrent Clear Claimed Marks
[2024-04-12T15:33:53.631+0800][3.567s] GC(5) Concurrent Clear Claimed Marks 0.090ms
[2024-04-12T15:33:53.631+0800][3.568s] GC(5) Concurrent Scan Root Regions
[2024-04-12T15:33:53.633+0800][3.570s] GC(5) Concurrent Scan Root Regions 2.342ms
[2024-04-12T15:33:53.633+0800][3.570s] GC(5) Concurrent Mark
[2024-04-12T15:33:53.633+0800][3.570s] GC(5) Concurrent Mark From Roots
[2024-04-12T15:33:53.633+0800][3.570s] GC(5) Using 2 workers of 2 for marking
[2024-04-12T15:33:53.640+0800][3.576s] GC(5) Concurrent Mark From Roots 6.335ms
[2024-04-12T15:33:53.640+0800][3.576s] GC(5) Concurrent Preclean
[2024-04-12T15:33:53.640+0800][3.576s] GC(5) Concurrent Preclean 0.066ms
[2024-04-12T15:33:53.640+0800][3.577s] GC(5) Pause Remark
[2024-04-12T15:33:53.642+0800][3.579s] GC(5) Pause Remark 24M->24M(512M) 2.067ms
[2024-04-12T15:33:53.642+0800][3.579s] GC(5) User=0.00s Sys=0.00s Real=0.00s
[2024-04-12T15:33:53.642+0800][3.579s] GC(5) Concurrent Mark 9.042ms
[2024-04-12T15:33:53.643+0800][3.579s] GC(5) Concurrent Rebuild Remembered Sets
[2024-04-12T15:33:53.646+0800][3.582s] GC(5) Concurrent Rebuild Remembered Sets 3.322ms
[2024-04-12T15:33:53.647+0800][3.583s] GC(5) Pause Cleanup
[2024-04-12T15:33:53.647+0800][3.583s] GC(5) Pause Cleanup 24M->24M(512M) 0.103ms
[2024-04-12T15:33:53.647+0800][3.583s] GC(5) User=0.00s Sys=0.00s Real=0.00s
[2024-04-12T15:33:53.647+0800][3.583s] GC(5) Concurrent Cleanup for Next Mark
[2024-04-12T15:33:53.647+0800][3.583s] GC(5) Concurrent Cleanup for Next Mark 0.603ms
[2024-04-12T15:33:53.647+0800][3.583s] GC(5) Concurrent Mark Cycle 16.020ms
[2024-04-12T15:33:55.417+0800][5.354s] GC(6) Pause Young (Concurrent Start) (Metadata GC Threshold)
[2024-04-12T15:33:55.417+0800][5.354s] GC(6) Using 6 workers of 6 for evacuation
[2024-04-12T15:33:55.425+0800][5.361s] GC(6)   Pre Evacuate Collection Set: 0.1ms
[2024-04-12T15:33:55.425+0800][5.361s] GC(6)   Merge Heap Roots: 0.1ms
[2024-04-12T15:33:55.425+0800][5.361s] GC(6)   Evacuate Collection Set: 5.9ms
[2024-04-12T15:33:55.425+0800][5.361s] GC(6)   Post Evacuate Collection Set: 0.8ms
[2024-04-12T15:33:55.425+0800][5.361s] GC(6)   Other: 0.1ms
[2024-04-12T15:33:55.425+0800][5.361s] GC(6) Eden regions: 121->0(289)
[2024-04-12T15:33:55.425+0800][5.361s] GC(6) Survivor regions: 12->18(39)
[2024-04-12T15:33:55.425+0800][5.361s] GC(6) Old regions: 8->8
[2024-04-12T15:33:55.425+0800][5.361s] GC(6) Archive regions: 0->0
[2024-04-12T15:33:55.425+0800][5.361s] GC(6) Humongous regions: 5->4
[2024-04-12T15:33:55.425+0800][5.361s] GC(6) Metaspace: 35983K(36416K)->35983K(36416K) NonClass: 31884K(32064K)->31884K(32064K) Class: 4098K(4352K)->4098K(4352K)
[2024-04-12T15:33:55.425+0800][5.361s] GC(6) Pause Young (Concurrent Start) (Metadata GC Threshold) 145M->29M(512M) 7.171ms
[2024-04-12T15:33:55.425+0800][5.361s] GC(7) Concurrent Mark Cycle
[2024-04-12T15:33:55.425+0800][5.361s] GC(6) User=0.00s Sys=0.00s Real=0.01s
[2024-04-12T15:33:55.425+0800][5.361s] GC(7) Concurrent Clear Claimed Marks
[2024-04-12T15:33:55.425+0800][5.361s] GC(7) Concurrent Clear Claimed Marks 0.085ms
[2024-04-12T15:33:55.425+0800][5.361s] GC(7) Concurrent Scan Root Regions
[2024-04-12T15:33:55.428+0800][5.365s] GC(7) Concurrent Scan Root Regions 3.788ms
[2024-04-12T15:33:55.428+0800][5.365s] GC(7) Concurrent Mark
[2024-04-12T15:33:55.428+0800][5.365s] GC(7) Concurrent Mark From Roots
[2024-04-12T15:33:55.428+0800][5.365s] GC(7) Using 2 workers of 2 for marking
[2024-04-12T15:33:55.435+0800][5.371s] GC(7) Concurrent Mark From Roots 6.232ms
[2024-04-12T15:33:55.435+0800][5.371s] GC(7) Concurrent Preclean
[2024-04-12T15:33:55.435+0800][5.371s] GC(7) Concurrent Preclean 0.060ms
[2024-04-12T15:33:55.435+0800][5.371s] GC(7) Pause Remark
[2024-04-12T15:33:55.437+0800][5.373s] GC(7) Pause Remark 30M->30M(512M) 2.073ms
[2024-04-12T15:33:55.437+0800][5.373s] GC(7) User=0.00s Sys=0.00s Real=0.00s
[2024-04-12T15:33:55.437+0800][5.374s] GC(7) Concurrent Mark 8.702ms
[2024-04-12T15:33:55.437+0800][5.374s] GC(7) Concurrent Rebuild Remembered Sets
[2024-04-12T15:33:55.440+0800][5.377s] GC(7) Concurrent Rebuild Remembered Sets 3.021ms
[2024-04-12T15:33:55.440+0800][5.377s] GC(7) Pause Cleanup
[2024-04-12T15:33:55.441+0800][5.377s] GC(7) Pause Cleanup 30M->30M(512M) 0.116ms
[2024-04-12T15:33:55.441+0800][5.377s] GC(7) User=0.00s Sys=0.00s Real=0.00s
[2024-04-12T15:33:55.441+0800][5.377s] GC(7) Concurrent Cleanup for Next Mark
[2024-04-12T15:33:55.441+0800][5.378s] GC(7) Concurrent Cleanup for Next Mark 0.695ms
[2024-04-12T15:33:55.441+0800][5.378s] GC(7) Concurrent Mark Cycle 16.875ms
[2024-04-12T15:33:56.374+0800][6.310s] GC(8) Pause Young (Concurrent Start) (CodeCache GC Threshold)
[2024-04-12T15:33:56.374+0800][6.310s] GC(8) Using 6 workers of 6 for evacuation
[2024-04-12T15:33:56.383+0800][6.319s] GC(8)   Pre Evacuate Collection Set: 0.1ms
[2024-04-12T15:33:56.383+0800][6.320s] GC(8)   Merge Heap Roots: 0.1ms
[2024-04-12T15:33:56.383+0800][6.320s] GC(8)   Evacuate Collection Set: 7.8ms
[2024-04-12T15:33:56.383+0800][6.320s] GC(8)   Post Evacuate Collection Set: 1.0ms
[2024-04-12T15:33:56.383+0800][6.320s] GC(8)   Other: 0.1ms
[2024-04-12T15:33:56.383+0800][6.320s] GC(8) Eden regions: 126->0(281)
[2024-04-12T15:33:56.383+0800][6.320s] GC(8) Survivor regions: 18->26(39)
[2024-04-12T15:33:56.383+0800][6.320s] GC(8) Old regions: 8->8
[2024-04-12T15:33:56.383+0800][6.320s] GC(8) Archive regions: 0->0
[2024-04-12T15:33:56.383+0800][6.320s] GC(8) Humongous regions: 5->4
[2024-04-12T15:33:56.383+0800][6.320s] GC(8) Metaspace: 44053K(44544K)->44053K(44544K) NonClass: 38876K(39104K)->38876K(39104K) Class: 5177K(5440K)->5177K(5440K)
[2024-04-12T15:33:56.384+0800][6.320s] GC(8) Pause Young (Concurrent Start) (CodeCache GC Threshold) 155M->37M(512M) 9.334ms
[2024-04-12T15:33:56.384+0800][6.320s] GC(9) Concurrent Mark Cycle
[2024-04-12T15:33:56.384+0800][6.320s] GC(8) User=0.00s Sys=0.00s Real=0.01s
[2024-04-12T15:33:56.384+0800][6.320s] GC(9) Concurrent Clear Claimed Marks
[2024-04-12T15:33:56.384+0800][6.320s] GC(9) Concurrent Clear Claimed Marks 0.096ms
[2024-04-12T15:33:56.384+0800][6.320s] GC(9) Concurrent Scan Root Regions
[2024-04-12T15:33:56.388+0800][6.325s] GC(9) Concurrent Scan Root Regions 5.262ms
[2024-04-12T15:33:56.388+0800][6.325s] GC(9) Concurrent Mark
[2024-04-12T15:33:56.388+0800][6.325s] GC(9) Concurrent Mark From Roots
[2024-04-12T15:33:56.388+0800][6.325s] GC(9) Using 2 workers of 2 for marking
[2024-04-12T15:33:56.395+0800][6.332s] GC(9) Concurrent Mark From Roots 6.290ms
[2024-04-12T15:33:56.395+0800][6.332s] GC(9) Concurrent Preclean
[2024-04-12T15:33:56.396+0800][6.332s] GC(9) Concurrent Preclean 0.066ms
[2024-04-12T15:33:56.398+0800][6.334s] GC(9) Pause Remark
[2024-04-12T15:33:56.400+0800][6.336s] GC(9) Pause Remark 39M->39M(512M) 2.114ms
[2024-04-12T15:33:56.400+0800][6.336s] GC(9) User=0.00s Sys=0.00s Real=0.00s
[2024-04-12T15:33:56.400+0800][6.336s] GC(9) Concurrent Mark 11.145ms
[2024-04-12T15:33:56.400+0800][6.336s] GC(9) Concurrent Rebuild Remembered Sets
[2024-04-12T15:33:56.404+0800][6.340s] GC(9) Concurrent Rebuild Remembered Sets 3.275ms
[2024-04-12T15:33:56.404+0800][6.340s] GC(9) Pause Cleanup
[2024-04-12T15:33:56.404+0800][6.340s] GC(9) Pause Cleanup 40M->40M(512M) 0.125ms
[2024-04-12T15:33:56.404+0800][6.340s] GC(9) User=0.00s Sys=0.00s Real=0.00s
[2024-04-12T15:33:56.404+0800][6.340s] GC(9) Concurrent Cleanup for Next Mark
[2024-04-12T15:33:56.404+0800][6.341s] GC(9) Concurrent Cleanup for Next Mark 0.697ms
[2024-04-12T15:33:56.404+0800][6.341s] GC(9) Concurrent Mark Cycle 21.131ms
[2024-04-12T15:33:56.411+0800][6.348s] GC(10) Pause Young (Concurrent Start) (CodeCache GC Threshold)
[2024-04-12T15:33:56.411+0800][6.348s] GC(10) Using 6 workers of 6 for evacuation
[2024-04-12T15:33:56.419+0800][6.356s] GC(10)   Pre Evacuate Collection Set: 0.1ms
[2024-04-12T15:33:56.420+0800][6.356s] GC(10)   Merge Heap Roots: 0.1ms
[2024-04-12T15:33:56.420+0800][6.356s] GC(10)   Evacuate Collection Set: 7.2ms
[2024-04-12T15:33:56.420+0800][6.356s] GC(10)   Post Evacuate Collection Set: 0.8ms
[2024-04-12T15:33:56.420+0800][6.356s] GC(10)   Other: 0.1ms
[2024-04-12T15:33:56.420+0800][6.356s] GC(10) Eden regions: 3->0(286)
[2024-04-12T15:33:56.420+0800][6.356s] GC(10) Survivor regions: 26->21(39)
[2024-04-12T15:33:56.420+0800][6.357s] GC(10) Old regions: 8->14
[2024-04-12T15:33:56.420+0800][6.357s] GC(10) Archive regions: 0->0
[2024-04-12T15:33:56.420+0800][6.357s] GC(10) Humongous regions: 4->4
[2024-04-12T15:33:56.420+0800][6.357s] GC(10) Metaspace: 44148K(44608K)->44148K(44608K) NonClass: 38956K(39168K)->38956K(39168K) Class: 5191K(5440K)->5191K(5440K)
[2024-04-12T15:33:56.420+0800][6.357s] GC(10) Pause Young (Concurrent Start) (CodeCache GC Threshold) 40M->38M(512M) 8.631ms
[2024-04-12T15:33:56.420+0800][6.357s] GC(11) Concurrent Mark Cycle
[2024-04-12T15:33:56.420+0800][6.357s] GC(10) User=0.02s Sys=0.00s Real=0.01s
[2024-04-12T15:33:56.420+0800][6.357s] GC(11) Concurrent Clear Claimed Marks
[2024-04-12T15:33:56.420+0800][6.357s] GC(11) Concurrent Clear Claimed Marks 0.075ms
[2024-04-12T15:33:56.420+0800][6.357s] GC(11) Concurrent Scan Root Regions
[2024-04-12T15:33:56.426+0800][6.362s] GC(11) Concurrent Scan Root Regions 5.207ms
[2024-04-12T15:33:56.426+0800][6.362s] GC(11) Concurrent Mark
[2024-04-12T15:33:56.426+0800][6.362s] GC(11) Concurrent Mark From Roots
[2024-04-12T15:33:56.426+0800][6.362s] GC(11) Using 2 workers of 2 for marking
[2024-04-12T15:33:56.433+0800][6.369s] GC(11) Concurrent Mark From Roots 6.600ms
[2024-04-12T15:33:56.433+0800][6.369s] GC(11) Concurrent Preclean
[2024-04-12T15:33:56.433+0800][6.369s] GC(11) Concurrent Preclean 0.063ms
[2024-04-12T15:33:56.433+0800][6.369s] GC(11) Pause Remark
[2024-04-12T15:33:56.435+0800][6.371s] GC(11) Pause Remark 38M->38M(512M) 2.311ms
[2024-04-12T15:33:56.435+0800][6.371s] GC(11) User=0.00s Sys=0.00s Real=0.00s
[2024-04-12T15:33:56.436+0800][6.372s] GC(11) Concurrent Mark 9.537ms
[2024-04-12T15:33:56.436+0800][6.372s] GC(11) Concurrent Rebuild Remembered Sets
[2024-04-12T15:33:56.440+0800][6.376s] GC(11) Concurrent Rebuild Remembered Sets 4.430ms
[2024-04-12T15:33:56.440+0800][6.376s] GC(11) Pause Cleanup
[2024-04-12T15:33:56.440+0800][6.376s] GC(11) Pause Cleanup 38M->38M(512M) 0.115ms
[2024-04-12T15:33:56.440+0800][6.376s] GC(11) User=0.00s Sys=0.00s Real=0.00s
[2024-04-12T15:33:56.440+0800][6.377s] GC(11) Concurrent Cleanup for Next Mark
[2024-04-12T15:33:56.441+0800][6.377s] GC(11) Concurrent Cleanup for Next Mark 0.616ms
[2024-04-12T15:33:56.441+0800][6.377s] GC(11) Concurrent Mark Cycle 20.618ms
[2024-04-12T15:33:56.442+0800][6.378s] GC(12) Pause Young (Concurrent Start) (CodeCache GC Threshold)
[2024-04-12T15:33:56.442+0800][6.378s] GC(12) Using 6 workers of 6 for evacuation
[2024-04-12T15:33:56.449+0800][6.385s] GC(12)   Pre Evacuate Collection Set: 0.1ms
[2024-04-12T15:33:56.449+0800][6.385s] GC(12)   Merge Heap Roots: 0.0ms
[2024-04-12T15:33:56.449+0800][6.385s] GC(12)   Evacuate Collection Set: 5.9ms
[2024-04-12T15:33:56.449+0800][6.385s] GC(12)   Post Evacuate Collection Set: 0.9ms
[2024-04-12T15:33:56.449+0800][6.385s] GC(12)   Other: 0.1ms
[2024-04-12T15:33:56.449+0800][6.385s] GC(12) Eden regions: 1->0(285)
[2024-04-12T15:33:56.449+0800][6.385s] GC(12) Survivor regions: 21->22(39)
[2024-04-12T15:33:56.449+0800][6.385s] GC(12) Old regions: 14->14
[2024-04-12T15:33:56.449+0800][6.385s] GC(12) Archive regions: 0->0
[2024-04-12T15:33:56.449+0800][6.385s] GC(12) Humongous regions: 4->4
[2024-04-12T15:33:56.449+0800][6.385s] GC(12) Metaspace: 44219K(44736K)->44219K(44736K) NonClass: 39023K(39296K)->39023K(39296K) Class: 5196K(5440K)->5196K(5440K)
[2024-04-12T15:33:56.449+0800][6.385s] GC(12) Pause Young (Concurrent Start) (CodeCache GC Threshold) 38M->39M(512M) 7.275ms
[2024-04-12T15:33:56.449+0800][6.385s] GC(13) Concurrent Mark Cycle
[2024-04-12T15:33:56.449+0800][6.385s] GC(12) User=0.00s Sys=0.00s Real=0.01s
[2024-04-12T15:33:56.449+0800][6.385s] GC(13) Concurrent Clear Claimed Marks
[2024-04-12T15:33:56.449+0800][6.385s] GC(13) Concurrent Clear Claimed Marks 0.090ms
[2024-04-12T15:33:56.449+0800][6.385s] GC(13) Concurrent Scan Root Regions
[2024-04-12T15:33:56.453+0800][6.389s] GC(13) Concurrent Scan Root Regions 4.086ms
[2024-04-12T15:33:56.453+0800][6.390s] GC(13) Concurrent Mark
[2024-04-12T15:33:56.453+0800][6.390s] GC(13) Concurrent Mark From Roots
[2024-04-12T15:33:56.453+0800][6.390s] GC(13) Using 2 workers of 2 for marking
[2024-04-12T15:33:56.464+0800][6.400s] GC(13) Concurrent Mark From Roots 10.762ms
[2024-04-12T15:33:56.464+0800][6.400s] GC(13) Concurrent Preclean
[2024-04-12T15:33:56.464+0800][6.400s] GC(13) Concurrent Preclean 0.071ms
[2024-04-12T15:33:56.464+0800][6.401s] GC(13) Pause Remark
[2024-04-12T15:33:56.467+0800][6.404s] GC(13) Pause Remark 41M->41M(512M) 2.945ms
[2024-04-12T15:33:56.467+0800][6.404s] GC(13) User=0.00s Sys=0.00s Real=0.00s
[2024-04-12T15:33:56.467+0800][6.404s] GC(13) Concurrent Mark 14.164ms
[2024-04-12T15:33:56.467+0800][6.404s] GC(13) Concurrent Rebuild Remembered Sets
[2024-04-12T15:33:56.472+0800][6.408s] GC(13) Concurrent Rebuild Remembered Sets 4.574ms
[2024-04-12T15:33:56.472+0800][6.408s] GC(13) Pause Cleanup
[2024-04-12T15:33:56.473+0800][6.409s] GC(13) Pause Cleanup 41M->41M(512M) 0.108ms
[2024-04-12T15:33:56.473+0800][6.409s] GC(13) User=0.00s Sys=0.00s Real=0.00s
[2024-04-12T15:33:56.473+0800][6.409s] GC(13) Concurrent Cleanup for Next Mark
[2024-04-12T15:33:56.473+0800][6.409s] GC(13) Concurrent Cleanup for Next Mark 0.580ms
[2024-04-12T15:33:56.473+0800][6.409s] GC(13) Concurrent Mark Cycle 24.043ms
[2024-04-12T15:34:21.049+0800][30.986s] GC(14) Pause Young (Normal) (G1 Evacuation Pause)
[2024-04-12T15:34:21.050+0800][30.986s] GC(14) Using 6 workers of 6 for evacuation
[2024-04-12T15:34:21.061+0800][30.997s] GC(14)   Pre Evacuate Collection Set: 0.1ms
[2024-04-12T15:34:21.061+0800][30.997s] GC(14)   Merge Heap Roots: 0.1ms
[2024-04-12T15:34:21.061+0800][30.997s] GC(14)   Evacuate Collection Set: 9.1ms
[2024-04-12T15:34:21.061+0800][30.997s] GC(14)   Post Evacuate Collection Set: 1.5ms
[2024-04-12T15:34:21.061+0800][30.997s] GC(14)   Other: 0.2ms
[2024-04-12T15:34:21.061+0800][30.997s] GC(14) Eden regions: 285->0(277)
[2024-04-12T15:34:21.061+0800][30.997s] GC(14) Survivor regions: 22->30(39)
[2024-04-12T15:34:21.061+0800][30.997s] GC(14) Old regions: 14->14
[2024-04-12T15:34:21.061+0800][30.997s] GC(14) Archive regions: 0->0
[2024-04-12T15:34:21.061+0800][30.997s] GC(14) Humongous regions: 4->4
[2024-04-12T15:34:21.061+0800][30.997s] GC(14) Metaspace: 56893K(57536K)->56893K(57536K) NonClass: 50066K(50432K)->50066K(50432K) Class: 6827K(7104K)->6827K(7104K)
[2024-04-12T15:34:21.061+0800][30.997s] GC(14) Pause Young (Normal) (G1 Evacuation Pause) 324M->47M(512M) 11.383ms
[2024-04-12T15:34:21.061+0800][30.997s] GC(14) User=0.09s Sys=0.00s Real=0.01s
[2024-04-12T15:36:56.539+0800][186.475s] GC(15) Pause Young (Concurrent Start) (CodeCache GC Threshold)
[2024-04-12T15:36:56.539+0800][186.476s] GC(15) Using 6 workers of 6 for evacuation
[2024-04-12T15:36:56.552+0800][186.489s] GC(15)   Pre Evacuate Collection Set: 0.3ms
[2024-04-12T15:36:56.552+0800][186.489s] GC(15)   Merge Heap Roots: 0.1ms
[2024-04-12T15:36:56.552+0800][186.489s] GC(15)   Evacuate Collection Set: 10.4ms
[2024-04-12T15:36:56.552+0800][186.489s] GC(15)   Post Evacuate Collection Set: 2.1ms
[2024-04-12T15:36:56.552+0800][186.489s] GC(15)   Other: 0.1ms
[2024-04-12T15:36:56.552+0800][186.489s] GC(15) Eden regions: 51->0(287)
[2024-04-12T15:36:56.552+0800][186.489s] GC(15) Survivor regions: 30->20(39)
[2024-04-12T15:36:56.552+0800][186.489s] GC(15) Old regions: 14->25
[2024-04-12T15:36:56.552+0800][186.489s] GC(15) Archive regions: 0->0
[2024-04-12T15:36:56.552+0800][186.489s] GC(15) Humongous regions: 4->4
[2024-04-12T15:36:56.552+0800][186.489s] GC(15) Metaspace: 58262K(58880K)->58262K(58880K) NonClass: 51331K(51648K)->51331K(51648K) Class: 6931K(7232K)->6931K(7232K)
[2024-04-12T15:36:56.552+0800][186.489s] GC(15) Pause Young (Concurrent Start) (CodeCache GC Threshold) 98M->48M(512M) 13.353ms
[2024-04-12T15:36:56.552+0800][186.489s] GC(16) Concurrent Mark Cycle
[2024-04-12T15:36:56.552+0800][186.489s] GC(15) User=0.00s Sys=0.00s Real=0.01s
[2024-04-12T15:36:56.552+0800][186.489s] GC(16) Concurrent Clear Claimed Marks
[2024-04-12T15:36:56.553+0800][186.489s] GC(16) Concurrent Clear Claimed Marks 0.111ms
[2024-04-12T15:36:56.553+0800][186.489s] GC(16) Concurrent Scan Root Regions
[2024-04-12T15:36:56.558+0800][186.496s] GC(16) Concurrent Scan Root Regions 7.027ms
[2024-04-12T15:36:56.558+0800][186.496s] GC(16) Concurrent Mark
[2024-04-12T15:36:56.558+0800][186.496s] GC(16) Concurrent Mark From Roots
[2024-04-12T15:36:56.558+0800][186.496s] GC(16) Using 2 workers of 2 for marking
[2024-04-12T15:36:56.571+0800][186.507s] GC(16) Concurrent Mark From Roots 11.006ms
[2024-04-12T15:36:56.571+0800][186.507s] GC(16) Concurrent Preclean
[2024-04-12T15:36:56.571+0800][186.507s] GC(16) Concurrent Preclean 0.072ms
[2024-04-12T15:36:56.571+0800][186.507s] GC(16) Pause Remark
[2024-04-12T15:36:56.575+0800][186.512s] GC(16) Pause Remark 49M->49M(512M) 4.083ms
[2024-04-12T15:36:56.575+0800][186.512s] GC(16) User=0.02s Sys=0.00s Real=0.00s
[2024-04-12T15:36:56.575+0800][186.512s] GC(16) Concurrent Mark 15.612ms
[2024-04-12T15:36:56.575+0800][186.512s] GC(16) Concurrent Rebuild Remembered Sets
[2024-04-12T15:36:56.578+0800][186.519s] GC(16) Concurrent Rebuild Remembered Sets 6.795ms
[2024-04-12T15:36:56.578+0800][186.519s] GC(16) Pause Cleanup
[2024-04-12T15:36:56.578+0800][186.519s] GC(16) Pause Cleanup 50M->50M(512M) 0.138ms
[2024-04-12T15:36:56.578+0800][186.519s] GC(16) User=0.00s Sys=0.00s Real=0.00s
[2024-04-12T15:36:56.578+0800][186.519s] GC(16) Concurrent Cleanup for Next Mark
[2024-04-12T15:36:56.578+0800][186.520s] GC(16) Concurrent Cleanup for Next Mark 0.594ms
[2024-04-12T15:36:56.578+0800][186.520s] GC(16) Concurrent Mark Cycle 30.783ms
[2024-04-12T17:21:01.153+0800][6431.089s] GC(17) Pause Young (Normal) (G1 Evacuation Pause)
[2024-04-12T17:21:01.153+0800][6431.090s] GC(17) Using 6 workers of 6 for evacuation
[2024-04-12T17:21:01.184+0800][6431.120s] GC(17)   Pre Evacuate Collection Set: 0.7ms
[2024-04-12T17:21:01.184+0800][6431.120s] GC(17)   Merge Heap Roots: 0.4ms
[2024-04-12T17:21:01.184+0800][6431.120s] GC(17)   Evacuate Collection Set: 27.5ms
[2024-04-12T17:21:01.184+0800][6431.120s] GC(17)   Post Evacuate Collection Set: 1.6ms
[2024-04-12T17:21:01.184+0800][6431.120s] GC(17)   Other: 0.4ms
[2024-04-12T17:21:01.184+0800][6431.120s] GC(17) Eden regions: 287->0(287)
[2024-04-12T17:21:01.184+0800][6431.120s] GC(17) Survivor regions: 20->20(39)
[2024-04-12T17:21:01.184+0800][6431.120s] GC(17) Old regions: 25->25
[2024-04-12T17:21:01.184+0800][6431.120s] GC(17) Archive regions: 0->0
[2024-04-12T17:21:01.184+0800][6431.120s] GC(17) Humongous regions: 4->4
[2024-04-12T17:21:01.184+0800][6431.120s] GC(17) Metaspace: 58421K(59072K)->58421K(59072K) NonClass: 51478K(51840K)->51478K(51840K) Class: 6943K(7232K)->6943K(7232K)
[2024-04-12T17:21:01.184+0800][6431.120s] GC(17) Pause Young (Normal) (G1 Evacuation Pause) 335M->48M(512M) 31.058ms
[2024-04-12T17:21:01.184+0800][6431.120s] GC(17) User=0.02s Sys=0.02s Real=0.03s
[2024-04-12T17:34:13.474+0800][7223.410s] GC(18) Pause Young (Normal) (G1 Evacuation Pause)
[2024-04-12T17:34:13.474+0800][7223.410s] GC(18) Using 6 workers of 6 for evacuation
[2024-04-12T17:34:13.481+0800][7223.417s] GC(18)   Pre Evacuate Collection Set: 0.1ms
[2024-04-12T17:34:13.481+0800][7223.417s] GC(18)   Merge Heap Roots: 0.1ms
[2024-04-12T17:34:13.481+0800][7223.417s] GC(18)   Evacuate Collection Set: 5.7ms
[2024-04-12T17:34:13.481+0800][7223.417s] GC(18)   Post Evacuate Collection Set: 1.2ms
[2024-04-12T17:34:13.481+0800][7223.417s] GC(18)   Other: 0.1ms
[2024-04-12T17:34:13.481+0800][7223.417s] GC(18) Eden regions: 287->0(287)
[2024-04-12T17:34:13.481+0800][7223.417s] GC(18) Survivor regions: 20->20(39)
[2024-04-12T17:34:13.481+0800][7223.417s] GC(18) Old regions: 25->25
[2024-04-12T17:34:13.481+0800][7223.417s] GC(18) Archive regions: 0->0
[2024-04-12T17:34:13.481+0800][7223.417s] GC(18) Humongous regions: 4->4
[2024-04-12T17:34:13.481+0800][7223.417s] GC(18) Metaspace: 58518K(59136K)->58518K(59136K) NonClass: 51569K(51904K)->51569K(51904K) Class: 6949K(7232K)->6949K(7232K)
[2024-04-12T17:34:13.481+0800][7223.417s] GC(18) Pause Young (Normal) (G1 Evacuation Pause) 335M->48M(512M) 7.620ms
[2024-04-12T17:34:13.481+0800][7223.417s] GC(18) User=0.02s Sys=0.00s Real=0.01s
[2024-04-12T17:39:31.328+0800][7541.264s] GC(19) Pause Young (Normal) (G1 Evacuation Pause)
[2024-04-12T17:39:31.328+0800][7541.264s] GC(19) Using 6 workers of 6 for evacuation
[2024-04-12T17:39:31.336+0800][7541.272s] GC(19)   Pre Evacuate Collection Set: 0.1ms
[2024-04-12T17:39:31.336+0800][7541.272s] GC(19)   Merge Heap Roots: 0.1ms
[2024-04-12T17:39:31.336+0800][7541.272s] GC(19)   Evacuate Collection Set: 6.0ms
[2024-04-12T17:39:31.336+0800][7541.272s] GC(19)   Post Evacuate Collection Set: 1.1ms
[2024-04-12T17:39:31.336+0800][7541.272s] GC(19)   Other: 0.1ms
[2024-04-12T17:39:31.336+0800][7541.272s] GC(19) Eden regions: 287->0(287)
[2024-04-12T17:39:31.336+0800][7541.272s] GC(19) Survivor regions: 20->20(39)
[2024-04-12T17:39:31.336+0800][7541.272s] GC(19) Old regions: 25->25
[2024-04-12T17:39:31.336+0800][7541.272s] GC(19) Archive regions: 0->0
[2024-04-12T17:39:31.336+0800][7541.272s] GC(19) Humongous regions: 4->4
[2024-04-12T17:39:31.336+0800][7541.272s] GC(19) Metaspace: 58709K(59392K)->58709K(59392K) NonClass: 51745K(52096K)->51745K(52096K) Class: 6964K(7296K)->6964K(7296K)
[2024-04-12T17:39:31.336+0800][7541.272s] GC(19) Pause Young (Normal) (G1 Evacuation Pause) 335M->48M(512M) 7.788ms
[2024-04-12T17:39:31.336+0800][7541.272s] GC(19) User=0.00s Sys=0.00s Real=0.01s
[2024-04-12T17:39:31.436+0800][7541.372s] GC(20) Pause Young (Concurrent Start) (CodeCache GC Threshold)
[2024-04-12T17:39:31.436+0800][7541.372s] GC(20) Using 6 workers of 6 for evacuation
[2024-04-12T17:39:31.443+0800][7541.380s] GC(20)   Pre Evacuate Collection Set: 0.4ms
[2024-04-12T17:39:31.443+0800][7541.380s] GC(20)   Merge Heap Roots: 0.1ms
[2024-04-12T17:39:31.443+0800][7541.380s] GC(20)   Evacuate Collection Set: 6.6ms
[2024-04-12T17:39:31.443+0800][7541.380s] GC(20)   Post Evacuate Collection Set: 1.1ms
[2024-04-12T17:39:31.443+0800][7541.380s] GC(20)   Other: 0.1ms
[2024-04-12T17:39:31.443+0800][7541.380s] GC(20) Eden regions: 22->0(287)
[2024-04-12T17:39:31.443+0800][7541.380s] GC(20) Survivor regions: 20->20(39)
[2024-04-12T17:39:31.443+0800][7541.380s] GC(20) Old regions: 25->25
[2024-04-12T17:39:31.443+0800][7541.380s] GC(20) Archive regions: 0->0
[2024-04-12T17:39:31.443+0800][7541.380s] GC(20) Humongous regions: 4->4
[2024-04-12T17:39:31.444+0800][7541.380s] GC(20) Metaspace: 58713K(59392K)->58713K(59392K) NonClass: 51749K(52096K)->51749K(52096K) Class: 6964K(7296K)->6964K(7296K)
[2024-04-12T17:39:31.444+0800][7541.380s] GC(20) Pause Young (Concurrent Start) (CodeCache GC Threshold) 70M->48M(512M) 8.551ms
[2024-04-12T17:39:31.444+0800][7541.380s] GC(20) User=0.00s Sys=0.00s Real=0.01s
[2024-04-12T17:39:31.448+0800][7541.385s] GC(21) Concurrent Mark Cycle
[2024-04-12T17:39:31.448+0800][7541.385s] GC(21) Concurrent Clear Claimed Marks
[2024-04-12T17:39:31.448+0800][7541.385s] GC(21) Concurrent Clear Claimed Marks 0.077ms
[2024-04-12T17:39:31.448+0800][7541.385s] GC(21) Concurrent Scan Root Regions
[2024-04-12T17:39:31.458+0800][7541.394s] GC(21) Concurrent Scan Root Regions 8.970ms
[2024-04-12T17:39:31.458+0800][7541.394s] GC(21) Concurrent Mark
[2024-04-12T17:39:31.458+0800][7541.394s] GC(21) Concurrent Mark From Roots
[2024-04-12T17:39:31.458+0800][7541.394s] GC(21) Using 2 workers of 2 for marking
[2024-04-12T17:39:31.483+0800][7541.419s] GC(21) Concurrent Mark From Roots 25.502ms
[2024-04-12T17:39:31.483+0800][7541.419s] GC(21) Concurrent Preclean
[2024-04-12T17:39:31.484+0800][7541.420s] GC(21) Concurrent Preclean 0.596ms
[2024-04-12T17:39:31.484+0800][7541.420s] GC(21) Pause Remark
[2024-04-12T17:39:31.543+0800][7541.479s] GC(21) Pause Remark 54M->54M(512M) 59.062ms
[2024-04-12T17:39:31.543+0800][7541.479s] GC(21) User=0.00s Sys=0.02s Real=0.06s
[2024-04-12T17:39:31.543+0800][7541.479s] GC(21) Concurrent Mark 85.636ms
[2024-04-12T17:39:31.543+0800][7541.480s] GC(21) Concurrent Rebuild Remembered Sets
[2024-04-12T17:39:31.562+0800][7541.498s] GC(21) Concurrent Rebuild Remembered Sets 18.660ms
[2024-04-12T17:39:31.569+0800][7541.505s] GC(21) Pause Cleanup
[2024-04-12T17:39:31.569+0800][7541.505s] GC(21) Pause Cleanup 57M->57M(512M) 0.161ms
[2024-04-12T17:39:31.569+0800][7541.505s] GC(21) User=0.00s Sys=0.00s Real=0.00s
[2024-04-12T17:39:31.569+0800][7541.505s] GC(21) Concurrent Cleanup for Next Mark
[2024-04-12T17:39:31.573+0800][7541.509s] GC(21) Concurrent Cleanup for Next Mark 4.320ms
[2024-04-12T17:39:31.573+0800][7541.510s] GC(21) Concurrent Mark Cycle 124.988ms
[2024-04-12T17:39:31.663+0800][7541.599s] GC(22) Pause Young (Concurrent Start) (CodeCache GC Threshold)
[2024-04-12T17:39:31.663+0800][7541.599s] GC(22) Using 6 workers of 6 for evacuation
[2024-04-12T17:39:31.669+0800][7541.605s] GC(22)   Pre Evacuate Collection Set: 0.1ms
[2024-04-12T17:39:31.669+0800][7541.605s] GC(22)   Merge Heap Roots: 0.1ms
[2024-04-12T17:39:31.669+0800][7541.605s] GC(22)   Evacuate Collection Set: 5.4ms
[2024-04-12T17:39:31.669+0800][7541.605s] GC(22)   Post Evacuate Collection Set: 0.6ms
[2024-04-12T17:39:31.669+0800][7541.605s] GC(22)   Other: 0.1ms
[2024-04-12T17:39:31.669+0800][7541.605s] GC(22) Eden regions: 32->0(287)
[2024-04-12T17:39:31.669+0800][7541.605s] GC(22) Survivor regions: 20->20(39)
[2024-04-12T17:39:31.669+0800][7541.605s] GC(22) Old regions: 25->25
[2024-04-12T17:39:31.669+0800][7541.605s] GC(22) Archive regions: 0->0
[2024-04-12T17:39:31.669+0800][7541.605s] GC(22) Humongous regions: 4->4
[2024-04-12T17:39:31.669+0800][7541.605s] GC(22) Metaspace: 58500K(59392K)->58500K(59392K) NonClass: 51590K(52096K)->51590K(52096K) Class: 6909K(7296K)->6909K(7296K)
[2024-04-12T17:39:31.669+0800][7541.605s] GC(22) Pause Young (Concurrent Start) (CodeCache GC Threshold) 80M->48M(512M) 6.647ms
[2024-04-12T17:39:31.669+0800][7541.605s] GC(23) Concurrent Mark Cycle
[2024-04-12T17:39:31.669+0800][7541.605s] GC(22) User=0.02s Sys=0.00s Real=0.01s
[2024-04-12T17:39:31.669+0800][7541.605s] GC(23) Concurrent Clear Claimed Marks
[2024-04-12T17:39:31.669+0800][7541.605s] GC(23) Concurrent Clear Claimed Marks 0.092ms
[2024-04-12T17:39:31.669+0800][7541.605s] GC(23) Concurrent Scan Root Regions
[2024-04-12T17:39:31.674+0800][7541.610s] GC(23) Concurrent Scan Root Regions 4.594ms
[2024-04-12T17:39:31.674+0800][7541.610s] GC(23) Concurrent Mark
[2024-04-12T17:39:31.674+0800][7541.610s] GC(23) Concurrent Mark From Roots
[2024-04-12T17:39:31.674+0800][7541.610s] GC(23) Using 2 workers of 2 for marking
[2024-04-12T17:39:31.689+0800][7541.626s] GC(23) Concurrent Mark From Roots 16.054ms
[2024-04-12T17:39:31.689+0800][7541.626s] GC(23) Concurrent Preclean
[2024-04-12T17:39:31.690+0800][7541.627s] GC(23) Concurrent Preclean 0.396ms
[2024-04-12T17:39:31.690+0800][7541.627s] GC(23) Pause Remark
[2024-04-12T17:39:31.693+0800][7541.630s] GC(23) Pause Remark 52M->52M(512M) 3.159ms
[2024-04-12T17:39:31.693+0800][7541.630s] GC(23) User=0.00s Sys=0.00s Real=0.00s
[2024-04-12T17:39:31.694+0800][7541.631s] GC(23) Concurrent Mark 20.998ms
[2024-04-12T17:39:31.694+0800][7541.631s] GC(23) Concurrent Rebuild Remembered Sets
[2024-04-12T17:39:31.703+0800][7541.639s] GC(23) Concurrent Rebuild Remembered Sets 7.963ms
[2024-04-12T17:39:31.703+0800][7541.639s] GC(23) Pause Cleanup
[2024-04-12T17:39:31.703+0800][7541.639s] GC(23) Pause Cleanup 54M->54M(512M) 0.127ms
[2024-04-12T17:39:31.703+0800][7541.639s] GC(23) User=0.00s Sys=0.00s Real=0.00s
[2024-04-12T17:39:31.703+0800][7541.640s] GC(23) Concurrent Cleanup for Next Mark
[2024-04-12T17:39:31.706+0800][7541.642s] GC(23) Concurrent Cleanup for Next Mark 2.954ms
[2024-04-12T17:39:31.706+0800][7541.643s] GC(23) Concurrent Mark Cycle 37.300ms
[2024-04-12T17:40:39.313+0800][7609.249s] GC(24) Pause Young (Prepare Mixed) (G1 Evacuation Pause)
[2024-04-12T17:40:39.313+0800][7609.249s] GC(24) Using 6 workers of 6 for evacuation
[2024-04-12T17:40:39.320+0800][7609.256s] GC(24)   Pre Evacuate Collection Set: 0.1ms
[2024-04-12T17:40:39.320+0800][7609.256s] GC(24)   Merge Heap Roots: 0.1ms
[2024-04-12T17:40:39.320+0800][7609.256s] GC(24)   Evacuate Collection Set: 5.4ms
[2024-04-12T17:40:39.320+0800][7609.256s] GC(24)   Post Evacuate Collection Set: 0.8ms
[2024-04-12T17:40:39.320+0800][7609.256s] GC(24)   Other: 0.1ms
[2024-04-12T17:40:39.320+0800][7609.256s] GC(24) Eden regions: 287->0(5)
[2024-04-12T17:40:39.320+0800][7609.256s] GC(24) Survivor regions: 20->20(39)
[2024-04-12T17:40:39.320+0800][7609.256s] GC(24) Old regions: 25->25
[2024-04-12T17:40:39.320+0800][7609.256s] GC(24) Archive regions: 0->0
[2024-04-12T17:40:39.320+0800][7609.256s] GC(24) Humongous regions: 4->4
[2024-04-12T17:40:39.320+0800][7609.256s] GC(24) Metaspace: 58539K(59392K)->58539K(59392K) NonClass: 51630K(52096K)->51630K(52096K) Class: 6909K(7296K)->6909K(7296K)
[2024-04-12T17:40:39.320+0800][7609.256s] GC(24) Pause Young (Prepare Mixed) (G1 Evacuation Pause) 335M->48M(512M) 6.821ms
[2024-04-12T17:40:39.320+0800][7609.256s] GC(24) User=0.00s Sys=0.00s Real=0.01s
[2024-04-12T17:40:39.340+0800][7609.276s] GC(25) Pause Young (Mixed) (G1 Evacuation Pause)
[2024-04-12T17:40:39.340+0800][7609.276s] GC(25) Using 6 workers of 6 for evacuation
[2024-04-12T17:40:39.355+0800][7609.292s] GC(25)   Pre Evacuate Collection Set: 0.0ms
[2024-04-12T17:40:39.355+0800][7609.292s] GC(25)   Merge Heap Roots: 0.1ms
[2024-04-12T17:40:39.355+0800][7609.292s] GC(25)   Evacuate Collection Set: 14.5ms
[2024-04-12T17:40:39.355+0800][7609.292s] GC(25)   Post Evacuate Collection Set: 0.8ms
[2024-04-12T17:40:39.355+0800][7609.292s] GC(25)   Other: 0.1ms
[2024-04-12T17:40:39.355+0800][7609.292s] GC(25) Eden regions: 5->0(303)
[2024-04-12T17:40:39.355+0800][7609.292s] GC(25) Survivor regions: 20->4(4)
[2024-04-12T17:40:39.355+0800][7609.292s] GC(25) Old regions: 25->42
[2024-04-12T17:40:39.355+0800][7609.292s] GC(25) Archive regions: 0->0
[2024-04-12T17:40:39.355+0800][7609.292s] GC(25) Humongous regions: 4->4
[2024-04-12T17:40:39.355+0800][7609.292s] GC(25) Metaspace: 58539K(59392K)->58539K(59392K) NonClass: 51630K(52096K)->51630K(52096K) Class: 6909K(7296K)->6909K(7296K)
[2024-04-12T17:40:39.355+0800][7609.292s] GC(25) Pause Young (Mixed) (G1 Evacuation Pause) 53M->49M(512M) 15.766ms
[2024-04-12T17:40:39.355+0800][7609.292s] GC(25) User=0.00s Sys=0.00s Real=0.02s
[2024-04-12T17:41:21.017+0800][7650.954s] GC(26) Pause Young (Normal) (G1 Evacuation Pause)
[2024-04-12T17:41:21.017+0800][7650.954s] GC(26) Using 6 workers of 6 for evacuation
[2024-04-12T17:41:21.020+0800][7650.956s] GC(26)   Pre Evacuate Collection Set: 0.1ms
[2024-04-12T17:41:21.020+0800][7650.956s] GC(26)   Merge Heap Roots: 0.1ms
[2024-04-12T17:41:21.020+0800][7650.956s] GC(26)   Evacuate Collection Set: 1.1ms
[2024-04-12T17:41:21.020+0800][7650.956s] GC(26)   Post Evacuate Collection Set: 0.6ms
[2024-04-12T17:41:21.020+0800][7650.956s] GC(26)   Other: 0.1ms
[2024-04-12T17:41:21.020+0800][7650.956s] GC(26) Eden regions: 303->0(304)
[2024-04-12T17:41:21.020+0800][7650.956s] GC(26) Survivor regions: 4->3(39)
[2024-04-12T17:41:21.020+0800][7650.956s] GC(26) Old regions: 42->42
[2024-04-12T17:41:21.020+0800][7650.956s] GC(26) Archive regions: 0->0
[2024-04-12T17:41:21.020+0800][7650.956s] GC(26) Humongous regions: 4->4
[2024-04-12T17:41:21.020+0800][7650.956s] GC(26) Metaspace: 58684K(59392K)->58684K(59392K) NonClass: 51756K(52096K)->51756K(52096K) Class: 6927K(7296K)->6927K(7296K)
[2024-04-12T17:41:21.020+0800][7650.956s] GC(26) Pause Young (Normal) (G1 Evacuation Pause) 352M->47M(512M) 2.397ms
[2024-04-12T17:41:21.020+0800][7650.956s] GC(26) User=0.00s Sys=0.00s Real=0.00s
[2024-04-12T17:47:14.706+0800][8004.643s] GC(27) Pause Young (Normal) (G1 Evacuation Pause)
[2024-04-12T17:47:14.706+0800][8004.643s] GC(27) Using 6 workers of 6 for evacuation
[2024-04-12T17:47:14.708+0800][8004.645s] GC(27)   Pre Evacuate Collection Set: 0.1ms
[2024-04-12T17:47:14.708+0800][8004.645s] GC(27)   Merge Heap Roots: 0.1ms
[2024-04-12T17:47:14.708+0800][8004.645s] GC(27)   Evacuate Collection Set: 1.2ms
[2024-04-12T17:47:14.708+0800][8004.645s] GC(27)   Post Evacuate Collection Set: 0.7ms
[2024-04-12T17:47:14.708+0800][8004.645s] GC(27)   Other: 0.1ms
[2024-04-12T17:47:14.708+0800][8004.645s] GC(27) Eden regions: 304->0(304)
[2024-04-12T17:47:14.708+0800][8004.645s] GC(27) Survivor regions: 3->3(39)
[2024-04-12T17:47:14.708+0800][8004.645s] GC(27) Old regions: 42->42
[2024-04-12T17:47:14.708+0800][8004.645s] GC(27) Archive regions: 0->0
[2024-04-12T17:47:14.708+0800][8004.645s] GC(27) Humongous regions: 4->4
[2024-04-12T17:47:14.708+0800][8004.645s] GC(27) Metaspace: 58729K(59456K)->58729K(59456K) NonClass: 51802K(52160K)->51802K(52160K) Class: 6927K(7296K)->6927K(7296K)
[2024-04-12T17:47:14.708+0800][8004.645s] GC(27) Pause Young (Normal) (G1 Evacuation Pause) 351M->47M(512M) 2.508ms
[2024-04-12T17:47:14.708+0800][8004.645s] GC(27) User=0.00s Sys=0.00s Real=0.00s
[2024-04-12T17:47:32.152+0800][8022.088s] GC(28) Pause Young (Normal) (G1 Evacuation Pause)
[2024-04-12T17:47:32.152+0800][8022.089s] GC(28) Using 6 workers of 6 for evacuation
[2024-04-12T17:47:32.155+0800][8022.091s] GC(28)   Pre Evacuate Collection Set: 0.1ms
[2024-04-12T17:47:32.155+0800][8022.091s] GC(28)   Merge Heap Roots: 0.1ms
[2024-04-12T17:47:32.155+0800][8022.091s] GC(28)   Evacuate Collection Set: 1.3ms
[2024-04-12T17:47:32.155+0800][8022.091s] GC(28)   Post Evacuate Collection Set: 0.5ms
[2024-04-12T17:47:32.155+0800][8022.091s] GC(28)   Other: 0.1ms
[2024-04-12T17:47:32.155+0800][8022.091s] GC(28) Eden regions: 304->0(304)
[2024-04-12T17:47:32.155+0800][8022.091s] GC(28) Survivor regions: 3->3(39)
[2024-04-12T17:47:32.155+0800][8022.091s] GC(28) Old regions: 42->42
[2024-04-12T17:47:32.155+0800][8022.091s] GC(28) Archive regions: 0->0
[2024-04-12T17:47:32.155+0800][8022.091s] GC(28) Humongous regions: 4->4
[2024-04-12T17:47:32.155+0800][8022.091s] GC(28) Metaspace: 58781K(59520K)->58781K(59520K) NonClass: 51853K(52224K)->51853K(52224K) Class: 6927K(7296K)->6927K(7296K)
[2024-04-12T17:47:32.155+0800][8022.091s] GC(28) Pause Young (Normal) (G1 Evacuation Pause) 351M->47M(512M) 2.344ms
[2024-04-12T17:47:32.155+0800][8022.091s] GC(28) User=0.00s Sys=0.00s Real=0.00s
[2024-04-12T17:48:02.474+0800][8052.410s] GC(29) Pause Young (Normal) (G1 Evacuation Pause)
[2024-04-12T17:48:02.474+0800][8052.410s] GC(29) Using 6 workers of 6 for evacuation
[2024-04-12T17:48:02.476+0800][8052.412s] GC(29)   Pre Evacuate Collection Set: 0.1ms
[2024-04-12T17:48:02.476+0800][8052.412s] GC(29)   Merge Heap Roots: 0.1ms
[2024-04-12T17:48:02.476+0800][8052.412s] GC(29)   Evacuate Collection Set: 1.0ms
[2024-04-12T17:48:02.476+0800][8052.412s] GC(29)   Post Evacuate Collection Set: 0.6ms
[2024-04-12T17:48:02.476+0800][8052.412s] GC(29)   Other: 0.1ms
[2024-04-12T17:48:02.476+0800][8052.412s] GC(29) Eden regions: 304->0(304)
[2024-04-12T17:48:02.476+0800][8052.412s] GC(29) Survivor regions: 3->3(39)
[2024-04-12T17:48:02.476+0800][8052.412s] GC(29) Old regions: 42->42
[2024-04-12T17:48:02.476+0800][8052.412s] GC(29) Archive regions: 0->0
[2024-04-12T17:48:02.476+0800][8052.412s] GC(29) Humongous regions: 4->4
[2024-04-12T17:48:02.476+0800][8052.412s] GC(29) Metaspace: 58818K(59520K)->58818K(59520K) NonClass: 51888K(52224K)->51888K(52224K) Class: 6929K(7296K)->6929K(7296K)
[2024-04-12T17:48:02.476+0800][8052.412s] GC(29) Pause Young (Normal) (G1 Evacuation Pause) 351M->47M(512M) 2.234ms
[2024-04-12T17:48:02.476+0800][8052.412s] GC(29) User=0.00s Sys=0.00s Real=0.00s
[2024-04-12T17:48:29.872+0800][8079.808s] GC(30) Pause Young (Normal) (G1 Evacuation Pause)
[2024-04-12T17:48:29.872+0800][8079.808s] GC(30) Using 6 workers of 6 for evacuation
[2024-04-12T17:48:29.874+0800][8079.810s] GC(30)   Pre Evacuate Collection Set: 0.1ms
[2024-04-12T17:48:29.874+0800][8079.810s] GC(30)   Merge Heap Roots: 0.1ms
[2024-04-12T17:48:29.874+0800][8079.810s] GC(30)   Evacuate Collection Set: 1.3ms
[2024-04-12T17:48:29.874+0800][8079.810s] GC(30)   Post Evacuate Collection Set: 0.5ms
[2024-04-12T17:48:29.874+0800][8079.810s] GC(30)   Other: 0.1ms
[2024-04-12T17:48:29.874+0800][8079.810s] GC(30) Eden regions: 304->0(304)
[2024-04-12T17:48:29.874+0800][8079.810s] GC(30) Survivor regions: 3->3(39)
[2024-04-12T17:48:29.874+0800][8079.810s] GC(30) Old regions: 42->42
[2024-04-12T17:48:29.874+0800][8079.810s] GC(30) Archive regions: 0->0
[2024-04-12T17:48:29.874+0800][8079.810s] GC(30) Humongous regions: 4->4
[2024-04-12T17:48:29.874+0800][8079.810s] GC(30) Metaspace: 58857K(59520K)->58857K(59520K) NonClass: 51927K(52224K)->51927K(52224K) Class: 6929K(7296K)->6929K(7296K)
[2024-04-12T17:48:29.874+0800][8079.811s] GC(30) Pause Young (Normal) (G1 Evacuation Pause) 351M->47M(512M) 2.331ms
[2024-04-12T17:48:29.874+0800][8079.811s] GC(30) User=0.00s Sys=0.00s Real=0.00s
[2024-04-12T17:49:18.560+0800][8128.497s] GC(31) Pause Young (Normal) (G1 Evacuation Pause)
[2024-04-12T17:49:18.560+0800][8128.497s] GC(31) Using 6 workers of 6 for evacuation
[2024-04-12T17:49:18.561+0800][8128.498s] GC(31)   Pre Evacuate Collection Set: 0.1ms
[2024-04-12T17:49:18.561+0800][8128.498s] GC(31)   Merge Heap Roots: 0.1ms
[2024-04-12T17:49:18.562+0800][8128.498s] GC(31)   Evacuate Collection Set: 0.9ms
[2024-04-12T17:49:18.562+0800][8128.498s] GC(31)   Post Evacuate Collection Set: 0.4ms
[2024-04-12T17:49:18.562+0800][8128.498s] GC(31)   Other: 0.1ms
[2024-04-12T17:49:18.562+0800][8128.498s] GC(31) Eden regions: 304->0(304)
[2024-04-12T17:49:18.562+0800][8128.498s] GC(31) Survivor regions: 3->3(39)
[2024-04-12T17:49:18.562+0800][8128.498s] GC(31) Old regions: 42->42
[2024-04-12T17:49:18.562+0800][8128.498s] GC(31) Archive regions: 0->0
[2024-04-12T17:49:18.562+0800][8128.498s] GC(31) Humongous regions: 4->4
[2024-04-12T17:49:18.562+0800][8128.498s] GC(31) Metaspace: 58873K(59520K)->58873K(59520K) NonClass: 51943K(52224K)->51943K(52224K) Class: 6929K(7296K)->6929K(7296K)
[2024-04-12T17:49:18.562+0800][8128.498s] GC(31) Pause Young (Normal) (G1 Evacuation Pause) 351M->47M(512M) 1.842ms
[2024-04-12T17:49:18.562+0800][8128.498s] GC(31) User=0.00s Sys=0.00s Real=0.00s
[2024-04-12T18:01:24.779+0800][8854.715s] GC(32) Pause Young (Normal) (G1 Evacuation Pause)
[2024-04-12T18:01:24.780+0800][8854.716s] GC(32) Using 6 workers of 6 for evacuation
[2024-04-12T18:01:24.781+0800][8854.718s] GC(32)   Pre Evacuate Collection Set: 0.1ms
[2024-04-12T18:01:24.781+0800][8854.718s] GC(32)   Merge Heap Roots: 0.1ms
[2024-04-12T18:01:24.781+0800][8854.718s] GC(32)   Evacuate Collection Set: 1.1ms
[2024-04-12T18:01:24.781+0800][8854.718s] GC(32)   Post Evacuate Collection Set: 0.6ms
[2024-04-12T18:01:24.781+0800][8854.718s] GC(32)   Other: 0.1ms
[2024-04-12T18:01:24.781+0800][8854.718s] GC(32) Eden regions: 304->0(304)
[2024-04-12T18:01:24.781+0800][8854.718s] GC(32) Survivor regions: 3->3(39)
[2024-04-12T18:01:24.781+0800][8854.718s] GC(32) Old regions: 42->42
[2024-04-12T18:01:24.781+0800][8854.718s] GC(32) Archive regions: 0->0
[2024-04-12T18:01:24.782+0800][8854.718s] GC(32) Humongous regions: 4->4
[2024-04-12T18:01:24.782+0800][8854.718s] GC(32) Metaspace: 59290K(59904K)->59290K(59904K) NonClass: 52339K(52608K)->52339K(52608K) Class: 6950K(7296K)->6950K(7296K)
[2024-04-12T18:01:24.782+0800][8854.718s] GC(32) Pause Young (Normal) (G1 Evacuation Pause) 351M->47M(512M) 2.613ms
[2024-04-12T18:01:24.782+0800][8854.718s] GC(32) User=0.00s Sys=0.00s Real=0.00s
[2024-04-12T18:05:35.116+0800][9105.052s] GC(33) Pause Young (Normal) (G1 Evacuation Pause)
[2024-04-12T18:05:35.116+0800][9105.053s] GC(33) Using 6 workers of 6 for evacuation
[2024-04-12T18:05:35.118+0800][9105.054s] GC(33)   Pre Evacuate Collection Set: 0.1ms
[2024-04-12T18:05:35.118+0800][9105.054s] GC(33)   Merge Heap Roots: 0.1ms
[2024-04-12T18:05:35.118+0800][9105.054s] GC(33)   Evacuate Collection Set: 1.1ms
[2024-04-12T18:05:35.118+0800][9105.054s] GC(33)   Post Evacuate Collection Set: 0.4ms
[2024-04-12T18:05:35.118+0800][9105.054s] GC(33)   Other: 0.1ms
[2024-04-12T18:05:35.118+0800][9105.054s] GC(33) Eden regions: 304->0(304)
[2024-04-12T18:05:35.118+0800][9105.055s] GC(33) Survivor regions: 3->3(39)
[2024-04-12T18:05:35.118+0800][9105.055s] GC(33) Old regions: 42->42
[2024-04-12T18:05:35.118+0800][9105.055s] GC(33) Archive regions: 0->0
[2024-04-12T18:05:35.118+0800][9105.055s] GC(33) Humongous regions: 4->4
[2024-04-12T18:05:35.118+0800][9105.055s] GC(33) Metaspace: 59351K(59968K)->59351K(59968K) NonClass: 52398K(52672K)->52398K(52672K) Class: 6953K(7296K)->6953K(7296K)
[2024-04-12T18:05:35.118+0800][9105.055s] GC(33) Pause Young (Normal) (G1 Evacuation Pause) 351M->47M(512M) 2.112ms
[2024-04-12T18:05:35.118+0800][9105.055s] GC(33) User=0.00s Sys=0.00s Real=0.00s
[2024-04-12T18:06:57.030+0800][9186.967s] GC(34) Pause Young (Normal) (G1 Evacuation Pause)
[2024-04-12T18:06:57.031+0800][9186.967s] GC(34) Using 6 workers of 6 for evacuation
[2024-04-12T18:06:57.033+0800][9186.969s] GC(34)   Pre Evacuate Collection Set: 0.1ms
[2024-04-12T18:06:57.033+0800][9186.969s] GC(34)   Merge Heap Roots: 0.1ms
[2024-04-12T18:06:57.033+0800][9186.969s] GC(34)   Evacuate Collection Set: 0.8ms
[2024-04-12T18:06:57.033+0800][9186.969s] GC(34)   Post Evacuate Collection Set: 0.4ms
[2024-04-12T18:06:57.033+0800][9186.969s] GC(34)   Other: 0.1ms
[2024-04-12T18:06:57.033+0800][9186.969s] GC(34) Eden regions: 304->0(304)
[2024-04-12T18:06:57.033+0800][9186.969s] GC(34) Survivor regions: 3->3(39)
[2024-04-12T18:06:57.033+0800][9186.969s] GC(34) Old regions: 42->42
[2024-04-12T18:06:57.033+0800][9186.969s] GC(34) Archive regions: 0->0
[2024-04-12T18:06:57.033+0800][9186.969s] GC(34) Humongous regions: 4->4
[2024-04-12T18:06:57.033+0800][9186.969s] GC(34) Metaspace: 59373K(59968K)->59373K(59968K) NonClass: 52420K(52672K)->52420K(52672K) Class: 6953K(7296K)->6953K(7296K)
[2024-04-12T18:06:57.033+0800][9186.969s] GC(34) Pause Young (Normal) (G1 Evacuation Pause) 351M->47M(512M) 1.791ms
[2024-04-12T18:06:57.033+0800][9186.969s] GC(34) User=0.00s Sys=0.00s Real=0.00s
[2024-04-12T18:08:08.421+0800][9258.358s] GC(35) Pause Young (Normal) (G1 Evacuation Pause)
[2024-04-12T18:08:08.421+0800][9258.358s] GC(35) Using 6 workers of 6 for evacuation
[2024-04-12T18:08:08.423+0800][9258.360s] GC(35)   Pre Evacuate Collection Set: 0.1ms
[2024-04-12T18:08:08.423+0800][9258.360s] GC(35)   Merge Heap Roots: 0.1ms
[2024-04-12T18:08:08.423+0800][9258.360s] GC(35)   Evacuate Collection Set: 0.8ms
[2024-04-12T18:08:08.423+0800][9258.360s] GC(35)   Post Evacuate Collection Set: 0.4ms
[2024-04-12T18:08:08.423+0800][9258.360s] GC(35)   Other: 0.1ms
[2024-04-12T18:08:08.423+0800][9258.360s] GC(35) Eden regions: 304->0(305)
[2024-04-12T18:08:08.423+0800][9258.360s] GC(35) Survivor regions: 3->2(39)
[2024-04-12T18:08:08.423+0800][9258.360s] GC(35) Old regions: 42->43
[2024-04-12T18:08:08.423+0800][9258.360s] GC(35) Archive regions: 0->0
[2024-04-12T18:08:08.423+0800][9258.360s] GC(35) Humongous regions: 4->4
[2024-04-12T18:08:08.423+0800][9258.360s] GC(35) Metaspace: 59397K(59968K)->59397K(59968K) NonClass: 52444K(52672K)->52444K(52672K) Class: 6953K(7296K)->6953K(7296K)
[2024-04-12T18:08:08.423+0800][9258.360s] GC(35) Pause Young (Normal) (G1 Evacuation Pause) 351M->47M(512M) 1.772ms
[2024-04-12T18:08:08.423+0800][9258.360s] GC(35) User=0.00s Sys=0.00s Real=0.00s
[2024-04-12T18:16:42.510+0800][9772.446s] GC(36) Pause Young (Normal) (G1 Evacuation Pause)
[2024-04-12T18:16:42.510+0800][9772.446s] GC(36) Using 6 workers of 6 for evacuation
[2024-04-12T18:16:42.516+0800][9772.453s] GC(36)   Pre Evacuate Collection Set: 0.1ms
[2024-04-12T18:16:42.517+0800][9772.453s] GC(36)   Merge Heap Roots: 0.1ms
[2024-04-12T18:16:42.517+0800][9772.453s] GC(36)   Evacuate Collection Set: 5.8ms
[2024-04-12T18:16:42.517+0800][9772.453s] GC(36)   Post Evacuate Collection Set: 0.4ms
[2024-04-12T18:16:42.517+0800][9772.453s] GC(36)   Other: 0.1ms
[2024-04-12T18:16:42.517+0800][9772.453s] GC(36) Eden regions: 305->0(305)
[2024-04-12T18:16:42.517+0800][9772.453s] GC(36) Survivor regions: 2->2(39)
[2024-04-12T18:16:42.517+0800][9772.453s] GC(36) Old regions: 43->43
[2024-04-12T18:16:42.517+0800][9772.453s] GC(36) Archive regions: 0->0
[2024-04-12T18:16:42.517+0800][9772.453s] GC(36) Humongous regions: 4->4
[2024-04-12T18:16:42.517+0800][9772.453s] GC(36) Metaspace: 59410K(59968K)->59410K(59968K) NonClass: 52457K(52672K)->52457K(52672K) Class: 6953K(7296K)->6953K(7296K)
[2024-04-12T18:16:42.517+0800][9772.453s] GC(36) Pause Young (Normal) (G1 Evacuation Pause) 352M->48M(512M) 6.987ms
[2024-04-12T18:16:42.517+0800][9772.453s] GC(36) User=0.02s Sys=0.00s Real=0.01s
[2024-04-12T18:17:18.366+0800][9808.303s] GC(37) Pause Young (Normal) (G1 Evacuation Pause)
[2024-04-12T18:17:18.367+0800][9808.303s] GC(37) Using 6 workers of 6 for evacuation
[2024-04-12T18:17:18.372+0800][9808.309s] GC(37)   Pre Evacuate Collection Set: 0.1ms
[2024-04-12T18:17:18.372+0800][9808.309s] GC(37)   Merge Heap Roots: 0.1ms
[2024-04-12T18:17:18.372+0800][9808.309s] GC(37)   Evacuate Collection Set: 5.3ms
[2024-04-12T18:17:18.372+0800][9808.309s] GC(37)   Post Evacuate Collection Set: 0.4ms
[2024-04-12T18:17:18.372+0800][9808.309s] GC(37)   Other: 0.1ms
[2024-04-12T18:17:18.372+0800][9808.309s] GC(37) Eden regions: 305->0(305)
[2024-04-12T18:17:18.372+0800][9808.309s] GC(37) Survivor regions: 2->2(39)
[2024-04-12T18:17:18.372+0800][9808.309s] GC(37) Old regions: 43->43
[2024-04-12T18:17:18.372+0800][9808.309s] GC(37) Archive regions: 0->0
[2024-04-12T18:17:18.372+0800][9808.309s] GC(37) Humongous regions: 4->4
[2024-04-12T18:17:18.372+0800][9808.309s] GC(37) Metaspace: 59418K(60096K)->59418K(60096K) NonClass: 52465K(52800K)->52465K(52800K) Class: 6953K(7296K)->6953K(7296K)
[2024-04-12T18:17:18.372+0800][9808.309s] GC(37) Pause Young (Normal) (G1 Evacuation Pause) 353M->48M(512M) 6.331ms
[2024-04-12T18:17:18.372+0800][9808.309s] GC(37) User=0.02s Sys=0.00s Real=0.01s
[2024-04-12T18:20:21.210+0800][9991.147s] GC(38) Pause Young (Normal) (G1 Evacuation Pause)
[2024-04-12T18:20:21.210+0800][9991.147s] GC(38) Using 6 workers of 6 for evacuation
[2024-04-12T18:20:21.213+0800][9991.149s] GC(38)   Pre Evacuate Collection Set: 0.1ms
[2024-04-12T18:20:21.213+0800][9991.149s] GC(38)   Merge Heap Roots: 0.1ms
[2024-04-12T18:20:21.213+0800][9991.149s] GC(38)   Evacuate Collection Set: 1.1ms
[2024-04-12T18:20:21.213+0800][9991.149s] GC(38)   Post Evacuate Collection Set: 0.6ms
[2024-04-12T18:20:21.213+0800][9991.149s] GC(38)   Other: 0.1ms
[2024-04-12T18:20:21.213+0800][9991.149s] GC(38) Eden regions: 305->0(305)
[2024-04-12T18:20:21.213+0800][9991.149s] GC(38) Survivor regions: 2->2(39)
[2024-04-12T18:20:21.213+0800][9991.149s] GC(38) Old regions: 43->43
[2024-04-12T18:20:21.213+0800][9991.149s] GC(38) Archive regions: 0->0
[2024-04-12T18:20:21.213+0800][9991.149s] GC(38) Humongous regions: 4->4
[2024-04-12T18:20:21.213+0800][9991.149s] GC(38) Metaspace: 59425K(60096K)->59425K(60096K) NonClass: 52471K(52800K)->52471K(52800K) Class: 6953K(7296K)->6953K(7296K)
[2024-04-12T18:20:21.213+0800][9991.149s] GC(38) Pause Young (Normal) (G1 Evacuation Pause) 353M->48M(512M) 2.437ms
[2024-04-12T18:20:21.213+0800][9991.150s] GC(38) User=0.00s Sys=0.00s Real=0.00s
[2024-04-12T18:22:07.916+0800][10097.852s] GC(39) Pause Young (Normal) (G1 Evacuation Pause)
[2024-04-12T18:22:07.916+0800][10097.852s] GC(39) Using 6 workers of 6 for evacuation
[2024-04-12T18:22:07.918+0800][10097.854s] GC(39)   Pre Evacuate Collection Set: 0.1ms
[2024-04-12T18:22:07.918+0800][10097.854s] GC(39)   Merge Heap Roots: 0.1ms
[2024-04-12T18:22:07.918+0800][10097.854s] GC(39)   Evacuate Collection Set: 1.3ms
[2024-04-12T18:22:07.918+0800][10097.854s] GC(39)   Post Evacuate Collection Set: 0.5ms
[2024-04-12T18:22:07.918+0800][10097.854s] GC(39)   Other: 0.1ms
[2024-04-12T18:22:07.918+0800][10097.854s] GC(39) Eden regions: 305->0(305)
[2024-04-12T18:22:07.918+0800][10097.854s] GC(39) Survivor regions: 2->2(39)
[2024-04-12T18:22:07.918+0800][10097.854s] GC(39) Old regions: 43->43
[2024-04-12T18:22:07.918+0800][10097.854s] GC(39) Archive regions: 0->0
[2024-04-12T18:22:07.918+0800][10097.854s] GC(39) Humongous regions: 4->4
[2024-04-12T18:22:07.918+0800][10097.854s] GC(39) Metaspace: 59430K(60096K)->59430K(60096K) NonClass: 52477K(52800K)->52477K(52800K) Class: 6953K(7296K)->6953K(7296K)
[2024-04-12T18:22:07.918+0800][10097.854s] GC(39) Pause Young (Normal) (G1 Evacuation Pause) 353M->47M(512M) 2.312ms
[2024-04-12T18:22:07.918+0800][10097.854s] GC(39) User=0.02s Sys=0.00s Real=0.00s
[2024-04-12T18:22:59.651+0800][10149.588s] GC(40) Pause Young (Normal) (G1 Evacuation Pause)
[2024-04-12T18:22:59.651+0800][10149.588s] GC(40) Using 6 workers of 6 for evacuation
[2024-04-12T18:22:59.652+0800][10149.589s] GC(40)   Pre Evacuate Collection Set: 0.1ms
[2024-04-12T18:22:59.652+0800][10149.589s] GC(40)   Merge Heap Roots: 0.1ms
[2024-04-12T18:22:59.652+0800][10149.589s] GC(40)   Evacuate Collection Set: 0.7ms
[2024-04-12T18:22:59.652+0800][10149.589s] GC(40)   Post Evacuate Collection Set: 0.4ms
[2024-04-12T18:22:59.652+0800][10149.589s] GC(40)   Other: 0.1ms
[2024-04-12T18:22:59.652+0800][10149.589s] GC(40) Eden regions: 305->0(305)
[2024-04-12T18:22:59.652+0800][10149.589s] GC(40) Survivor regions: 2->2(39)
[2024-04-12T18:22:59.652+0800][10149.589s] GC(40) Old regions: 43->43
[2024-04-12T18:22:59.652+0800][10149.589s] GC(40) Archive regions: 0->0
[2024-04-12T18:22:59.652+0800][10149.589s] GC(40) Humongous regions: 4->4
[2024-04-12T18:22:59.652+0800][10149.589s] GC(40) Metaspace: 59442K(60096K)->59442K(60096K) NonClass: 52489K(52800K)->52489K(52800K) Class: 6953K(7296K)->6953K(7296K)
[2024-04-12T18:22:59.652+0800][10149.589s] GC(40) Pause Young (Normal) (G1 Evacuation Pause) 352M->47M(512M) 1.613ms
[2024-04-12T18:22:59.652+0800][10149.589s] GC(40) User=0.00s Sys=0.00s Real=0.00s
[2024-04-12T18:23:43.483+0800][10193.420s] GC(41) Pause Young (Normal) (G1 Evacuation Pause)
[2024-04-12T18:23:43.483+0800][10193.420s] GC(41) Using 6 workers of 6 for evacuation
[2024-04-12T18:23:43.486+0800][10193.421s] GC(41)   Pre Evacuate Collection Set: 0.1ms
[2024-04-12T18:23:43.486+0800][10193.422s] GC(41)   Merge Heap Roots: 0.1ms
[2024-04-12T18:23:43.486+0800][10193.422s] GC(41)   Evacuate Collection Set: 1.0ms
[2024-04-12T18:23:43.486+0800][10193.422s] GC(41)   Post Evacuate Collection Set: 0.4ms
[2024-04-12T18:23:43.486+0800][10193.422s] GC(41)   Other: 0.1ms
[2024-04-12T18:23:43.486+0800][10193.422s] GC(41) Eden regions: 305->0(305)
[2024-04-12T18:23:43.486+0800][10193.422s] GC(41) Survivor regions: 2->2(39)
[2024-04-12T18:23:43.486+0800][10193.422s] GC(41) Old regions: 43->43
[2024-04-12T18:23:43.486+0800][10193.422s] GC(41) Archive regions: 0->0
[2024-04-12T18:23:43.486+0800][10193.422s] GC(41) Humongous regions: 4->4
[2024-04-12T18:23:43.486+0800][10193.422s] GC(41) Metaspace: 59451K(60096K)->59451K(60096K) NonClass: 52498K(52800K)->52498K(52800K) Class: 6953K(7296K)->6953K(7296K)
[2024-04-12T18:23:43.486+0800][10193.422s] GC(41) Pause Young (Normal) (G1 Evacuation Pause) 352M->48M(512M) 1.926ms
[2024-04-12T18:23:43.486+0800][10193.422s] GC(41) User=0.00s Sys=0.00s Real=0.00s
[2024-04-12T18:25:53.325+0800][10323.262s] GC(42) Pause Young (Normal) (G1 Evacuation Pause)
[2024-04-12T18:25:53.325+0800][10323.262s] GC(42) Using 6 workers of 6 for evacuation
[2024-04-12T18:25:53.327+0800][10323.264s] GC(42)   Pre Evacuate Collection Set: 0.1ms
[2024-04-12T18:25:53.327+0800][10323.264s] GC(42)   Merge Heap Roots: 0.1ms
[2024-04-12T18:25:53.327+0800][10323.264s] GC(42)   Evacuate Collection Set: 1.5ms
[2024-04-12T18:25:53.327+0800][10323.264s] GC(42)   Post Evacuate Collection Set: 0.5ms
[2024-04-12T18:25:53.327+0800][10323.264s] GC(42)   Other: 0.1ms
[2024-04-12T18:25:53.327+0800][10323.264s] GC(42) Eden regions: 305->0(305)
[2024-04-12T18:25:53.327+0800][10323.264s] GC(42) Survivor regions: 2->2(39)
[2024-04-12T18:25:53.327+0800][10323.264s] GC(42) Old regions: 43->43
[2024-04-12T18:25:53.327+0800][10323.264s] GC(42) Archive regions: 0->0
[2024-04-12T18:25:53.327+0800][10323.264s] GC(42) Humongous regions: 4->4
[2024-04-12T18:25:53.327+0800][10323.264s] GC(42) Metaspace: 59493K(60160K)->59493K(60160K) NonClass: 52540K(52864K)->52540K(52864K) Class: 6953K(7296K)->6953K(7296K)
[2024-04-12T18:25:53.327+0800][10323.264s] GC(42) Pause Young (Normal) (G1 Evacuation Pause) 353M->48M(512M) 2.605ms
[2024-04-12T18:25:53.327+0800][10323.264s] GC(42) User=0.00s Sys=0.00s Real=0.00s
[2024-04-12T18:28:24.877+0800][10474.813s] GC(43) Pause Young (Concurrent Start) (CodeCache GC Threshold)
[2024-04-12T18:28:24.877+0800][10474.814s] GC(43) Using 6 workers of 6 for evacuation
[2024-04-12T18:28:24.883+0800][10474.820s] GC(43)   Pre Evacuate Collection Set: 0.4ms
[2024-04-12T18:28:24.883+0800][10474.820s] GC(43)   Merge Heap Roots: 0.2ms
[2024-04-12T18:28:24.883+0800][10474.820s] GC(43)   Evacuate Collection Set: 5.2ms
[2024-04-12T18:28:24.883+0800][10474.820s] GC(43)   Post Evacuate Collection Set: 0.5ms
[2024-04-12T18:28:24.883+0800][10474.820s] GC(43)   Other: 0.1ms
[2024-04-12T18:28:24.883+0800][10474.820s] GC(43) Eden regions: 300->0(305)
[2024-04-12T18:28:24.883+0800][10474.820s] GC(43) Survivor regions: 2->2(39)
[2024-04-12T18:28:24.883+0800][10474.820s] GC(43) Old regions: 43->43
[2024-04-12T18:28:24.883+0800][10474.820s] GC(43) Archive regions: 0->0
[2024-04-12T18:28:24.883+0800][10474.820s] GC(43) Humongous regions: 4->4
[2024-04-12T18:28:24.883+0800][10474.820s] GC(43) Metaspace: 59563K(60160K)->59563K(60160K) NonClass: 52608K(52864K)->52608K(52864K) Class: 6955K(7296K)->6955K(7296K)
[2024-04-12T18:28:24.884+0800][10474.820s] GC(43) Pause Young (Concurrent Start) (CodeCache GC Threshold) 347M->48M(512M) 6.881ms
[2024-04-12T18:28:24.884+0800][10474.820s] GC(43) User=0.00s Sys=0.00s Real=0.01s
[2024-04-12T18:28:24.884+0800][10474.820s] GC(44) Concurrent Mark Cycle
[2024-04-12T18:28:24.884+0800][10474.820s] GC(44) Concurrent Clear Claimed Marks
[2024-04-12T18:28:24.884+0800][10474.820s] GC(44) Concurrent Clear Claimed Marks 0.057ms
[2024-04-12T18:28:24.884+0800][10474.820s] GC(44) Concurrent Scan Root Regions
[2024-04-12T18:28:24.896+0800][10474.833s] GC(44) Concurrent Scan Root Regions 12.272ms
[2024-04-12T18:28:24.896+0800][10474.833s] GC(44) Concurrent Mark
[2024-04-12T18:28:24.896+0800][10474.833s] GC(44) Concurrent Mark From Roots
[2024-04-12T18:28:24.896+0800][10474.833s] GC(44) Using 2 workers of 2 for marking
[2024-04-12T18:28:24.947+0800][10474.883s] GC(44) Concurrent Mark From Roots 49.964ms
[2024-04-12T18:28:24.947+0800][10474.883s] GC(44) Concurrent Preclean
[2024-04-12T18:28:24.947+0800][10474.883s] GC(44) Concurrent Preclean 0.242ms
[2024-04-12T18:28:24.947+0800][10474.883s] GC(44) Pause Remark
[2024-04-12T18:28:25.007+0800][10474.944s] GC(44) Pause Remark 50M->50M(512M) 60.196ms
[2024-04-12T18:28:25.007+0800][10474.944s] GC(44) User=0.05s Sys=0.06s Real=0.06s
[2024-04-12T18:28:25.007+0800][10474.944s] GC(44) Concurrent Mark 110.986ms
[2024-04-12T18:28:25.007+0800][10474.944s] GC(44) Concurrent Rebuild Remembered Sets
[2024-04-12T18:28:25.022+0800][10474.958s] GC(44) Concurrent Rebuild Remembered Sets 14.001ms
[2024-04-12T18:28:25.022+0800][10474.958s] GC(44) Pause Cleanup
[2024-04-12T18:28:25.022+0800][10474.959s] GC(44) Pause Cleanup 50M->50M(512M) 0.219ms
[2024-04-12T18:28:25.022+0800][10474.959s] GC(44) User=0.00s Sys=0.00s Real=0.00s
[2024-04-12T18:28:25.022+0800][10474.959s] GC(44) Concurrent Cleanup for Next Mark
[2024-04-12T18:28:25.025+0800][10474.961s] GC(44) Concurrent Cleanup for Next Mark 2.470ms
[2024-04-12T18:28:25.025+0800][10474.961s] GC(44) Concurrent Mark Cycle 141.059ms
[2024-04-12T18:41:41.983+0800][11271.920s] GC(45) Pause Young (Prepare Mixed) (G1 Evacuation Pause)
[2024-04-12T18:41:41.983+0800][11271.920s] GC(45) Using 6 workers of 6 for evacuation
[2024-04-12T18:41:41.985+0800][11271.921s] GC(45)   Pre Evacuate Collection Set: 0.1ms
[2024-04-12T18:41:41.985+0800][11271.921s] GC(45)   Merge Heap Roots: 0.1ms
[2024-04-12T18:41:41.986+0800][11271.922s] GC(45)   Evacuate Collection Set: 1.1ms
[2024-04-12T18:41:41.986+0800][11271.922s] GC(45)   Post Evacuate Collection Set: 0.4ms
[2024-04-12T18:41:41.986+0800][11271.922s] GC(45)   Other: 0.1ms
[2024-04-12T18:41:41.986+0800][11271.922s] GC(45) Eden regions: 305->0(23)
[2024-04-12T18:41:41.986+0800][11271.922s] GC(45) Survivor regions: 2->2(39)
[2024-04-12T18:41:41.986+0800][11271.922s] GC(45) Old regions: 43->43
[2024-04-12T18:41:41.986+0800][11271.922s] GC(45) Archive regions: 0->0
[2024-04-12T18:41:41.986+0800][11271.922s] GC(45) Humongous regions: 4->4
[2024-04-12T18:41:41.986+0800][11271.922s] GC(45) Metaspace: 59499K(60224K)->59499K(60224K) NonClass: 52578K(52928K)->52578K(52928K) Class: 6921K(7296K)->6921K(7296K)
[2024-04-12T18:41:41.986+0800][11271.922s] GC(45) Pause Young (Prepare Mixed) (G1 Evacuation Pause) 353M->48M(512M) 2.147ms
[2024-04-12T18:41:41.986+0800][11271.922s] GC(45) User=0.00s Sys=0.00s Real=0.00s
[2024-04-12T18:41:50.158+0800][11280.094s] GC(46) Pause Young (Mixed) (G1 Evacuation Pause)
[2024-04-12T18:41:50.158+0800][11280.095s] GC(46) Using 6 workers of 6 for evacuation
[2024-04-12T18:41:50.161+0800][11280.097s] GC(46)   Pre Evacuate Collection Set: 0.1ms
[2024-04-12T18:41:50.161+0800][11280.097s] GC(46)   Merge Heap Roots: 0.1ms
[2024-04-12T18:41:50.161+0800][11280.097s] GC(46)   Evacuate Collection Set: 2.0ms
[2024-04-12T18:41:50.161+0800][11280.097s] GC(46)   Post Evacuate Collection Set: 0.3ms
[2024-04-12T18:41:50.161+0800][11280.097s] GC(46)   Other: 0.1ms
[2024-04-12T18:41:50.161+0800][11280.097s] GC(46) Eden regions: 23->0(305)
[2024-04-12T18:41:50.161+0800][11280.097s] GC(46) Survivor regions: 2->2(4)
[2024-04-12T18:41:50.161+0800][11280.097s] GC(46) Old regions: 43->43
[2024-04-12T18:41:50.161+0800][11280.097s] GC(46) Archive regions: 0->0
[2024-04-12T18:41:50.161+0800][11280.097s] GC(46) Humongous regions: 4->4
[2024-04-12T18:41:50.161+0800][11280.097s] GC(46) Metaspace: 59507K(60224K)->59507K(60224K) NonClass: 52585K(52928K)->52585K(52928K) Class: 6921K(7296K)->6921K(7296K)
[2024-04-12T18:41:50.161+0800][11280.097s] GC(46) Pause Young (Mixed) (G1 Evacuation Pause) 71M->47M(512M) 2.827ms
[2024-04-12T18:41:50.161+0800][11280.097s] GC(46) User=0.00s Sys=0.00s Real=0.00s
[2024-04-12T18:43:52.287+0800][11402.223s] GC(47) Pause Young (Normal) (G1 Evacuation Pause)
[2024-04-12T18:43:52.287+0800][11402.223s] GC(47) Using 6 workers of 6 for evacuation
[2024-04-12T18:43:52.288+0800][11402.224s] GC(47)   Pre Evacuate Collection Set: 0.1ms
[2024-04-12T18:43:52.288+0800][11402.224s] GC(47)   Merge Heap Roots: 0.1ms
[2024-04-12T18:43:52.288+0800][11402.224s] GC(47)   Evacuate Collection Set: 0.7ms
[2024-04-12T18:43:52.288+0800][11402.224s] GC(47)   Post Evacuate Collection Set: 0.4ms
[2024-04-12T18:43:52.288+0800][11402.224s] GC(47)   Other: 0.1ms
[2024-04-12T18:43:52.288+0800][11402.224s] GC(47) Eden regions: 305->0(305)
[2024-04-12T18:43:52.288+0800][11402.224s] GC(47) Survivor regions: 2->2(39)
[2024-04-12T18:43:52.288+0800][11402.224s] GC(47) Old regions: 43->43
[2024-04-12T18:43:52.288+0800][11402.224s] GC(47) Archive regions: 0->0
[2024-04-12T18:43:52.288+0800][11402.224s] GC(47) Humongous regions: 4->4
[2024-04-12T18:43:52.288+0800][11402.224s] GC(47) Metaspace: 59564K(60224K)->59564K(60224K) NonClass: 52643K(52928K)->52643K(52928K) Class: 6921K(7296K)->6921K(7296K)
[2024-04-12T18:43:52.288+0800][11402.224s] GC(47) Pause Young (Normal) (G1 Evacuation Pause) 352M->47M(512M) 1.627ms
[2024-04-12T18:43:52.288+0800][11402.224s] GC(47) User=0.00s Sys=0.00s Real=0.00s
[2024-04-12T18:51:06.941+0800][11836.877s] GC(48) Pause Young (Normal) (G1 Evacuation Pause)
[2024-04-12T18:51:06.941+0800][11836.877s] GC(48) Using 6 workers of 6 for evacuation
[2024-04-12T18:51:06.943+0800][11836.880s] GC(48)   Pre Evacuate Collection Set: 0.1ms
[2024-04-12T18:51:06.943+0800][11836.880s] GC(48)   Merge Heap Roots: 0.1ms
[2024-04-12T18:51:06.943+0800][11836.880s] GC(48)   Evacuate Collection Set: 1.6ms
[2024-04-12T18:51:06.943+0800][11836.880s] GC(48)   Post Evacuate Collection Set: 0.7ms
[2024-04-12T18:51:06.943+0800][11836.880s] GC(48)   Other: 0.1ms
[2024-04-12T18:51:06.943+0800][11836.880s] GC(48) Eden regions: 305->0(305)
[2024-04-12T18:51:06.943+0800][11836.880s] GC(48) Survivor regions: 2->2(39)
[2024-04-12T18:51:06.943+0800][11836.880s] GC(48) Old regions: 43->43
[2024-04-12T18:51:06.943+0800][11836.880s] GC(48) Archive regions: 0->0
[2024-04-12T18:51:06.943+0800][11836.880s] GC(48) Humongous regions: 4->4
[2024-04-12T18:51:06.943+0800][11836.880s] GC(48) Metaspace: 59700K(60288K)->59700K(60288K) NonClass: 52767K(52992K)->52767K(52992K) Class: 6932K(7296K)->6932K(7296K)
[2024-04-12T18:51:06.943+0800][11836.880s] GC(48) Pause Young (Normal) (G1 Evacuation Pause) 352M->48M(512M) 2.913ms
[2024-04-12T18:51:06.943+0800][11836.880s] GC(48) User=0.00s Sys=0.00s Real=0.00s
[2024-04-12T18:54:26.459+0800][12036.395s] GC(49) Pause Young (Normal) (G1 Evacuation Pause)
[2024-04-12T18:54:26.459+0800][12036.395s] GC(49) Using 6 workers of 6 for evacuation
[2024-04-12T18:54:26.460+0800][12036.397s] GC(49)   Pre Evacuate Collection Set: 0.1ms
[2024-04-12T18:54:26.460+0800][12036.397s] GC(49)   Merge Heap Roots: 0.2ms
[2024-04-12T18:54:26.460+0800][12036.397s] GC(49)   Evacuate Collection Set: 0.8ms
[2024-04-12T18:54:26.460+0800][12036.397s] GC(49)   Post Evacuate Collection Set: 0.4ms
[2024-04-12T18:54:26.460+0800][12036.397s] GC(49)   Other: 0.1ms
[2024-04-12T18:54:26.460+0800][12036.397s] GC(49) Eden regions: 305->0(305)
[2024-04-12T18:54:26.460+0800][12036.397s] GC(49) Survivor regions: 2->2(39)
[2024-04-12T18:54:26.460+0800][12036.397s] GC(49) Old regions: 43->43
[2024-04-12T18:54:26.460+0800][12036.397s] GC(49) Archive regions: 0->0
[2024-04-12T18:54:26.460+0800][12036.397s] GC(49) Humongous regions: 4->4
[2024-04-12T18:54:26.460+0800][12036.397s] GC(49) Metaspace: 59726K(60288K)->59726K(60288K) NonClass: 52793K(52992K)->52793K(52992K) Class: 6932K(7296K)->6932K(7296K)
[2024-04-12T18:54:26.460+0800][12036.397s] GC(49) Pause Young (Normal) (G1 Evacuation Pause) 353M->48M(512M) 1.669ms
[2024-04-12T18:54:26.460+0800][12036.397s] GC(49) User=0.00s Sys=0.00s Real=0.00s
[2024-04-12T19:03:07.208+0800][12557.144s] GC(50) Pause Young (Normal) (G1 Evacuation Pause)
[2024-04-12T19:03:07.208+0800][12557.145s] GC(50) Using 6 workers of 6 for evacuation
[2024-04-12T19:03:07.209+0800][12557.146s] GC(50)   Pre Evacuate Collection Set: 0.1ms
[2024-04-12T19:03:07.209+0800][12557.146s] GC(50)   Merge Heap Roots: 0.1ms
[2024-04-12T19:03:07.209+0800][12557.146s] GC(50)   Evacuate Collection Set: 0.7ms
[2024-04-12T19:03:07.209+0800][12557.146s] GC(50)   Post Evacuate Collection Set: 0.3ms
[2024-04-12T19:03:07.209+0800][12557.146s] GC(50)   Other: 0.1ms
[2024-04-12T19:03:07.209+0800][12557.146s] GC(50) Eden regions: 305->0(305)
[2024-04-12T19:03:07.209+0800][12557.146s] GC(50) Survivor regions: 2->2(39)
[2024-04-12T19:03:07.209+0800][12557.146s] GC(50) Old regions: 43->43
[2024-04-12T19:03:07.209+0800][12557.146s] GC(50) Archive regions: 0->0
[2024-04-12T19:03:07.209+0800][12557.146s] GC(50) Humongous regions: 4->4
[2024-04-12T19:03:07.209+0800][12557.146s] GC(50) Metaspace: 59771K(60416K)->59771K(60416K) NonClass: 52838K(53120K)->52838K(53120K) Class: 6932K(7296K)->6932K(7296K)
[2024-04-12T19:03:07.209+0800][12557.146s] GC(50) Pause Young (Normal) (G1 Evacuation Pause) 353M->48M(512M) 1.527ms
[2024-04-12T19:03:07.209+0800][12557.146s] GC(50) User=0.00s Sys=0.00s Real=0.00s
