[2024-04-10T00:09:14.315+0800][0.012s] CardTable entry size: 512
[2024-04-10T00:09:14.315+0800][0.012s] Using G1
[2024-04-10T00:09:14.426+0800][0.122s] Version: 22+36-2370 (release)
[2024-04-10T00:09:14.426+0800][0.122s] CPUs: 12 total, 12 available
[2024-04-10T00:09:14.426+0800][0.122s] Memory: 15786M
[2024-04-10T00:09:14.426+0800][0.122s] Large Page Support: Disabled
[2024-04-10T00:09:14.426+0800][0.122s] NUMA Support: Disabled
[2024-04-10T00:09:14.426+0800][0.122s] Compressed Oops: Enabled (32-bit)
[2024-04-10T00:09:14.426+0800][0.122s] Heap Region Size: 1M
[2024-04-10T00:09:14.426+0800][0.122s] Heap Min Capacity: 512M
[2024-04-10T00:09:14.426+0800][0.122s] Heap Initial Capacity: 512M
[2024-04-10T00:09:14.426+0800][0.122s] Heap Max Capacity: 512M
[2024-04-10T00:09:14.426+0800][0.123s] Pre-touch: Enabled
[2024-04-10T00:09:14.426+0800][0.123s] Parallel Workers: 10
[2024-04-10T00:09:14.426+0800][0.123s] Concurrent Workers: 3
[2024-04-10T00:09:14.426+0800][0.123s] Concurrent Refinement Workers: 10
[2024-04-10T00:09:14.426+0800][0.123s] Periodic GC: Disabled
[2024-04-10T00:09:14.434+0800][0.131s] CDS archive(s) mapped at: [0x0000024cd2000000-0x0000024cd2c60000-0x0000024cd2c60000), size 12976128, SharedBaseAddress: 0x0000024cd2000000, ArchiveRelocationMode: 1.
[2024-04-10T00:09:14.434+0800][0.131s] Compressed class space mapped at: 0x0000024cd3000000-0x0000024d13000000, reserved size: 1073741824
[2024-04-10T00:09:14.434+0800][0.131s] Narrow klass base: 0x0000024cd2000000, Narrow klass shift: 0, Narrow klass range: 0x41000000
[2024-04-10T00:09:15.152+0800][0.849s] GC(0) Pause Young (Normal) (G1 Evacuation Pause)
[2024-04-10T00:09:15.152+0800][0.849s] GC(0) Using 10 workers of 10 for evacuation
[2024-04-10T00:09:15.155+0800][0.852s] GC(0)   Pre Evacuate Collection Set: 0.11ms
[2024-04-10T00:09:15.155+0800][0.852s] GC(0)   Merge Heap Roots: 0.06ms
[2024-04-10T00:09:15.155+0800][0.852s] GC(0)   Evacuate Collection Set: 1.78ms
[2024-04-10T00:09:15.155+0800][0.852s] GC(0)   Post Evacuate Collection Set: 0.45ms
[2024-04-10T00:09:15.155+0800][0.852s] GC(0)   Other: 0.49ms
[2024-04-10T00:09:15.155+0800][0.852s] GC(0) Eden regions: 30->0(45)
[2024-04-10T00:09:15.155+0800][0.852s] GC(0) Survivor regions: 0->4(4)
[2024-04-10T00:09:15.155+0800][0.852s] GC(0) Old regions: 0->0
[2024-04-10T00:09:15.155+0800][0.852s] GC(0) Humongous regions: 0->0
[2024-04-10T00:09:15.155+0800][0.852s] GC(0) Metaspace: 6286K(6528K)->6286K(6528K) NonClass: 5560K(5696K)->5560K(5696K) Class: 725K(832K)->725K(832K)
[2024-04-10T00:09:15.155+0800][0.852s] GC(0) Pause Young (Normal) (G1 Evacuation Pause) 30M->3M(512M) 3.205ms
[2024-04-10T00:09:15.155+0800][0.852s] GC(0) User=0.03s Sys=0.00s Real=0.00s
[2024-04-10T00:09:26.326+0800][12.023s] GC(1) Pause Young (Normal) (G1 Evacuation Pause)
[2024-04-10T00:09:26.327+0800][12.023s] GC(1) Using 10 workers of 10 for evacuation
[2024-04-10T00:09:26.378+0800][12.075s] GC(1)   Pre Evacuate Collection Set: 0.89ms
[2024-04-10T00:09:26.378+0800][12.075s] GC(1)   Merge Heap Roots: 0.51ms
[2024-04-10T00:09:26.378+0800][12.075s] GC(1)   Evacuate Collection Set: 44.31ms
[2024-04-10T00:09:26.378+0800][12.075s] GC(1)   Post Evacuate Collection Set: 4.91ms
[2024-04-10T00:09:26.379+0800][12.075s] GC(1)   Other: 0.69ms
[2024-04-10T00:09:26.379+0800][12.076s] GC(1) Eden regions: 45->0(140)
[2024-04-10T00:09:26.379+0800][12.076s] GC(1) Survivor regions: 4->7(7)
[2024-04-10T00:09:26.379+0800][12.076s] GC(1) Old regions: 0->8
[2024-04-10T00:09:26.379+0800][12.076s] GC(1) Humongous regions: 4->4
[2024-04-10T00:09:26.379+0800][12.076s] GC(1) Metaspace: 18002K(18432K)->18002K(18432K) NonClass: 15905K(16128K)->15905K(16128K) Class: 2096K(2304K)->2096K(2304K)
[2024-04-10T00:09:26.379+0800][12.076s] GC(1) Pause Young (Normal) (G1 Evacuation Pause) 52M->18M(512M) 53.226ms
[2024-04-10T00:09:26.379+0800][12.076s] GC(1) User=0.05s Sys=0.00s Real=0.05s
[2024-04-10T00:09:30.221+0800][15.918s] GC(2) Pause Young (Normal) (G1 Evacuation Pause)
[2024-04-10T00:09:30.221+0800][15.918s] GC(2) Using 10 workers of 10 for evacuation
[2024-04-10T00:09:30.250+0800][15.947s] GC(2)   Pre Evacuate Collection Set: 0.96ms
[2024-04-10T00:09:30.250+0800][15.947s] GC(2)   Merge Heap Roots: 0.83ms
[2024-04-10T00:09:30.250+0800][15.947s] GC(2)   Evacuate Collection Set: 21.96ms
[2024-04-10T00:09:30.250+0800][15.948s] GC(2)   Post Evacuate Collection Set: 4.01ms
[2024-04-10T00:09:30.251+0800][15.948s] GC(2)   Other: 1.05ms
[2024-04-10T00:09:30.251+0800][15.948s] GC(2) Eden regions: 140->0(295)
[2024-04-10T00:09:30.251+0800][15.948s] GC(2) Survivor regions: 7->12(19)
[2024-04-10T00:09:30.251+0800][15.948s] GC(2) Old regions: 8->8
[2024-04-10T00:09:30.251+0800][15.948s] GC(2) Humongous regions: 4->4
[2024-04-10T00:09:30.251+0800][15.948s] GC(2) Metaspace: 19095K(19520K)->19095K(19520K) NonClass: 16869K(17088K)->16869K(17088K) Class: 2225K(2432K)->2225K(2432K)
[2024-04-10T00:09:30.251+0800][15.948s] GC(2) Pause Young (Normal) (G1 Evacuation Pause) 158M->22M(512M) 30.590ms
[2024-04-10T00:09:30.251+0800][15.949s] GC(2) User=0.12s Sys=0.00s Real=0.03s
[2024-04-10T00:09:33.916+0800][19.612s] GC(3) Pause Young (Concurrent Start) (Metadata GC Threshold)
[2024-04-10T00:09:33.916+0800][19.613s] GC(3) Using 10 workers of 10 for evacuation
[2024-04-10T00:09:33.949+0800][19.646s] GC(3)   Pre Evacuate Collection Set: 1.09ms
[2024-04-10T00:09:33.949+0800][19.646s] GC(3)   Merge Heap Roots: 0.96ms
[2024-04-10T00:09:33.949+0800][19.646s] GC(3)   Evacuate Collection Set: 25.91ms
[2024-04-10T00:09:33.949+0800][19.647s] GC(3)   Post Evacuate Collection Set: 4.12ms
[2024-04-10T00:09:33.949+0800][19.647s] GC(3)   Other: 1.14ms
[2024-04-10T00:09:33.951+0800][19.647s] GC(3) Eden regions: 114->0(294)
[2024-04-10T00:09:33.951+0800][19.647s] GC(3) Survivor regions: 12->13(39)
[2024-04-10T00:09:33.951+0800][19.647s] GC(3) Old regions: 8->8
[2024-04-10T00:09:33.951+0800][19.647s] GC(3) Humongous regions: 4->4
[2024-04-10T00:09:33.951+0800][19.648s] GC(3) Metaspace: 21068K(21504K)->21068K(21504K) NonClass: 18620K(18816K)->18620K(18816K) Class: 2448K(2688K)->2448K(2688K)
[2024-04-10T00:09:33.952+0800][19.648s] GC(3) Pause Young (Concurrent Start) (Metadata GC Threshold) 136M->24M(512M) 35.730ms
[2024-04-10T00:09:33.952+0800][19.648s] GC(4) Concurrent Mark Cycle
[2024-04-10T00:09:33.952+0800][19.648s] GC(3) User=0.20s Sys=0.00s Real=0.04s
[2024-04-10T00:09:33.952+0800][19.649s] GC(4) Concurrent Scan Root Regions
[2024-04-10T00:09:33.968+0800][19.664s] GC(4) Concurrent Scan Root Regions 15.843ms
[2024-04-10T00:09:33.968+0800][19.665s] GC(4) Concurrent Mark
[2024-04-10T00:09:33.969+0800][19.665s] GC(4) Concurrent Mark From Roots
[2024-04-10T00:09:33.969+0800][19.665s] GC(4) Using 3 workers of 3 for marking
[2024-04-10T00:09:34.005+0800][19.701s] GC(4) Concurrent Mark From Roots 35.930ms
[2024-04-10T00:09:34.005+0800][19.701s] GC(4) Concurrent Preclean
[2024-04-10T00:09:34.005+0800][19.701s] GC(4) Concurrent Preclean 0.158ms
[2024-04-10T00:09:34.006+0800][19.702s] GC(4) Pause Remark
[2024-04-10T00:09:34.019+0800][19.716s] GC(4) Pause Remark 25M->25M(512M) 13.939ms
[2024-04-10T00:09:34.019+0800][19.716s] GC(4) User=0.05s Sys=0.00s Real=0.01s
[2024-04-10T00:09:34.020+0800][19.717s] GC(4) Concurrent Mark 51.833ms
[2024-04-10T00:09:34.020+0800][19.717s] GC(4) Concurrent Rebuild Remembered Sets and Scrub Regions
[2024-04-10T00:09:34.040+0800][19.737s] GC(4) Concurrent Rebuild Remembered Sets and Scrub Regions 20.438ms
[2024-04-10T00:09:34.041+0800][19.738s] GC(4) Pause Cleanup
[2024-04-10T00:09:34.042+0800][19.739s] GC(4) Pause Cleanup 25M->25M(512M) 1.258ms
[2024-04-10T00:09:34.043+0800][19.740s] GC(4) User=0.00s Sys=0.00s Real=0.00s
[2024-04-10T00:09:34.043+0800][19.740s] GC(4) Concurrent Clear Claimed Marks
[2024-04-10T00:09:34.043+0800][19.740s] GC(4) Concurrent Clear Claimed Marks 0.320ms
[2024-04-10T00:09:34.043+0800][19.740s] GC(4) Concurrent Cleanup for Next Mark
[2024-04-10T00:09:34.045+0800][19.742s] GC(4) Concurrent Cleanup for Next Mark 1.506ms
[2024-04-10T00:09:34.045+0800][19.742s] GC(4) Concurrent Mark Cycle 93.908ms
[2024-04-10T00:10:03.425+0800][49.122s] GC(5) Pause Young (Prepare Mixed) (Metadata GC Threshold)
[2024-04-10T00:10:03.425+0800][49.122s] GC(5) Using 10 workers of 10 for evacuation
[2024-04-10T00:10:03.432+0800][49.129s] GC(5)   Pre Evacuate Collection Set: 0.21ms
[2024-04-10T00:10:03.432+0800][49.129s] GC(5)   Merge Heap Roots: 0.15ms
[2024-04-10T00:10:03.432+0800][49.129s] GC(5)   Evacuate Collection Set: 5.66ms
[2024-04-10T00:10:03.432+0800][49.129s] GC(5)   Post Evacuate Collection Set: 0.95ms
[2024-04-10T00:10:03.432+0800][49.129s] GC(5)   Other: 0.09ms
[2024-04-10T00:10:03.432+0800][49.129s] GC(5) Eden regions: 146->0(288)
[2024-04-10T00:10:03.432+0800][49.129s] GC(5) Survivor regions: 13->19(39)
[2024-04-10T00:10:03.432+0800][49.129s] GC(5) Old regions: 8->8
[2024-04-10T00:10:03.432+0800][49.129s] GC(5) Humongous regions: 5->4
[2024-04-10T00:10:03.432+0800][49.129s] GC(5) Metaspace: 35475K(35968K)->35475K(35968K) NonClass: 31259K(31488K)->31259K(31488K) Class: 4216K(4480K)->4216K(4480K)
[2024-04-10T00:10:03.432+0800][49.129s] GC(5) Pause Young (Prepare Mixed) (Metadata GC Threshold) 170M->30M(512M) 7.354ms
[2024-04-10T00:10:03.432+0800][49.129s] GC(5) User=0.00s Sys=0.00s Real=0.01s
[2024-04-10T00:10:03.523+0800][49.220s] GC(6) Pause Young (Mixed) (Metadata GC Threshold)
[2024-04-10T00:10:03.523+0800][49.220s] GC(6) Using 10 workers of 10 for evacuation
[2024-04-10T00:10:03.530+0800][49.227s] GC(6)   Pre Evacuate Collection Set: 0.20ms
[2024-04-10T00:10:03.530+0800][49.227s] GC(6)   Merge Heap Roots: 0.07ms
[2024-04-10T00:10:03.530+0800][49.227s] GC(6)   Evacuate Collection Set: 5.57ms
[2024-04-10T00:10:03.530+0800][49.227s] GC(6)   Post Evacuate Collection Set: 0.92ms
[2024-04-10T00:10:03.530+0800][49.227s] GC(6)   Other: 0.10ms
[2024-04-10T00:10:03.530+0800][49.227s] GC(6) Eden regions: 7->0(287)
[2024-04-10T00:10:03.530+0800][49.227s] GC(6) Survivor regions: 19->20(39)
[2024-04-10T00:10:03.530+0800][49.227s] GC(6) Old regions: 8->8
[2024-04-10T00:10:03.530+0800][49.227s] GC(6) Humongous regions: 4->4
[2024-04-10T00:10:03.530+0800][49.227s] GC(6) Metaspace: 35874K(36288K)->35874K(36288K) NonClass: 31601K(31808K)->31601K(31808K) Class: 4273K(4480K)->4273K(4480K)
[2024-04-10T00:10:03.530+0800][49.227s] GC(6) Pause Young (Mixed) (Metadata GC Threshold) 37M->30M(512M) 7.129ms
[2024-04-10T00:10:03.530+0800][49.227s] GC(6) User=0.02s Sys=0.00s Real=0.01s
[2024-04-10T00:10:03.858+0800][49.555s] GC(7) Pause Young (Concurrent Start) (Metadata GC Threshold)
[2024-04-10T00:10:03.858+0800][49.555s] GC(7) Using 10 workers of 10 for evacuation
[2024-04-10T00:10:03.865+0800][49.561s] GC(7)   Pre Evacuate Collection Set: 0.14ms
[2024-04-10T00:10:03.865+0800][49.561s] GC(7)   Merge Heap Roots: 0.08ms
[2024-04-10T00:10:03.865+0800][49.561s] GC(7)   Evacuate Collection Set: 5.13ms
[2024-04-10T00:10:03.865+0800][49.561s] GC(7)   Post Evacuate Collection Set: 0.90ms
[2024-04-10T00:10:03.865+0800][49.561s] GC(7)   Other: 0.14ms
[2024-04-10T00:10:03.865+0800][49.561s] GC(7) Eden regions: 211->0(287)
[2024-04-10T00:10:03.865+0800][49.561s] GC(7) Survivor regions: 20->20(39)
[2024-04-10T00:10:03.865+0800][49.561s] GC(7) Old regions: 8->8
[2024-04-10T00:10:03.865+0800][49.561s] GC(7) Humongous regions: 4->4
[2024-04-10T00:10:03.865+0800][49.561s] GC(7) Metaspace: 36155K(36608K)->36155K(36608K) NonClass: 31841K(32064K)->31841K(32064K) Class: 4313K(4544K)->4313K(4544K)
[2024-04-10T00:10:03.865+0800][49.561s] GC(7) Pause Young (Concurrent Start) (Metadata GC Threshold) 241M->31M(512M) 6.647ms
[2024-04-10T00:10:03.865+0800][49.561s] GC(7) User=0.00s Sys=0.00s Real=0.01s
[2024-04-10T00:10:03.865+0800][49.561s] GC(8) Concurrent Mark Cycle
[2024-04-10T00:10:03.865+0800][49.562s] GC(8) Concurrent Scan Root Regions
[2024-04-10T00:10:03.867+0800][49.564s] GC(8) Concurrent Scan Root Regions 2.270ms
[2024-04-10T00:10:03.867+0800][49.564s] GC(8) Concurrent Mark
[2024-04-10T00:10:03.867+0800][49.564s] GC(8) Concurrent Mark From Roots
[2024-04-10T00:10:03.867+0800][49.564s] GC(8) Using 3 workers of 3 for marking
[2024-04-10T00:10:03.871+0800][49.568s] GC(8) Concurrent Mark From Roots 4.065ms
[2024-04-10T00:10:03.871+0800][49.568s] GC(8) Concurrent Preclean
[2024-04-10T00:10:03.872+0800][49.568s] GC(8) Concurrent Preclean 0.036ms
[2024-04-10T00:10:03.872+0800][49.568s] GC(8) Pause Remark
[2024-04-10T00:10:03.875+0800][49.571s] GC(8) Pause Remark 32M->32M(512M) 3.188ms
[2024-04-10T00:10:03.875+0800][49.571s] GC(8) User=0.00s Sys=0.00s Real=0.00s
[2024-04-10T00:10:03.875+0800][49.571s] GC(8) Concurrent Mark 7.581ms
[2024-04-10T00:10:03.875+0800][49.571s] GC(8) Concurrent Rebuild Remembered Sets and Scrub Regions
[2024-04-10T00:10:03.878+0800][49.574s] GC(8) Concurrent Rebuild Remembered Sets and Scrub Regions 2.563ms
[2024-04-10T00:10:03.878+0800][49.574s] GC(8) Pause Cleanup
[2024-04-10T00:10:03.878+0800][49.574s] GC(8) Pause Cleanup 32M->32M(512M) 0.144ms
[2024-04-10T00:10:03.878+0800][49.574s] GC(8) User=0.00s Sys=0.00s Real=0.00s
[2024-04-10T00:10:03.878+0800][49.574s] GC(8) Concurrent Clear Claimed Marks
[2024-04-10T00:10:03.878+0800][49.574s] GC(8) Concurrent Clear Claimed Marks 0.043ms
[2024-04-10T00:10:03.878+0800][49.574s] GC(8) Concurrent Cleanup for Next Mark
[2024-04-10T00:10:03.878+0800][49.575s] GC(8) Concurrent Cleanup for Next Mark 0.421ms
[2024-04-10T00:10:03.878+0800][49.575s] GC(8) Concurrent Mark Cycle 13.407ms
[2024-04-10T00:11:50.907+0800][156.604s] GC(9) Pause Young (Prepare Mixed) (G1 Evacuation Pause)
[2024-04-10T00:11:50.907+0800][156.604s] GC(9) Using 10 workers of 10 for evacuation
[2024-04-10T00:11:50.916+0800][156.614s] GC(9)   Pre Evacuate Collection Set: 0.20ms
[2024-04-10T00:11:50.917+0800][156.614s] GC(9)   Merge Heap Roots: 0.11ms
[2024-04-10T00:11:50.917+0800][156.614s] GC(9)   Evacuate Collection Set: 7.65ms
[2024-04-10T00:11:50.917+0800][156.614s] GC(9)   Post Evacuate Collection Set: 1.35ms
[2024-04-10T00:11:50.917+0800][156.614s] GC(9)   Other: 0.19ms
[2024-04-10T00:11:50.917+0800][156.614s] GC(9) Eden regions: 287->0(282)
[2024-04-10T00:11:50.917+0800][156.614s] GC(9) Survivor regions: 20->25(39)
[2024-04-10T00:11:50.917+0800][156.614s] GC(9) Old regions: 8->8
[2024-04-10T00:11:50.917+0800][156.614s] GC(9) Humongous regions: 4->4
[2024-04-10T00:11:50.917+0800][156.614s] GC(9) Metaspace: 43404K(43968K)->43404K(43968K) NonClass: 38041K(38336K)->38041K(38336K) Class: 5363K(5632K)->5363K(5632K)
[2024-04-10T00:11:50.917+0800][156.614s] GC(9) Pause Young (Prepare Mixed) (G1 Evacuation Pause) 318M->35M(512M) 9.825ms
[2024-04-10T00:11:50.917+0800][156.614s] GC(9) User=0.00s Sys=0.00s Real=0.01s
[2024-04-10T00:12:53.464+0800][219.161s] GC(10) Pause Young (Mixed) (G1 Evacuation Pause)
[2024-04-10T00:12:53.464+0800][219.161s] GC(10) Using 10 workers of 10 for evacuation
[2024-04-10T00:12:53.473+0800][219.170s] GC(10)   Pre Evacuate Collection Set: 0.18ms
[2024-04-10T00:12:53.473+0800][219.170s] GC(10)   Merge Heap Roots: 0.11ms
[2024-04-10T00:12:53.473+0800][219.170s] GC(10)   Evacuate Collection Set: 7.79ms
[2024-04-10T00:12:53.473+0800][219.170s] GC(10)   Post Evacuate Collection Set: 1.07ms
[2024-04-10T00:12:53.473+0800][219.170s] GC(10)   Other: 0.08ms
[2024-04-10T00:12:53.474+0800][219.170s] GC(10) Eden regions: 282->0(283)
[2024-04-10T00:12:53.474+0800][219.170s] GC(10) Survivor regions: 25->24(39)
[2024-04-10T00:12:53.474+0800][219.170s] GC(10) Old regions: 8->14
[2024-04-10T00:12:53.474+0800][219.170s] GC(10) Humongous regions: 5->4
[2024-04-10T00:12:53.474+0800][219.170s] GC(10) Metaspace: 44620K(45184K)->44620K(45184K) NonClass: 39187K(39488K)->39187K(39488K) Class: 5433K(5696K)->5433K(5696K)
[2024-04-10T00:12:53.474+0800][219.170s] GC(10) Pause Young (Mixed) (G1 Evacuation Pause) 318M->41M(512M) 9.474ms
[2024-04-10T00:12:53.474+0800][219.170s] GC(10) User=0.02s Sys=0.00s Real=0.01s
[2024-04-10T00:18:58.077+0800][583.774s] GC(11) Pause Young (Normal) (G1 Evacuation Pause)
[2024-04-10T00:18:58.078+0800][583.774s] GC(11) Using 10 workers of 10 for evacuation
[2024-04-10T00:18:58.087+0800][583.783s] GC(11)   Pre Evacuate Collection Set: 0.16ms
[2024-04-10T00:18:58.087+0800][583.783s] GC(11)   Merge Heap Roots: 0.11ms
[2024-04-10T00:18:58.087+0800][583.783s] GC(11)   Evacuate Collection Set: 7.42ms
[2024-04-10T00:18:58.087+0800][583.783s] GC(11)   Post Evacuate Collection Set: 1.23ms
[2024-04-10T00:18:58.087+0800][583.784s] GC(11)   Other: 0.09ms
[2024-04-10T00:18:58.087+0800][583.784s] GC(11) Eden regions: 283->0(280)
[2024-04-10T00:18:58.087+0800][583.784s] GC(11) Survivor regions: 24->27(39)
[2024-04-10T00:18:58.087+0800][583.784s] GC(11) Old regions: 14->19
[2024-04-10T00:18:58.087+0800][583.784s] GC(11) Humongous regions: 5->4
[2024-04-10T00:18:58.087+0800][583.784s] GC(11) Metaspace: 56727K(57408K)->56727K(57408K) NonClass: 49688K(50048K)->49688K(50048K) Class: 7039K(7360K)->7039K(7360K)
[2024-04-10T00:18:58.087+0800][583.784s] GC(11) Pause Young (Normal) (G1 Evacuation Pause) 325M->49M(512M) 9.329ms
[2024-04-10T00:18:58.087+0800][583.784s] GC(11) User=0.00s Sys=0.00s Real=0.01s
[2024-04-10T00:19:58.420+0800][644.117s] GC(12) Pause Young (Normal) (G1 Evacuation Pause)
[2024-04-10T00:19:58.420+0800][644.117s] GC(12) Using 10 workers of 10 for evacuation
[2024-04-10T00:19:58.427+0800][644.125s] GC(12)   Pre Evacuate Collection Set: 0.16ms
[2024-04-10T00:19:58.427+0800][644.125s] GC(12)   Merge Heap Roots: 0.11ms
[2024-04-10T00:19:58.428+0800][644.125s] GC(12)   Evacuate Collection Set: 5.99ms
[2024-04-10T00:19:58.428+0800][644.125s] GC(12)   Post Evacuate Collection Set: 0.95ms
[2024-04-10T00:19:58.428+0800][644.125s] GC(12)   Other: 0.09ms
[2024-04-10T00:19:58.428+0800][644.125s] GC(12) Eden regions: 280->0(285)
[2024-04-10T00:19:58.428+0800][644.125s] GC(12) Survivor regions: 27->22(39)
[2024-04-10T00:19:58.428+0800][644.125s] GC(12) Old regions: 19->26
[2024-04-10T00:19:58.428+0800][644.125s] GC(12) Humongous regions: 5->4
[2024-04-10T00:19:58.428+0800][644.125s] GC(12) Metaspace: 58909K(59648K)->58909K(59648K) NonClass: 51673K(52096K)->51673K(52096K) Class: 7236K(7552K)->7236K(7552K)
[2024-04-10T00:19:58.428+0800][644.125s] GC(12) Pause Young (Normal) (G1 Evacuation Pause) 330M->51M(512M) 7.657ms
[2024-04-10T00:19:58.428+0800][644.125s] GC(12) User=0.00s Sys=0.00s Real=0.01s
[2024-04-10T00:20:29.277+0800][674.974s] GC(13) Pause Young (Concurrent Start) (Metadata GC Threshold)
[2024-04-10T00:20:29.277+0800][674.974s] GC(13) Using 10 workers of 10 for evacuation
[2024-04-10T00:20:29.284+0800][674.981s] GC(13)   Pre Evacuate Collection Set: 0.19ms
[2024-04-10T00:20:29.284+0800][674.981s] GC(13)   Merge Heap Roots: 0.13ms
[2024-04-10T00:20:29.284+0800][674.981s] GC(13)   Evacuate Collection Set: 4.76ms
[2024-04-10T00:20:29.284+0800][674.981s] GC(13)   Post Evacuate Collection Set: 1.10ms
[2024-04-10T00:20:29.284+0800][674.981s] GC(13)   Other: 0.12ms
[2024-04-10T00:20:29.284+0800][674.981s] GC(13) Eden regions: 184->0(286)
[2024-04-10T00:20:29.284+0800][674.981s] GC(13) Survivor regions: 22->21(39)
[2024-04-10T00:20:29.284+0800][674.981s] GC(13) Old regions: 26->27
[2024-04-10T00:20:29.284+0800][674.981s] GC(13) Humongous regions: 5->4
[2024-04-10T00:20:29.284+0800][674.981s] GC(13) Metaspace: 60405K(61120K)->60405K(61120K) NonClass: 53024K(53376K)->53024K(53376K) Class: 7381K(7744K)->7381K(7744K)
[2024-04-10T00:20:29.284+0800][674.981s] GC(13) Pause Young (Concurrent Start) (Metadata GC Threshold) 236M->51M(512M) 6.568ms
[2024-04-10T00:20:29.284+0800][674.981s] GC(13) User=0.00s Sys=0.00s Real=0.01s
[2024-04-10T00:20:29.284+0800][674.981s] GC(14) Concurrent Mark Cycle
[2024-04-10T00:20:29.284+0800][674.981s] GC(14) Concurrent Scan Root Regions
[2024-04-10T00:20:29.287+0800][674.984s] GC(14) Concurrent Scan Root Regions 3.585ms
[2024-04-10T00:20:29.287+0800][674.984s] GC(14) Concurrent Mark
[2024-04-10T00:20:29.287+0800][674.984s] GC(14) Concurrent Mark From Roots
[2024-04-10T00:20:29.287+0800][674.985s] GC(14) Using 3 workers of 3 for marking
[2024-04-10T00:20:29.297+0800][674.994s] GC(14) Concurrent Mark From Roots 9.682ms
[2024-04-10T00:20:29.298+0800][674.994s] GC(14) Concurrent Preclean
[2024-04-10T00:20:29.298+0800][674.994s] GC(14) Concurrent Preclean 0.204ms
[2024-04-10T00:20:29.298+0800][674.995s] GC(14) Pause Remark
[2024-04-10T00:20:29.308+0800][675.005s] GC(14) Pause Remark 52M->52M(512M) 10.941ms
[2024-04-10T00:20:29.309+0800][675.006s] GC(14) User=0.00s Sys=0.00s Real=0.01s
[2024-04-10T00:20:29.309+0800][675.006s] GC(14) Concurrent Mark 21.104ms
[2024-04-10T00:20:29.309+0800][675.006s] GC(14) Concurrent Rebuild Remembered Sets and Scrub Regions
[2024-04-10T00:20:29.313+0800][675.010s] GC(14) Concurrent Rebuild Remembered Sets and Scrub Regions 4.106ms
[2024-04-10T00:20:29.313+0800][675.010s] GC(14) Pause Cleanup
[2024-04-10T00:20:29.314+0800][675.010s] GC(14) Pause Cleanup 53M->53M(512M) 0.146ms
[2024-04-10T00:20:29.314+0800][675.010s] GC(14) User=0.00s Sys=0.00s Real=0.00s
[2024-04-10T00:20:29.314+0800][675.010s] GC(14) Concurrent Clear Claimed Marks
[2024-04-10T00:20:29.314+0800][675.010s] GC(14) Concurrent Clear Claimed Marks 0.064ms
[2024-04-10T00:20:29.314+0800][675.010s] GC(14) Concurrent Cleanup for Next Mark
[2024-04-10T00:20:29.314+0800][675.011s] GC(14) Concurrent Cleanup for Next Mark 0.699ms
[2024-04-10T00:20:29.314+0800][675.011s] GC(14) Concurrent Mark Cycle 30.194ms
[2024-04-10T00:21:15.031+0800][720.728s] GC(15) Pause Young (Prepare Mixed) (G1 Evacuation Pause)
[2024-04-10T00:21:15.031+0800][720.728s] GC(15) Using 10 workers of 10 for evacuation
[2024-04-10T00:21:15.038+0800][720.735s] GC(15)   Pre Evacuate Collection Set: 0.17ms
[2024-04-10T00:21:15.038+0800][720.735s] GC(15)   Merge Heap Roots: 0.10ms
[2024-04-10T00:21:15.038+0800][720.735s] GC(15)   Evacuate Collection Set: 5.23ms
[2024-04-10T00:21:15.038+0800][720.735s] GC(15)   Post Evacuate Collection Set: 0.93ms
[2024-04-10T00:21:15.038+0800][720.735s] GC(15)   Other: 0.08ms
[2024-04-10T00:21:15.038+0800][720.735s] GC(15) Eden regions: 286->0(283)
[2024-04-10T00:21:15.038+0800][720.735s] GC(15) Survivor regions: 21->24(39)
[2024-04-10T00:21:15.038+0800][720.735s] GC(15) Old regions: 27->27
[2024-04-10T00:21:15.038+0800][720.735s] GC(15) Humongous regions: 6->4
[2024-04-10T00:21:15.038+0800][720.735s] GC(15) Metaspace: 63098K(63808K)->63098K(63808K) NonClass: 55447K(55808K)->55447K(55808K) Class: 7650K(8000K)->7650K(8000K)
[2024-04-10T00:21:15.038+0800][720.735s] GC(15) Pause Young (Prepare Mixed) (G1 Evacuation Pause) 339M->54M(512M) 6.755ms
[2024-04-10T00:21:15.038+0800][720.735s] GC(15) User=0.00s Sys=0.00s Real=0.01s
[2024-04-10T00:21:48.549+0800][754.246s] GC(16) Pause Young (Mixed) (G1 Evacuation Pause)
[2024-04-10T00:21:48.549+0800][754.246s] GC(16) Using 10 workers of 10 for evacuation
[2024-04-10T00:21:48.555+0800][754.252s] GC(16)   Pre Evacuate Collection Set: 0.15ms
[2024-04-10T00:21:48.555+0800][754.252s] GC(16)   Merge Heap Roots: 0.10ms
[2024-04-10T00:21:48.555+0800][754.252s] GC(16)   Evacuate Collection Set: 5.51ms
[2024-04-10T00:21:48.555+0800][754.252s] GC(16)   Post Evacuate Collection Set: 0.98ms
[2024-04-10T00:21:48.555+0800][754.253s] GC(16)   Other: 0.08ms
[2024-04-10T00:21:48.556+0800][754.253s] GC(16) Eden regions: 283->0(288)
[2024-04-10T00:21:48.556+0800][754.253s] GC(16) Survivor regions: 24->19(39)
[2024-04-10T00:21:48.556+0800][754.253s] GC(16) Old regions: 27->32
[2024-04-10T00:21:48.556+0800][754.253s] GC(16) Humongous regions: 6->4
[2024-04-10T00:21:48.556+0800][754.253s] GC(16) Metaspace: 65859K(66560K)->65859K(66560K) NonClass: 57922K(58304K)->57922K(58304K) Class: 7936K(8256K)->7936K(8256K)
[2024-04-10T00:21:48.556+0800][754.253s] GC(16) Pause Young (Mixed) (G1 Evacuation Pause) 339M->53M(512M) 7.039ms
[2024-04-10T00:21:48.556+0800][754.253s] GC(16) User=0.00s Sys=0.00s Real=0.01s
[2024-04-10T00:24:47.173+0800][932.871s] GC(17) Pause Young (Normal) (G1 Evacuation Pause)
[2024-04-10T00:24:47.174+0800][932.871s] GC(17) Using 10 workers of 10 for evacuation
[2024-04-10T00:24:47.180+0800][932.876s] GC(17)   Pre Evacuate Collection Set: 0.14ms
[2024-04-10T00:24:47.180+0800][932.876s] GC(17)   Merge Heap Roots: 0.09ms
[2024-04-10T00:24:47.180+0800][932.876s] GC(17)   Evacuate Collection Set: 4.46ms
[2024-04-10T00:24:47.180+0800][932.876s] GC(17)   Post Evacuate Collection Set: 1.00ms
[2024-04-10T00:24:47.180+0800][932.876s] GC(17)   Other: 0.08ms
[2024-04-10T00:24:47.180+0800][932.876s] GC(17) Eden regions: 288->0(288)
[2024-04-10T00:24:47.180+0800][932.876s] GC(17) Survivor regions: 19->19(39)
[2024-04-10T00:24:47.180+0800][932.877s] GC(17) Old regions: 32->32
[2024-04-10T00:24:47.180+0800][932.877s] GC(17) Humongous regions: 5->4
[2024-04-10T00:24:47.180+0800][932.877s] GC(17) Metaspace: 69547K(70272K)->69547K(70272K) NonClass: 61210K(61568K)->61210K(61568K) Class: 8336K(8704K)->8336K(8704K)
[2024-04-10T00:24:47.180+0800][932.877s] GC(17) Pause Young (Normal) (G1 Evacuation Pause) 342M->54M(512M) 6.013ms
[2024-04-10T00:24:47.180+0800][932.877s] GC(17) User=0.00s Sys=0.00s Real=0.01s
[2024-04-10T00:24:52.855+0800][938.551s] GC(18) Pause Young (Normal) (G1 Evacuation Pause)
[2024-04-10T00:24:52.855+0800][938.552s] GC(18) Using 10 workers of 10 for evacuation
[2024-04-10T00:24:52.861+0800][938.558s] GC(18)   Pre Evacuate Collection Set: 0.18ms
[2024-04-10T00:24:52.862+0800][938.558s] GC(18)   Merge Heap Roots: 0.12ms
[2024-04-10T00:24:52.862+0800][938.558s] GC(18)   Evacuate Collection Set: 5.27ms
[2024-04-10T00:24:52.862+0800][938.559s] GC(18)   Post Evacuate Collection Set: 1.24ms
[2024-04-10T00:24:52.862+0800][938.559s] GC(18)   Other: 0.10ms
[2024-04-10T00:24:52.862+0800][938.559s] GC(18) Eden regions: 288->0(282)
[2024-04-10T00:24:52.862+0800][938.559s] GC(18) Survivor regions: 19->25(39)
[2024-04-10T00:24:52.862+0800][938.559s] GC(18) Old regions: 32->32
[2024-04-10T00:24:52.862+0800][938.559s] GC(18) Humongous regions: 4->4
[2024-04-10T00:24:52.862+0800][938.559s] GC(18) Metaspace: 70901K(71680K)->70901K(71680K) NonClass: 62489K(62912K)->62489K(62912K) Class: 8411K(8768K)->8411K(8768K)
[2024-04-10T00:24:52.862+0800][938.559s] GC(18) Pause Young (Normal) (G1 Evacuation Pause) 342M->59M(512M) 7.184ms
[2024-04-10T00:24:52.862+0800][938.559s] GC(18) User=0.02s Sys=0.00s Real=0.01s
[2024-04-10T00:25:30.311+0800][976.008s] GC(19) Pause Young (Normal) (G1 Evacuation Pause)
[2024-04-10T00:25:30.311+0800][976.008s] GC(19) Using 10 workers of 10 for evacuation
[2024-04-10T00:25:30.318+0800][976.015s] GC(19)   Pre Evacuate Collection Set: 0.15ms
[2024-04-10T00:25:30.318+0800][976.015s] GC(19)   Merge Heap Roots: 0.09ms
[2024-04-10T00:25:30.318+0800][976.015s] GC(19)   Evacuate Collection Set: 5.68ms
[2024-04-10T00:25:30.318+0800][976.015s] GC(19)   Post Evacuate Collection Set: 1.26ms
[2024-04-10T00:25:30.318+0800][976.015s] GC(19)   Other: 0.08ms
[2024-04-10T00:25:30.318+0800][976.015s] GC(19) Eden regions: 282->0(283)
[2024-04-10T00:25:30.318+0800][976.015s] GC(19) Survivor regions: 25->24(39)
[2024-04-10T00:25:30.318+0800][976.015s] GC(19) Old regions: 32->37
[2024-04-10T00:25:30.318+0800][976.015s] GC(19) Humongous regions: 5->4
[2024-04-10T00:25:30.318+0800][976.015s] GC(19) Metaspace: 72453K(73152K)->72453K(73152K) NonClass: 63881K(64256K)->63881K(64256K) Class: 8572K(8896K)->8572K(8896K)
[2024-04-10T00:25:30.318+0800][976.015s] GC(19) Pause Young (Normal) (G1 Evacuation Pause) 342M->64M(512M) 7.504ms
[2024-04-10T00:25:30.318+0800][976.015s] GC(19) User=0.00s Sys=0.00s Real=0.01s
[2024-04-10T00:29:13.197+0800][1198.894s] Heap
[2024-04-10T00:29:13.197+0800][1198.894s]  garbage-first heap   total reserved 524288K, committed 524288K, used 175402K [0x00000000e0000000, 0x0000000100000000)
[2024-04-10T00:29:13.197+0800][1198.894s]   region size 1024K, 131 young (134144K), 24 survivors (24576K)
[2024-04-10T00:29:13.197+0800][1198.894s]  Metaspace       used 73108K, committed 73792K, reserved 1114112K
[2024-04-10T00:29:13.197+0800][1198.894s]   class space    used 8656K, committed 8960K, reserved 1048576K
