[2024-04-13T12:47:29.045+0800][0.010s] CardTable entry size: 512
[2024-04-13T12:47:29.046+0800][0.010s] Using G1
[2024-04-13T12:47:29.165+0800][0.130s] Version: 22+36-2370 (release)
[2024-04-13T12:47:29.165+0800][0.130s] CPUs: 12 total, 12 available
[2024-04-13T12:47:29.165+0800][0.130s] Memory: 16291M
[2024-04-13T12:47:29.165+0800][0.130s] Large Page Support: Disabled
[2024-04-13T12:47:29.165+0800][0.130s] NUMA Support: Disabled
[2024-04-13T12:47:29.165+0800][0.130s] Compressed Oops: Enabled (32-bit)
[2024-04-13T12:47:29.165+0800][0.130s] Heap Region Size: 1M
[2024-04-13T12:47:29.165+0800][0.130s] Heap Min Capacity: 512M
[2024-04-13T12:47:29.165+0800][0.130s] Heap Initial Capacity: 512M
[2024-04-13T12:47:29.165+0800][0.130s] Heap Max Capacity: 512M
[2024-04-13T12:47:29.165+0800][0.130s] Pre-touch: Enabled
[2024-04-13T12:47:29.166+0800][0.130s] Parallel Workers: 10
[2024-04-13T12:47:29.166+0800][0.130s] Concurrent Workers: 3
[2024-04-13T12:47:29.166+0800][0.130s] Concurrent Refinement Workers: 10
[2024-04-13T12:47:29.166+0800][0.130s] Periodic GC: Disabled
[2024-04-13T12:47:29.172+0800][0.137s] CDS archive(s) mapped at: [0x000002140f000000-0x000002140fc60000-0x000002140fc60000), size 12976128, SharedBaseAddress: 0x000002140f000000, ArchiveRelocationMode: 1.
[2024-04-13T12:47:29.172+0800][0.137s] Compressed class space mapped at: 0x0000021410000000-0x0000021450000000, reserved size: 1073741824
[2024-04-13T12:47:29.172+0800][0.137s] Narrow klass base: 0x000002140f000000, Narrow klass shift: 0, Narrow klass range: 0x41000000
[2024-04-13T12:47:29.661+0800][0.626s] GC(0) Pause Young (Normal) (G1 Evacuation Pause)
[2024-04-13T12:47:29.661+0800][0.626s] GC(0) Using 10 workers of 10 for evacuation
[2024-04-13T12:47:29.663+0800][0.628s] GC(0)   Pre Evacuate Collection Set: 0.09ms
[2024-04-13T12:47:29.663+0800][0.628s] GC(0)   Merge Heap Roots: 0.04ms
[2024-04-13T12:47:29.663+0800][0.628s] GC(0)   Evacuate Collection Set: 1.74ms
[2024-04-13T12:47:29.663+0800][0.628s] GC(0)   Post Evacuate Collection Set: 0.24ms
[2024-04-13T12:47:29.663+0800][0.628s] GC(0)   Other: 0.34ms
[2024-04-13T12:47:29.663+0800][0.628s] GC(0) Eden regions: 30->0(45)
[2024-04-13T12:47:29.663+0800][0.628s] GC(0) Survivor regions: 0->4(4)
[2024-04-13T12:47:29.663+0800][0.628s] GC(0) Old regions: 0->0
[2024-04-13T12:47:29.663+0800][0.628s] GC(0) Humongous regions: 0->0
[2024-04-13T12:47:29.663+0800][0.628s] GC(0) Metaspace: 6598K(6784K)->6598K(6784K) NonClass: 5829K(5952K)->5829K(5952K) Class: 768K(832K)->768K(832K)
[2024-04-13T12:47:29.663+0800][0.628s] GC(0) Pause Young (Normal) (G1 Evacuation Pause) 30M->3M(512M) 2.668ms
[2024-04-13T12:47:29.664+0800][0.628s] GC(0) User=0.00s Sys=0.00s Real=0.00s
[2024-04-13T12:47:35.323+0800][6.287s] GC(1) Pause Young (Normal) (G1 Evacuation Pause)
[2024-04-13T12:47:35.323+0800][6.287s] GC(1) Using 10 workers of 10 for evacuation
[2024-04-13T12:47:35.328+0800][6.293s] GC(1)   Pre Evacuate Collection Set: 0.08ms
[2024-04-13T12:47:35.328+0800][6.293s] GC(1)   Merge Heap Roots: 0.04ms
[2024-04-13T12:47:35.328+0800][6.293s] GC(1)   Evacuate Collection Set: 4.62ms
[2024-04-13T12:47:35.328+0800][6.293s] GC(1)   Post Evacuate Collection Set: 0.31ms
[2024-04-13T12:47:35.328+0800][6.293s] GC(1)   Other: 0.06ms
[2024-04-13T12:47:35.328+0800][6.293s] GC(1) Eden regions: 45->0(160)
[2024-04-13T12:47:35.328+0800][6.293s] GC(1) Survivor regions: 4->7(7)
[2024-04-13T12:47:35.328+0800][6.293s] GC(1) Old regions: 0->8
[2024-04-13T12:47:35.328+0800][6.293s] GC(1) Humongous regions: 4->4
[2024-04-13T12:47:35.328+0800][6.293s] GC(1) Metaspace: 17974K(18432K)->17974K(18432K) NonClass: 15878K(16128K)->15878K(16128K) Class: 2096K(2304K)->2096K(2304K)
[2024-04-13T12:47:35.328+0800][6.293s] GC(1) Pause Young (Normal) (G1 Evacuation Pause) 52M->18M(512M) 5.263ms
[2024-04-13T12:47:35.328+0800][6.293s] GC(1) User=0.00s Sys=0.00s Real=0.01s
[2024-04-13T12:47:35.680+0800][6.646s] GC(2) Pause Young (Normal) (G1 Evacuation Pause)
[2024-04-13T12:47:35.681+0800][6.646s] GC(2) Using 10 workers of 10 for evacuation
[2024-04-13T12:47:35.683+0800][6.649s] GC(2)   Pre Evacuate Collection Set: 0.11ms
[2024-04-13T12:47:35.684+0800][6.649s] GC(2)   Merge Heap Roots: 0.07ms
[2024-04-13T12:47:35.684+0800][6.649s] GC(2)   Evacuate Collection Set: 2.41ms
[2024-04-13T12:47:35.684+0800][6.649s] GC(2)   Post Evacuate Collection Set: 0.29ms
[2024-04-13T12:47:35.684+0800][6.649s] GC(2)   Other: 0.11ms
[2024-04-13T12:47:35.684+0800][6.649s] GC(2) Eden regions: 160->0(295)
[2024-04-13T12:47:35.684+0800][6.649s] GC(2) Survivor regions: 7->12(21)
[2024-04-13T12:47:35.684+0800][6.649s] GC(2) Old regions: 8->8
[2024-04-13T12:47:35.684+0800][6.649s] GC(2) Humongous regions: 4->4
[2024-04-13T12:47:35.684+0800][6.649s] GC(2) Metaspace: 19084K(19520K)->19084K(19520K) NonClass: 16857K(17088K)->16857K(17088K) Class: 2227K(2432K)->2227K(2432K)
[2024-04-13T12:47:35.684+0800][6.649s] GC(2) Pause Young (Normal) (G1 Evacuation Pause) 178M->23M(512M) 3.151ms
[2024-04-13T12:47:35.684+0800][6.649s] GC(2) User=0.02s Sys=0.00s Real=0.00s
[2024-04-13T12:47:35.913+0800][6.878s] GC(3) Pause Young (Concurrent Start) (Metadata GC Threshold)
[2024-04-13T12:47:35.913+0800][6.878s] GC(3) Using 10 workers of 10 for evacuation
[2024-04-13T12:47:35.916+0800][6.881s] GC(3)   Pre Evacuate Collection Set: 0.10ms
[2024-04-13T12:47:35.916+0800][6.881s] GC(3)   Merge Heap Roots: 0.05ms
[2024-04-13T12:47:35.916+0800][6.881s] GC(3)   Evacuate Collection Set: 2.56ms
[2024-04-13T12:47:35.916+0800][6.881s] GC(3)   Post Evacuate Collection Set: 0.30ms
[2024-04-13T12:47:35.916+0800][6.881s] GC(3)   Other: 0.07ms
[2024-04-13T12:47:35.916+0800][6.881s] GC(3) Eden regions: 80->0(294)
[2024-04-13T12:47:35.916+0800][6.881s] GC(3) Survivor regions: 12->13(39)
[2024-04-13T12:47:35.916+0800][6.881s] GC(3) Old regions: 8->8
[2024-04-13T12:47:35.916+0800][6.881s] GC(3) Humongous regions: 4->4
[2024-04-13T12:47:35.916+0800][6.881s] GC(3) Metaspace: 21042K(21504K)->21042K(21504K) NonClass: 18594K(18816K)->18594K(18816K) Class: 2447K(2688K)->2447K(2688K)
[2024-04-13T12:47:35.916+0800][6.881s] GC(3) Pause Young (Concurrent Start) (Metadata GC Threshold) 102M->24M(512M) 3.245ms
[2024-04-13T12:47:35.916+0800][6.881s] GC(3) User=0.00s Sys=0.00s Real=0.00s
[2024-04-13T12:47:35.916+0800][6.881s] GC(4) Concurrent Mark Cycle
[2024-04-13T12:47:35.916+0800][6.881s] GC(4) Concurrent Scan Root Regions
[2024-04-13T12:47:35.917+0800][6.883s] GC(4) Concurrent Scan Root Regions 1.604ms
[2024-04-13T12:47:35.917+0800][6.883s] GC(4) Concurrent Mark
[2024-04-13T12:47:35.917+0800][6.883s] GC(4) Concurrent Mark From Roots
[2024-04-13T12:47:35.917+0800][6.883s] GC(4) Using 3 workers of 3 for marking
[2024-04-13T12:47:35.921+0800][6.887s] GC(4) Concurrent Mark From Roots 3.717ms
[2024-04-13T12:47:35.921+0800][6.887s] GC(4) Concurrent Preclean
[2024-04-13T12:47:35.921+0800][6.887s] GC(4) Concurrent Preclean 0.017ms
[2024-04-13T12:47:35.921+0800][6.887s] GC(4) Pause Remark
[2024-04-13T12:47:35.922+0800][6.888s] GC(4) Pause Remark 26M->26M(512M) 1.179ms
[2024-04-13T12:47:35.922+0800][6.888s] GC(4) User=0.00s Sys=0.00s Real=0.00s
[2024-04-13T12:47:35.922+0800][6.888s] GC(4) Concurrent Mark 5.043ms
[2024-04-13T12:47:35.922+0800][6.888s] GC(4) Concurrent Rebuild Remembered Sets and Scrub Regions
[2024-04-13T12:47:35.924+0800][6.890s] GC(4) Concurrent Rebuild Remembered Sets and Scrub Regions 1.777ms
[2024-04-13T12:47:35.924+0800][6.890s] GC(4) Pause Cleanup
[2024-04-13T12:47:35.924+0800][6.890s] GC(4) Pause Cleanup 26M->26M(512M) 0.112ms
[2024-04-13T12:47:35.924+0800][6.890s] GC(4) User=0.00s Sys=0.00s Real=0.00s
[2024-04-13T12:47:35.924+0800][6.890s] GC(4) Concurrent Clear Claimed Marks
[2024-04-13T12:47:35.924+0800][6.890s] GC(4) Concurrent Clear Claimed Marks 0.024ms
[2024-04-13T12:47:35.925+0800][6.890s] GC(4) Concurrent Cleanup for Next Mark
[2024-04-13T12:47:35.925+0800][6.890s] GC(4) Concurrent Cleanup for Next Mark 0.444ms
[2024-04-13T12:47:35.925+0800][6.891s] GC(4) Concurrent Mark Cycle 9.216ms
[2024-04-13T12:47:57.323+0800][28.288s] GC(5) Pause Young (Concurrent Start) (Metadata GC Threshold)
[2024-04-13T12:47:57.323+0800][28.288s] GC(5) Using 10 workers of 10 for evacuation
[2024-04-13T12:47:57.329+0800][28.294s] GC(5)   Pre Evacuate Collection Set: 0.10ms
[2024-04-13T12:47:57.329+0800][28.294s] GC(5)   Merge Heap Roots: 0.07ms
[2024-04-13T12:47:57.329+0800][28.294s] GC(5)   Evacuate Collection Set: 4.67ms
[2024-04-13T12:47:57.329+0800][28.294s] GC(5)   Post Evacuate Collection Set: 0.39ms
[2024-04-13T12:47:57.329+0800][28.294s] GC(5)   Other: 0.07ms
[2024-04-13T12:47:57.329+0800][28.294s] GC(5) Eden regions: 131->0(288)
[2024-04-13T12:47:57.329+0800][28.294s] GC(5) Survivor regions: 13->19(39)
[2024-04-13T12:47:57.329+0800][28.294s] GC(5) Old regions: 8->8
[2024-04-13T12:47:57.329+0800][28.294s] GC(5) Humongous regions: 5->4
[2024-04-13T12:47:57.329+0800][28.294s] GC(5) Metaspace: 35456K(35968K)->35456K(35968K) NonClass: 31239K(31488K)->31239K(31488K) Class: 4216K(4480K)->4216K(4480K)
[2024-04-13T12:47:57.329+0800][28.294s] GC(5) Pause Young (Concurrent Start) (Metadata GC Threshold) 156M->29M(512M) 5.476ms
[2024-04-13T12:47:57.329+0800][28.294s] GC(6) Concurrent Mark Cycle
[2024-04-13T12:47:57.329+0800][28.294s] GC(5) User=0.00s Sys=0.00s Real=0.01s
[2024-04-13T12:47:57.329+0800][28.294s] GC(6) Concurrent Scan Root Regions
[2024-04-13T12:47:57.331+0800][28.296s] GC(6) Concurrent Scan Root Regions 1.876ms
[2024-04-13T12:47:57.331+0800][28.296s] GC(6) Concurrent Mark
[2024-04-13T12:47:57.331+0800][28.296s] GC(6) Concurrent Mark From Roots
[2024-04-13T12:47:57.331+0800][28.296s] GC(6) Using 3 workers of 3 for marking
[2024-04-13T12:47:57.334+0800][28.299s] GC(6) Concurrent Mark From Roots 2.829ms
[2024-04-13T12:47:57.334+0800][28.299s] GC(6) Concurrent Preclean
[2024-04-13T12:47:57.334+0800][28.299s] GC(6) Concurrent Preclean 0.014ms
[2024-04-13T12:47:57.334+0800][28.299s] GC(6) Pause Remark
[2024-04-13T12:47:57.335+0800][28.301s] GC(6) Pause Remark 30M->30M(512M) 1.842ms
[2024-04-13T12:47:57.335+0800][28.301s] GC(6) User=0.00s Sys=0.00s Real=0.00s
[2024-04-13T12:47:57.335+0800][28.301s] GC(6) Concurrent Mark 4.808ms
[2024-04-13T12:47:57.335+0800][28.301s] GC(6) Concurrent Rebuild Remembered Sets and Scrub Regions
[2024-04-13T12:47:57.337+0800][28.302s] GC(6) Concurrent Rebuild Remembered Sets and Scrub Regions 1.577ms
[2024-04-13T12:47:57.337+0800][28.302s] GC(6) Pause Cleanup
[2024-04-13T12:47:57.337+0800][28.302s] GC(6) Pause Cleanup 30M->30M(512M) 0.090ms
[2024-04-13T12:47:57.337+0800][28.302s] GC(6) User=0.00s Sys=0.00s Real=0.00s
[2024-04-13T12:47:57.337+0800][28.302s] GC(6) Concurrent Clear Claimed Marks
[2024-04-13T12:47:57.337+0800][28.302s] GC(6) Concurrent Clear Claimed Marks 0.023ms
[2024-04-13T12:47:57.337+0800][28.302s] GC(6) Concurrent Cleanup for Next Mark
[2024-04-13T12:47:57.338+0800][28.303s] GC(6) Concurrent Cleanup for Next Mark 0.349ms
[2024-04-13T12:47:57.338+0800][28.303s] GC(6) Concurrent Mark Cycle 8.900ms
[2024-04-13T12:48:18.655+0800][49.620s] GC(7) Pause Young (Normal) (G1 Evacuation Pause)
[2024-04-13T12:48:18.655+0800][49.620s] GC(7) Using 10 workers of 10 for evacuation
[2024-04-13T12:48:18.665+0800][49.630s] GC(7)   Pre Evacuate Collection Set: 0.11ms
[2024-04-13T12:48:18.665+0800][49.630s] GC(7)   Merge Heap Roots: 0.09ms
[2024-04-13T12:48:18.665+0800][49.630s] GC(7)   Evacuate Collection Set: 8.04ms
[2024-04-13T12:48:18.665+0800][49.630s] GC(7)   Post Evacuate Collection Set: 1.31ms
[2024-04-13T12:48:18.665+0800][49.630s] GC(7)   Other: 0.09ms
[2024-04-13T12:48:18.665+0800][49.630s] GC(7) Eden regions: 288->0(273)
[2024-04-13T12:48:18.665+0800][49.630s] GC(7) Survivor regions: 19->34(39)
[2024-04-13T12:48:18.665+0800][49.630s] GC(7) Old regions: 8->8
[2024-04-13T12:48:18.665+0800][49.630s] GC(7) Humongous regions: 5->4
[2024-04-13T12:48:18.665+0800][49.630s] GC(7) Metaspace: 52665K(53248K)->52665K(53248K) NonClass: 46118K(46464K)->46118K(46464K) Class: 6546K(6784K)->6546K(6784K)
[2024-04-13T12:48:18.665+0800][49.630s] GC(7) Pause Young (Normal) (G1 Evacuation Pause) 318M->44M(512M) 9.823ms
[2024-04-13T12:48:18.665+0800][49.630s] GC(7) User=0.00s Sys=0.00s Real=0.01s
[2024-04-13T12:49:45.752+0800][136.718s] GC(8) Pause Young (Concurrent Start) (Metadata GC Threshold)
[2024-04-13T12:49:45.752+0800][136.718s] GC(8) Using 10 workers of 10 for evacuation
[2024-04-13T12:49:45.761+0800][136.727s] GC(8)   Pre Evacuate Collection Set: 0.10ms
[2024-04-13T12:49:45.761+0800][136.727s] GC(8)   Merge Heap Roots: 0.07ms
[2024-04-13T12:49:45.761+0800][136.727s] GC(8)   Evacuate Collection Set: 7.92ms
[2024-04-13T12:49:45.761+0800][136.727s] GC(8)   Post Evacuate Collection Set: 0.73ms
[2024-04-13T12:49:45.761+0800][136.727s] GC(8)   Other: 0.09ms
[2024-04-13T12:49:45.761+0800][136.727s] GC(8) Eden regions: 226->0(280)
[2024-04-13T12:49:45.761+0800][136.727s] GC(8) Survivor regions: 34->27(39)
[2024-04-13T12:49:45.761+0800][136.727s] GC(8) Old regions: 8->20
[2024-04-13T12:49:45.761+0800][136.727s] GC(8) Humongous regions: 5->4
[2024-04-13T12:49:45.761+0800][136.727s] GC(8) Metaspace: 59426K(60096K)->59426K(60096K) NonClass: 52043K(52416K)->52043K(52416K) Class: 7383K(7680K)->7383K(7680K)
[2024-04-13T12:49:45.761+0800][136.727s] GC(8) Pause Young (Concurrent Start) (Metadata GC Threshold) 271M->49M(512M) 9.082ms
[2024-04-13T12:49:45.761+0800][136.727s] GC(9) Concurrent Mark Cycle
[2024-04-13T12:49:45.761+0800][136.727s] GC(8) User=0.00s Sys=0.00s Real=0.01s
[2024-04-13T12:49:45.761+0800][136.727s] GC(9) Concurrent Scan Root Regions
[2024-04-13T12:49:45.765+0800][136.731s] GC(9) Concurrent Scan Root Regions 3.624ms
[2024-04-13T12:49:45.765+0800][136.731s] GC(9) Concurrent Mark
[2024-04-13T12:49:45.765+0800][136.731s] GC(9) Concurrent Mark From Roots
[2024-04-13T12:49:45.765+0800][136.731s] GC(9) Using 3 workers of 3 for marking
[2024-04-13T12:49:45.768+0800][136.734s] GC(9) Concurrent Mark From Roots 3.269ms
[2024-04-13T12:49:45.768+0800][136.734s] GC(9) Concurrent Preclean
[2024-04-13T12:49:45.768+0800][136.734s] GC(9) Concurrent Preclean 0.012ms
[2024-04-13T12:49:45.768+0800][136.734s] GC(9) Pause Remark
[2024-04-13T12:49:45.771+0800][136.737s] GC(9) Pause Remark 51M->51M(512M) 2.760ms
[2024-04-13T12:49:45.771+0800][136.737s] GC(9) User=0.00s Sys=0.00s Real=0.00s
[2024-04-13T12:49:45.771+0800][136.737s] GC(9) Concurrent Mark 6.212ms
[2024-04-13T12:49:45.771+0800][136.737s] GC(9) Concurrent Rebuild Remembered Sets and Scrub Regions
[2024-04-13T12:49:45.773+0800][136.739s] GC(9) Concurrent Rebuild Remembered Sets and Scrub Regions 2.126ms
[2024-04-13T12:49:45.773+0800][136.739s] GC(9) Pause Cleanup
[2024-04-13T12:49:45.774+0800][136.739s] GC(9) Pause Cleanup 51M->51M(512M) 0.064ms
[2024-04-13T12:49:45.774+0800][136.739s] GC(9) User=0.00s Sys=0.00s Real=0.00s
[2024-04-13T12:49:45.774+0800][136.739s] GC(9) Concurrent Clear Claimed Marks
[2024-04-13T12:49:45.774+0800][136.739s] GC(9) Concurrent Clear Claimed Marks 0.035ms
[2024-04-13T12:49:45.774+0800][136.739s] GC(9) Concurrent Cleanup for Next Mark
[2024-04-13T12:49:45.774+0800][136.739s] GC(9) Concurrent Cleanup for Next Mark 0.245ms
[2024-04-13T12:49:45.774+0800][136.739s] GC(9) Concurrent Mark Cycle 12.488ms
[2024-04-13T12:49:59.762+0800][150.727s] GC(10) Pause Young (Prepare Mixed) (G1 Evacuation Pause)
[2024-04-13T12:49:59.762+0800][150.727s] GC(10) Using 10 workers of 10 for evacuation
[2024-04-13T12:49:59.771+0800][150.736s] GC(10)   Pre Evacuate Collection Set: 0.09ms
[2024-04-13T12:49:59.771+0800][150.736s] GC(10)   Merge Heap Roots: 0.07ms
[2024-04-13T12:49:59.771+0800][150.736s] GC(10)   Evacuate Collection Set: 7.83ms
[2024-04-13T12:49:59.771+0800][150.736s] GC(10)   Post Evacuate Collection Set: 1.08ms
[2024-04-13T12:49:59.771+0800][150.736s] GC(10)   Other: 0.08ms
[2024-04-13T12:49:59.771+0800][150.736s] GC(10) Eden regions: 280->0(272)
[2024-04-13T12:49:59.771+0800][150.736s] GC(10) Survivor regions: 27->35(39)
[2024-04-13T12:49:59.771+0800][150.736s] GC(10) Old regions: 20->26
[2024-04-13T12:49:59.771+0800][150.736s] GC(10) Humongous regions: 5->4
[2024-04-13T12:49:59.771+0800][150.736s] GC(10) Metaspace: 62230K(62976K)->62230K(62976K) NonClass: 54610K(55040K)->54610K(55040K) Class: 7619K(7936K)->7619K(7936K)
[2024-04-13T12:49:59.771+0800][150.736s] GC(10) Pause Young (Prepare Mixed) (G1 Evacuation Pause) 330M->64M(512M) 9.464ms
[2024-04-13T12:49:59.771+0800][150.736s] GC(10) User=0.00s Sys=0.00s Real=0.01s
[2024-04-13T12:50:00.627+0800][151.592s] GC(11) Pause Young (Mixed) (G1 Evacuation Pause)
[2024-04-13T12:50:00.627+0800][151.592s] GC(11) Using 10 workers of 10 for evacuation
[2024-04-13T12:50:00.637+0800][151.603s] GC(11)   Pre Evacuate Collection Set: 0.10ms
[2024-04-13T12:50:00.637+0800][151.603s] GC(11)   Merge Heap Roots: 0.10ms
[2024-04-13T12:50:00.637+0800][151.603s] GC(11)   Evacuate Collection Set: 9.43ms
[2024-04-13T12:50:00.637+0800][151.603s] GC(11)   Post Evacuate Collection Set: 1.07ms
[2024-04-13T12:50:00.637+0800][151.603s] GC(11)   Other: 0.07ms
[2024-04-13T12:50:00.637+0800][151.603s] GC(11) Eden regions: 272->0(269)
[2024-04-13T12:50:00.637+0800][151.603s] GC(11) Survivor regions: 35->38(39)
[2024-04-13T12:50:00.637+0800][151.603s] GC(11) Old regions: 26->39
[2024-04-13T12:50:00.637+0800][151.603s] GC(11) Humongous regions: 5->5
[2024-04-13T12:50:00.637+0800][151.603s] GC(11) Metaspace: 62256K(62976K)->62256K(62976K) NonClass: 54636K(55040K)->54636K(55040K) Class: 7620K(7936K)->7620K(7936K)
[2024-04-13T12:50:00.637+0800][151.603s] GC(11) Pause Young (Mixed) (G1 Evacuation Pause) 337M->81M(512M) 10.940ms
[2024-04-13T12:50:00.638+0800][151.603s] GC(11) User=0.02s Sys=0.00s Real=0.01s
[2024-04-13T12:50:01.674+0800][152.639s] GC(12) Pause Young (Normal) (G1 Evacuation Pause)
[2024-04-13T12:50:01.674+0800][152.639s] GC(12) Using 10 workers of 10 for evacuation
[2024-04-13T12:50:01.683+0800][152.649s] GC(12)   Pre Evacuate Collection Set: 0.11ms
[2024-04-13T12:50:01.683+0800][152.649s] GC(12)   Merge Heap Roots: 0.07ms
[2024-04-13T12:50:01.683+0800][152.649s] GC(12)   Evacuate Collection Set: 8.49ms
[2024-04-13T12:50:01.683+0800][152.649s] GC(12)   Post Evacuate Collection Set: 0.46ms
[2024-04-13T12:50:01.683+0800][152.649s] GC(12)   Other: 0.07ms
[2024-04-13T12:50:01.683+0800][152.649s] GC(12) Eden regions: 269->0(271)
[2024-04-13T12:50:01.683+0800][152.649s] GC(12) Survivor regions: 38->36(39)
[2024-04-13T12:50:01.683+0800][152.649s] GC(12) Old regions: 39->56
[2024-04-13T12:50:01.683+0800][152.649s] GC(12) Humongous regions: 9->9
[2024-04-13T12:50:01.683+0800][152.649s] GC(12) Metaspace: 62346K(63104K)->62346K(63104K) NonClass: 54725K(55168K)->54725K(55168K) Class: 7621K(7936K)->7621K(7936K)
[2024-04-13T12:50:01.683+0800][152.649s] GC(12) Pause Young (Normal) (G1 Evacuation Pause) 354M->100M(512M) 9.390ms
[2024-04-13T12:50:01.683+0800][152.649s] GC(12) User=0.02s Sys=0.00s Real=0.01s
[2024-04-13T12:50:02.920+0800][153.886s] GC(13) Pause Young (Normal) (G1 Evacuation Pause)
[2024-04-13T12:50:02.920+0800][153.886s] GC(13) Using 10 workers of 10 for evacuation
[2024-04-13T12:50:02.928+0800][153.893s] GC(13)   Pre Evacuate Collection Set: 0.09ms
[2024-04-13T12:50:02.928+0800][153.893s] GC(13)   Merge Heap Roots: 0.08ms
[2024-04-13T12:50:02.928+0800][153.893s] GC(13)   Evacuate Collection Set: 6.29ms
[2024-04-13T12:50:02.928+0800][153.893s] GC(13)   Post Evacuate Collection Set: 0.55ms
[2024-04-13T12:50:02.928+0800][153.893s] GC(13)   Other: 0.10ms
[2024-04-13T12:50:02.928+0800][153.893s] GC(13) Eden regions: 271->0(289)
[2024-04-13T12:50:02.928+0800][153.893s] GC(13) Survivor regions: 36->18(39)
[2024-04-13T12:50:02.928+0800][153.893s] GC(13) Old regions: 56->83
[2024-04-13T12:50:02.928+0800][153.893s] GC(13) Humongous regions: 12->12
[2024-04-13T12:50:02.928+0800][153.893s] GC(13) Metaspace: 63209K(63936K)->63209K(63936K) NonClass: 55534K(55936K)->55534K(55936K) Class: 7674K(8000K)->7674K(8000K)
[2024-04-13T12:50:02.928+0800][153.893s] GC(13) Pause Young (Normal) (G1 Evacuation Pause) 374M->113M(512M) 7.398ms
[2024-04-13T12:50:02.928+0800][153.893s] GC(13) User=0.00s Sys=0.00s Real=0.01s
[2024-04-13T12:50:55.778+0800][206.743s] GC(14) Pause Young (Normal) (G1 Evacuation Pause)
[2024-04-13T12:50:55.778+0800][206.743s] GC(14) Using 10 workers of 10 for evacuation
[2024-04-13T12:50:55.781+0800][206.746s] GC(14)   Pre Evacuate Collection Set: 0.09ms
[2024-04-13T12:50:55.781+0800][206.746s] GC(14)   Merge Heap Roots: 0.09ms
[2024-04-13T12:50:55.781+0800][206.746s] GC(14)   Evacuate Collection Set: 2.23ms
[2024-04-13T12:50:55.781+0800][206.746s] GC(14)   Post Evacuate Collection Set: 0.34ms
[2024-04-13T12:50:55.781+0800][206.746s] GC(14)   Other: 0.07ms
[2024-04-13T12:50:55.781+0800][206.746s] GC(14) Eden regions: 289->0(290)
[2024-04-13T12:50:55.781+0800][206.746s] GC(14) Survivor regions: 18->17(39)
[2024-04-13T12:50:55.781+0800][206.746s] GC(14) Old regions: 83->83
[2024-04-13T12:50:55.781+0800][206.746s] GC(14) Humongous regions: 12->12
[2024-04-13T12:50:55.781+0800][206.746s] GC(14) Metaspace: 63410K(64128K)->63410K(64128K) NonClass: 55731K(56128K)->55731K(56128K) Class: 7678K(8000K)->7678K(8000K)
[2024-04-13T12:50:55.781+0800][206.746s] GC(14) Pause Young (Normal) (G1 Evacuation Pause) 402M->111M(512M) 3.006ms
[2024-04-13T12:50:55.781+0800][206.746s] GC(14) User=0.00s Sys=0.00s Real=0.00s
[2024-04-13T12:51:23.852+0800][234.817s] GC(15) Pause Young (Normal) (G1 Evacuation Pause)
[2024-04-13T12:51:23.852+0800][234.817s] GC(15) Using 10 workers of 10 for evacuation
[2024-04-13T12:51:23.858+0800][234.824s] GC(15)   Pre Evacuate Collection Set: 0.09ms
[2024-04-13T12:51:23.858+0800][234.824s] GC(15)   Merge Heap Roots: 0.08ms
[2024-04-13T12:51:23.858+0800][234.824s] GC(15)   Evacuate Collection Set: 5.65ms
[2024-04-13T12:51:23.858+0800][234.824s] GC(15)   Post Evacuate Collection Set: 0.32ms
[2024-04-13T12:51:23.858+0800][234.824s] GC(15)   Other: 0.07ms
[2024-04-13T12:51:23.858+0800][234.824s] GC(15) Eden regions: 290->0(272)
[2024-04-13T12:51:23.858+0800][234.824s] GC(15) Survivor regions: 17->35(39)
[2024-04-13T12:51:23.858+0800][234.824s] GC(15) Old regions: 83->83
[2024-04-13T12:51:23.858+0800][234.824s] GC(15) Humongous regions: 12->12
[2024-04-13T12:51:23.858+0800][234.824s] GC(15) Metaspace: 63495K(64192K)->63495K(64192K) NonClass: 55816K(56192K)->55816K(56192K) Class: 7678K(8000K)->7678K(8000K)
[2024-04-13T12:51:23.858+0800][234.824s] GC(15) Pause Young (Normal) (G1 Evacuation Pause) 401M->129M(512M) 6.395ms
[2024-04-13T12:51:23.859+0800][234.824s] GC(15) User=0.02s Sys=0.00s Real=0.01s
[2024-04-13T12:51:24.652+0800][235.616s] GC(16) Pause Young (Normal) (G1 Evacuation Pause)
[2024-04-13T12:51:24.652+0800][235.616s] GC(16) Using 10 workers of 10 for evacuation
[2024-04-13T12:51:24.660+0800][235.624s] GC(16)   Pre Evacuate Collection Set: 0.09ms
[2024-04-13T12:51:24.660+0800][235.624s] GC(16)   Merge Heap Roots: 0.08ms
[2024-04-13T12:51:24.660+0800][235.624s] GC(16)   Evacuate Collection Set: 7.10ms
[2024-04-13T12:51:24.660+0800][235.624s] GC(16)   Post Evacuate Collection Set: 0.56ms
[2024-04-13T12:51:24.660+0800][235.624s] GC(16)   Other: 0.08ms
[2024-04-13T12:51:24.660+0800][235.624s] GC(16) Eden regions: 272->0(270)
[2024-04-13T12:51:24.660+0800][235.624s] GC(16) Survivor regions: 35->37(39)
[2024-04-13T12:51:24.660+0800][235.624s] GC(16) Old regions: 83->98
[2024-04-13T12:51:24.660+0800][235.624s] GC(16) Humongous regions: 15->15
[2024-04-13T12:51:24.660+0800][235.625s] GC(16) Metaspace: 63502K(64192K)->63502K(64192K) NonClass: 55823K(56192K)->55823K(56192K) Class: 7678K(8000K)->7678K(8000K)
[2024-04-13T12:51:24.660+0800][235.625s] GC(16) Pause Young (Normal) (G1 Evacuation Pause) 404M->148M(512M) 8.113ms
[2024-04-13T12:51:24.660+0800][235.625s] GC(16) User=0.00s Sys=0.00s Real=0.01s
[2024-04-13T12:51:25.608+0800][236.573s] GC(17) Pause Young (Normal) (G1 Evacuation Pause)
[2024-04-13T12:51:25.608+0800][236.573s] GC(17) Using 10 workers of 10 for evacuation
[2024-04-13T12:51:25.616+0800][236.580s] GC(17)   Pre Evacuate Collection Set: 0.09ms
[2024-04-13T12:51:25.616+0800][236.580s] GC(17)   Merge Heap Roots: 0.06ms
[2024-04-13T12:51:25.616+0800][236.580s] GC(17)   Evacuate Collection Set: 7.26ms
[2024-04-13T12:51:25.616+0800][236.580s] GC(17)   Post Evacuate Collection Set: 0.35ms
[2024-04-13T12:51:25.616+0800][236.580s] GC(17)   Other: 0.06ms
[2024-04-13T12:51:25.616+0800][236.581s] GC(17) Eden regions: 270->0(269)
[2024-04-13T12:51:25.616+0800][236.581s] GC(17) Survivor regions: 37->38(39)
[2024-04-13T12:51:25.616+0800][236.581s] GC(17) Old regions: 98->112
[2024-04-13T12:51:25.616+0800][236.581s] GC(17) Humongous regions: 17->17
[2024-04-13T12:51:25.616+0800][236.581s] GC(17) Metaspace: 63545K(64256K)->63545K(64256K) NonClass: 55866K(56256K)->55866K(56256K) Class: 7678K(8000K)->7678K(8000K)
[2024-04-13T12:51:25.616+0800][236.581s] GC(17) Pause Young (Normal) (G1 Evacuation Pause) 420M->165M(512M) 7.997ms
[2024-04-13T12:51:25.616+0800][236.581s] GC(17) User=0.00s Sys=0.00s Real=0.01s
[2024-04-13T12:51:26.526+0800][237.491s] GC(18) Pause Young (Normal) (G1 Evacuation Pause)
[2024-04-13T12:51:26.526+0800][237.491s] GC(18) Using 10 workers of 10 for evacuation
[2024-04-13T12:51:26.532+0800][237.497s] GC(18)   Pre Evacuate Collection Set: 0.10ms
[2024-04-13T12:51:26.532+0800][237.497s] GC(18)   Merge Heap Roots: 0.09ms
[2024-04-13T12:51:26.532+0800][237.497s] GC(18)   Evacuate Collection Set: 5.06ms
[2024-04-13T12:51:26.532+0800][237.497s] GC(18)   Post Evacuate Collection Set: 0.34ms
[2024-04-13T12:51:26.532+0800][237.497s] GC(18)   Other: 0.07ms
[2024-04-13T12:51:26.532+0800][237.497s] GC(18) Eden regions: 269->0(287)
[2024-04-13T12:51:26.532+0800][237.497s] GC(18) Survivor regions: 38->9(39)
[2024-04-13T12:51:26.532+0800][237.497s] GC(18) Old regions: 112->141
[2024-04-13T12:51:26.532+0800][237.497s] GC(18) Humongous regions: 20->20
[2024-04-13T12:51:26.532+0800][237.497s] GC(18) Metaspace: 63582K(64256K)->63582K(64256K) NonClass: 55903K(56256K)->55903K(56256K) Class: 7678K(8000K)->7678K(8000K)
[2024-04-13T12:51:26.532+0800][237.497s] GC(18) Pause Young (Normal) (G1 Evacuation Pause) 437M->169M(512M) 5.846ms
[2024-04-13T12:51:26.532+0800][237.497s] GC(18) User=0.00s Sys=0.00s Real=0.01s
[2024-04-13T12:52:26.076+0800][297.041s] GC(19) Pause Young (Normal) (G1 Evacuation Pause)
[2024-04-13T12:52:26.076+0800][297.041s] GC(19) Using 10 workers of 10 for evacuation
[2024-04-13T12:52:26.078+0800][297.043s] GC(19)   Pre Evacuate Collection Set: 0.10ms
[2024-04-13T12:52:26.078+0800][297.043s] GC(19)   Merge Heap Roots: 0.08ms
[2024-04-13T12:52:26.078+0800][297.043s] GC(19)   Evacuate Collection Set: 1.24ms
[2024-04-13T12:52:26.078+0800][297.043s] GC(19)   Post Evacuate Collection Set: 0.26ms
[2024-04-13T12:52:26.078+0800][297.043s] GC(19)   Other: 0.06ms
[2024-04-13T12:52:26.078+0800][297.043s] GC(19) Eden regions: 287->0(300)
[2024-04-13T12:52:26.078+0800][297.043s] GC(19) Survivor regions: 9->7(37)
[2024-04-13T12:52:26.078+0800][297.043s] GC(19) Old regions: 141->141
[2024-04-13T12:52:26.078+0800][297.043s] GC(19) Humongous regions: 20->20
[2024-04-13T12:52:26.078+0800][297.043s] GC(19) Metaspace: 63869K(64576K)->63869K(64576K) NonClass: 56175K(56576K)->56175K(56576K) Class: 7694K(8000K)->7694K(8000K)
[2024-04-13T12:52:26.078+0800][297.043s] GC(19) Pause Young (Normal) (G1 Evacuation Pause) 456M->167M(512M) 1.904ms
[2024-04-13T12:52:26.078+0800][297.043s] GC(19) User=0.00s Sys=0.00s Real=0.00s
[2024-04-13T12:53:06.221+0800][337.186s] GC(20) Pause Young (Normal) (G1 Evacuation Pause)
[2024-04-13T12:53:06.221+0800][337.186s] GC(20) Using 10 workers of 10 for evacuation
[2024-04-13T12:53:06.222+0800][337.188s] GC(20)   Pre Evacuate Collection Set: 0.09ms
[2024-04-13T12:53:06.222+0800][337.188s] GC(20)   Merge Heap Roots: 0.08ms
[2024-04-13T12:53:06.222+0800][337.188s] GC(20)   Evacuate Collection Set: 1.02ms
[2024-04-13T12:53:06.222+0800][337.188s] GC(20)   Post Evacuate Collection Set: 0.26ms
[2024-04-13T12:53:06.222+0800][337.188s] GC(20)   Other: 0.08ms
[2024-04-13T12:53:06.223+0800][337.188s] GC(20) Eden regions: 300->0(300)
[2024-04-13T12:53:06.223+0800][337.188s] GC(20) Survivor regions: 7->7(39)
[2024-04-13T12:53:06.223+0800][337.188s] GC(20) Old regions: 141->141
[2024-04-13T12:53:06.223+0800][337.188s] GC(20) Humongous regions: 20->20
[2024-04-13T12:53:06.223+0800][337.188s] GC(20) Metaspace: 64001K(64704K)->64001K(64704K) NonClass: 56294K(56704K)->56294K(56704K) Class: 7707K(8000K)->7707K(8000K)
[2024-04-13T12:53:06.223+0800][337.188s] GC(20) Pause Young (Normal) (G1 Evacuation Pause) 467M->167M(512M) 1.694ms
[2024-04-13T12:53:06.223+0800][337.188s] GC(20) User=0.00s Sys=0.00s Real=0.00s
[2024-04-13T13:16:46.119+0800][1757.107s] Heap
[2024-04-13T13:16:46.119+0800][1757.107s]  garbage-first heap   total reserved 524288K, committed 524288K, used 267095K [0x00000000e0000000, 0x0000000100000000)
[2024-04-13T13:16:46.119+0800][1757.107s]   region size 1024K, 100 young (102400K), 7 survivors (7168K)
[2024-04-13T13:16:46.119+0800][1757.107s]  Metaspace       used 64186K, committed 65024K, reserved 1114112K
[2024-04-13T13:16:46.119+0800][1757.107s]   class space    used 7737K, committed 8128K, reserved 1048576K
