[2024-04-13T15:38:32.504+0800][0.011s] CardTable entry size: 512
[2024-04-13T15:38:32.505+0800][0.012s] Using G1
[2024-04-13T15:38:32.615+0800][0.122s] Version: 22+36-2370 (release)
[2024-04-13T15:38:32.615+0800][0.122s] CPUs: 12 total, 12 available
[2024-04-13T15:38:32.615+0800][0.122s] Memory: 16291M
[2024-04-13T15:38:32.615+0800][0.122s] Large Page Support: Disabled
[2024-04-13T15:38:32.615+0800][0.122s] NUMA Support: Disabled
[2024-04-13T15:38:32.615+0800][0.122s] Compressed Oops: Enabled (32-bit)
[2024-04-13T15:38:32.615+0800][0.122s] Heap Region Size: 1M
[2024-04-13T15:38:32.615+0800][0.122s] Heap Min Capacity: 512M
[2024-04-13T15:38:32.615+0800][0.122s] Heap Initial Capacity: 512M
[2024-04-13T15:38:32.615+0800][0.122s] Heap Max Capacity: 512M
[2024-04-13T15:38:32.615+0800][0.122s] Pre-touch: Enabled
[2024-04-13T15:38:32.615+0800][0.122s] Parallel Workers: 10
[2024-04-13T15:38:32.615+0800][0.122s] Concurrent Workers: 3
[2024-04-13T15:38:32.615+0800][0.122s] Concurrent Refinement Workers: 10
[2024-04-13T15:38:32.615+0800][0.122s] Periodic GC: Disabled
[2024-04-13T15:38:32.622+0800][0.130s] CDS archive(s) mapped at: [0x0000025480000000-0x0000025480c60000-0x0000025480c60000), size 12976128, SharedBaseAddress: 0x0000025480000000, ArchiveRelocationMode: 1.
[2024-04-13T15:38:32.622+0800][0.130s] Compressed class space mapped at: 0x0000025481000000-0x00000254c1000000, reserved size: 1073741824
[2024-04-13T15:38:32.622+0800][0.130s] Narrow klass base: 0x0000025480000000, Narrow klass shift: 0, Narrow klass range: 0x41000000
[2024-04-13T15:38:33.115+0800][0.622s] GC(0) Pause Young (Normal) (G1 Evacuation Pause)
[2024-04-13T15:38:33.115+0800][0.622s] GC(0) Using 10 workers of 10 for evacuation
[2024-04-13T15:38:33.117+0800][0.624s] GC(0)   Pre Evacuate Collection Set: 0.09ms
[2024-04-13T15:38:33.117+0800][0.624s] GC(0)   Merge Heap Roots: 0.05ms
[2024-04-13T15:38:33.117+0800][0.624s] GC(0)   Evacuate Collection Set: 1.44ms
[2024-04-13T15:38:33.118+0800][0.624s] GC(0)   Post Evacuate Collection Set: 0.43ms
[2024-04-13T15:38:33.118+0800][0.624s] GC(0)   Other: 0.37ms
[2024-04-13T15:38:33.118+0800][0.624s] GC(0) Eden regions: 30->0(45)
[2024-04-13T15:38:33.118+0800][0.624s] GC(0) Survivor regions: 0->4(4)
[2024-04-13T15:38:33.118+0800][0.624s] GC(0) Old regions: 0->0
[2024-04-13T15:38:33.118+0800][0.624s] GC(0) Humongous regions: 0->0
[2024-04-13T15:38:33.118+0800][0.624s] GC(0) Metaspace: 6598K(6784K)->6598K(6784K) NonClass: 5829K(5952K)->5829K(5952K) Class: 768K(832K)->768K(832K)
[2024-04-13T15:38:33.118+0800][0.624s] GC(0) Pause Young (Normal) (G1 Evacuation Pause) 30M->3M(512M) 2.618ms
[2024-04-13T15:38:33.118+0800][0.624s] GC(0) User=0.00s Sys=0.00s Real=0.00s
[2024-04-13T15:38:38.620+0800][6.127s] GC(1) Pause Young (Normal) (G1 Evacuation Pause)
[2024-04-13T15:38:38.620+0800][6.127s] GC(1) Using 10 workers of 10 for evacuation
[2024-04-13T15:38:38.626+0800][6.132s] GC(1)   Pre Evacuate Collection Set: 0.10ms
[2024-04-13T15:38:38.626+0800][6.132s] GC(1)   Merge Heap Roots: 0.04ms
[2024-04-13T15:38:38.626+0800][6.132s] GC(1)   Evacuate Collection Set: 4.76ms
[2024-04-13T15:38:38.626+0800][6.132s] GC(1)   Post Evacuate Collection Set: 0.30ms
[2024-04-13T15:38:38.626+0800][6.132s] GC(1)   Other: 0.05ms
[2024-04-13T15:38:38.626+0800][6.132s] GC(1) Eden regions: 45->0(157)
[2024-04-13T15:38:38.626+0800][6.132s] GC(1) Survivor regions: 4->7(7)
[2024-04-13T15:38:38.626+0800][6.132s] GC(1) Old regions: 0->8
[2024-04-13T15:38:38.626+0800][6.132s] GC(1) Humongous regions: 4->4
[2024-04-13T15:38:38.626+0800][6.132s] GC(1) Metaspace: 17976K(18432K)->17976K(18432K) NonClass: 15879K(16128K)->15879K(16128K) Class: 2096K(2304K)->2096K(2304K)
[2024-04-13T15:38:38.626+0800][6.132s] GC(1) Pause Young (Normal) (G1 Evacuation Pause) 52M->18M(512M) 5.415ms
[2024-04-13T15:38:38.626+0800][6.132s] GC(1) User=0.00s Sys=0.00s Real=0.01s
[2024-04-13T15:38:38.988+0800][6.494s] GC(2) Pause Young (Normal) (G1 Evacuation Pause)
[2024-04-13T15:38:38.988+0800][6.494s] GC(2) Using 10 workers of 10 for evacuation
[2024-04-13T15:38:38.991+0800][6.498s] GC(2)   Pre Evacuate Collection Set: 0.12ms
[2024-04-13T15:38:38.991+0800][6.498s] GC(2)   Merge Heap Roots: 0.12ms
[2024-04-13T15:38:38.991+0800][6.498s] GC(2)   Evacuate Collection Set: 2.84ms
[2024-04-13T15:38:38.991+0800][6.498s] GC(2)   Post Evacuate Collection Set: 0.34ms
[2024-04-13T15:38:38.991+0800][6.498s] GC(2)   Other: 0.20ms
[2024-04-13T15:38:38.991+0800][6.498s] GC(2) Eden regions: 157->0(294)
[2024-04-13T15:38:38.991+0800][6.498s] GC(2) Survivor regions: 7->13(21)
[2024-04-13T15:38:38.991+0800][6.498s] GC(2) Old regions: 8->8
[2024-04-13T15:38:38.991+0800][6.498s] GC(2) Humongous regions: 4->4
[2024-04-13T15:38:38.991+0800][6.498s] GC(2) Metaspace: 19102K(19520K)->19102K(19520K) NonClass: 16875K(17088K)->16875K(17088K) Class: 2227K(2432K)->2227K(2432K)
[2024-04-13T15:38:38.991+0800][6.498s] GC(2) Pause Young (Normal) (G1 Evacuation Pause) 175M->23M(512M) 3.863ms
[2024-04-13T15:38:38.992+0800][6.498s] GC(2) User=0.00s Sys=0.00s Real=0.00s
[2024-04-13T15:38:39.208+0800][6.715s] GC(3) Pause Young (Concurrent Start) (Metadata GC Threshold)
[2024-04-13T15:38:39.208+0800][6.715s] GC(3) Using 10 workers of 10 for evacuation
[2024-04-13T15:38:39.211+0800][6.718s] GC(3)   Pre Evacuate Collection Set: 0.11ms
[2024-04-13T15:38:39.211+0800][6.718s] GC(3)   Merge Heap Roots: 0.06ms
[2024-04-13T15:38:39.211+0800][6.718s] GC(3)   Evacuate Collection Set: 2.60ms
[2024-04-13T15:38:39.211+0800][6.718s] GC(3)   Post Evacuate Collection Set: 0.31ms
[2024-04-13T15:38:39.211+0800][6.718s] GC(3)   Other: 0.08ms
[2024-04-13T15:38:39.211+0800][6.718s] GC(3) Eden regions: 83->0(293)
[2024-04-13T15:38:39.211+0800][6.718s] GC(3) Survivor regions: 13->14(39)
[2024-04-13T15:38:39.211+0800][6.718s] GC(3) Old regions: 8->8
[2024-04-13T15:38:39.211+0800][6.718s] GC(3) Humongous regions: 4->4
[2024-04-13T15:38:39.211+0800][6.718s] GC(3) Metaspace: 21059K(21504K)->21059K(21504K) NonClass: 18611K(18816K)->18611K(18816K) Class: 2447K(2688K)->2447K(2688K)
[2024-04-13T15:38:39.211+0800][6.718s] GC(3) Pause Young (Concurrent Start) (Metadata GC Threshold) 106M->24M(512M) 3.304ms
[2024-04-13T15:38:39.211+0800][6.718s] GC(3) User=0.00s Sys=0.00s Real=0.00s
[2024-04-13T15:38:39.211+0800][6.718s] GC(4) Concurrent Mark Cycle
[2024-04-13T15:38:39.211+0800][6.718s] GC(4) Concurrent Scan Root Regions
[2024-04-13T15:38:39.213+0800][6.720s] GC(4) Concurrent Scan Root Regions 1.615ms
[2024-04-13T15:38:39.213+0800][6.720s] GC(4) Concurrent Mark
[2024-04-13T15:38:39.213+0800][6.720s] GC(4) Concurrent Mark From Roots
[2024-04-13T15:38:39.213+0800][6.720s] GC(4) Using 3 workers of 3 for marking
[2024-04-13T15:38:39.216+0800][6.723s] GC(4) Concurrent Mark From Roots 3.454ms
[2024-04-13T15:38:39.216+0800][6.723s] GC(4) Concurrent Preclean
[2024-04-13T15:38:39.217+0800][6.723s] GC(4) Concurrent Preclean 0.015ms
[2024-04-13T15:38:39.217+0800][6.723s] GC(4) Pause Remark
[2024-04-13T15:38:39.218+0800][6.724s] GC(4) Pause Remark 26M->26M(512M) 1.061ms
[2024-04-13T15:38:39.218+0800][6.724s] GC(4) User=0.00s Sys=0.00s Real=0.00s
[2024-04-13T15:38:39.218+0800][6.724s] GC(4) Concurrent Mark 4.659ms
[2024-04-13T15:38:39.218+0800][6.725s] GC(4) Concurrent Rebuild Remembered Sets and Scrub Regions
[2024-04-13T15:38:39.219+0800][6.726s] GC(4) Concurrent Rebuild Remembered Sets and Scrub Regions 1.647ms
[2024-04-13T15:38:39.219+0800][6.726s] GC(4) Pause Cleanup
[2024-04-13T15:38:39.219+0800][6.726s] GC(4) Pause Cleanup 27M->27M(512M) 0.084ms
[2024-04-13T15:38:39.220+0800][6.726s] GC(4) User=0.00s Sys=0.00s Real=0.00s
[2024-04-13T15:38:39.220+0800][6.726s] GC(4) Concurrent Clear Claimed Marks
[2024-04-13T15:38:39.220+0800][6.726s] GC(4) Concurrent Clear Claimed Marks 0.020ms
[2024-04-13T15:38:39.220+0800][6.726s] GC(4) Concurrent Cleanup for Next Mark
[2024-04-13T15:38:39.220+0800][6.727s] GC(4) Concurrent Cleanup for Next Mark 0.346ms
[2024-04-13T15:38:39.220+0800][6.727s] GC(4) Concurrent Mark Cycle 8.597ms
[2024-04-13T15:38:59.812+0800][27.319s] GC(5) Pause Young (Prepare Mixed) (Metadata GC Threshold)
[2024-04-13T15:38:59.812+0800][27.319s] GC(5) Using 10 workers of 10 for evacuation
[2024-04-13T15:38:59.818+0800][27.324s] GC(5)   Pre Evacuate Collection Set: 0.26ms
[2024-04-13T15:38:59.818+0800][27.324s] GC(5)   Merge Heap Roots: 0.05ms
[2024-04-13T15:38:59.818+0800][27.324s] GC(5)   Evacuate Collection Set: 4.45ms
[2024-04-13T15:38:59.818+0800][27.324s] GC(5)   Post Evacuate Collection Set: 0.45ms
[2024-04-13T15:38:59.818+0800][27.324s] GC(5)   Other: 0.06ms
[2024-04-13T15:38:59.818+0800][27.324s] GC(5) Eden regions: 121->0(288)
[2024-04-13T15:38:59.818+0800][27.324s] GC(5) Survivor regions: 14->19(39)
[2024-04-13T15:38:59.818+0800][27.324s] GC(5) Old regions: 8->8
[2024-04-13T15:38:59.818+0800][27.324s] GC(5) Humongous regions: 5->4
[2024-04-13T15:38:59.818+0800][27.324s] GC(5) Metaspace: 35673K(36096K)->35673K(36096K) NonClass: 31417K(31616K)->31417K(31616K) Class: 4256K(4480K)->4256K(4480K)
[2024-04-13T15:38:59.818+0800][27.324s] GC(5) Pause Young (Prepare Mixed) (Metadata GC Threshold) 146M->30M(512M) 5.481ms
[2024-04-13T15:38:59.818+0800][27.324s] GC(5) User=0.00s Sys=0.00s Real=0.01s
[2024-04-13T15:38:59.857+0800][27.364s] GC(6) Pause Young (Mixed) (Metadata GC Threshold)
[2024-04-13T15:38:59.858+0800][27.365s] GC(6) Using 10 workers of 10 for evacuation
[2024-04-13T15:38:59.862+0800][27.369s] GC(6)   Pre Evacuate Collection Set: 0.09ms
[2024-04-13T15:38:59.862+0800][27.370s] GC(6)   Merge Heap Roots: 0.04ms
[2024-04-13T15:38:59.863+0800][27.370s] GC(6)   Evacuate Collection Set: 4.40ms
[2024-04-13T15:38:59.863+0800][27.370s] GC(6)   Post Evacuate Collection Set: 0.36ms
[2024-04-13T15:38:59.863+0800][27.370s] GC(6)   Other: 0.05ms
[2024-04-13T15:38:59.863+0800][27.370s] GC(6) Eden regions: 5->0(287)
[2024-04-13T15:38:59.863+0800][27.370s] GC(6) Survivor regions: 19->20(39)
[2024-04-13T15:38:59.863+0800][27.370s] GC(6) Old regions: 8->8
[2024-04-13T15:38:59.863+0800][27.370s] GC(6) Humongous regions: 4->4
[2024-04-13T15:38:59.863+0800][27.370s] GC(6) Metaspace: 35937K(36416K)->35937K(36416K) NonClass: 31648K(31872K)->31648K(31872K) Class: 4288K(4544K)->4288K(4544K)
[2024-04-13T15:38:59.863+0800][27.370s] GC(6) Pause Young (Mixed) (Metadata GC Threshold) 35M->31M(512M) 5.122ms
[2024-04-13T15:38:59.863+0800][27.370s] GC(6) User=0.00s Sys=0.00s Real=0.01s
[2024-04-13T15:38:59.899+0800][27.406s] GC(7) Pause Young (Concurrent Start) (Metadata GC Threshold)
[2024-04-13T15:38:59.899+0800][27.406s] GC(7) Using 10 workers of 10 for evacuation
[2024-04-13T15:38:59.903+0800][27.410s] GC(7)   Pre Evacuate Collection Set: 0.09ms
[2024-04-13T15:38:59.903+0800][27.410s] GC(7)   Merge Heap Roots: 0.05ms
[2024-04-13T15:38:59.903+0800][27.410s] GC(7)   Evacuate Collection Set: 3.79ms
[2024-04-13T15:38:59.903+0800][27.410s] GC(7)   Post Evacuate Collection Set: 0.39ms
[2024-04-13T15:38:59.903+0800][27.410s] GC(7)   Other: 0.07ms
[2024-04-13T15:38:59.903+0800][27.410s] GC(7) Eden regions: 11->0(287)
[2024-04-13T15:38:59.903+0800][27.410s] GC(7) Survivor regions: 20->20(39)
[2024-04-13T15:38:59.903+0800][27.411s] GC(7) Old regions: 8->8
[2024-04-13T15:38:59.903+0800][27.411s] GC(7) Humongous regions: 4->4
[2024-04-13T15:38:59.903+0800][27.411s] GC(7) Metaspace: 36275K(36736K)->36275K(36736K) NonClass: 31937K(32192K)->31937K(32192K) Class: 4337K(4544K)->4337K(4544K)
[2024-04-13T15:38:59.904+0800][27.411s] GC(7) Pause Young (Concurrent Start) (Metadata GC Threshold) 41M->31M(512M) 4.547ms
[2024-04-13T15:38:59.904+0800][27.411s] GC(8) Concurrent Mark Cycle
[2024-04-13T15:38:59.904+0800][27.411s] GC(7) User=0.02s Sys=0.00s Real=0.01s
[2024-04-13T15:38:59.904+0800][27.411s] GC(8) Concurrent Scan Root Regions
[2024-04-13T15:38:59.906+0800][27.413s] GC(8) Concurrent Scan Root Regions 2.050ms
[2024-04-13T15:38:59.906+0800][27.413s] GC(8) Concurrent Mark
[2024-04-13T15:38:59.906+0800][27.413s] GC(8) Concurrent Mark From Roots
[2024-04-13T15:38:59.906+0800][27.413s] GC(8) Using 3 workers of 3 for marking
[2024-04-13T15:38:59.909+0800][27.416s] GC(8) Concurrent Mark From Roots 3.105ms
[2024-04-13T15:38:59.909+0800][27.416s] GC(8) Concurrent Preclean
[2024-04-13T15:38:59.909+0800][27.416s] GC(8) Concurrent Preclean 0.014ms
[2024-04-13T15:38:59.909+0800][27.416s] GC(8) Pause Remark
[2024-04-13T15:38:59.911+0800][27.418s] GC(8) Pause Remark 33M->33M(512M) 1.888ms
[2024-04-13T15:38:59.911+0800][27.418s] GC(8) User=0.00s Sys=0.00s Real=0.00s
[2024-04-13T15:38:59.911+0800][27.418s] GC(8) Concurrent Mark 5.147ms
[2024-04-13T15:38:59.911+0800][27.418s] GC(8) Concurrent Rebuild Remembered Sets and Scrub Regions
[2024-04-13T15:38:59.913+0800][27.420s] GC(8) Concurrent Rebuild Remembered Sets and Scrub Regions 2.038ms
[2024-04-13T15:38:59.913+0800][27.420s] GC(8) Pause Cleanup
[2024-04-13T15:38:59.913+0800][27.420s] GC(8) Pause Cleanup 33M->33M(512M) 0.080ms
[2024-04-13T15:38:59.913+0800][27.420s] GC(8) User=0.00s Sys=0.00s Real=0.00s
[2024-04-13T15:38:59.913+0800][27.420s] GC(8) Concurrent Clear Claimed Marks
[2024-04-13T15:38:59.913+0800][27.420s] GC(8) Concurrent Clear Claimed Marks 0.031ms
[2024-04-13T15:38:59.913+0800][27.420s] GC(8) Concurrent Cleanup for Next Mark
[2024-04-13T15:38:59.913+0800][27.421s] GC(8) Concurrent Cleanup for Next Mark 0.406ms
[2024-04-13T15:38:59.914+0800][27.421s] GC(8) Concurrent Mark Cycle 9.988ms
[2024-04-13T15:39:35.116+0800][62.622s] GC(9) Pause Young (Prepare Mixed) (G1 Evacuation Pause)
[2024-04-13T15:39:35.116+0800][62.622s] GC(9) Using 10 workers of 10 for evacuation
[2024-04-13T15:39:35.126+0800][62.632s] GC(9)   Pre Evacuate Collection Set: 0.09ms
[2024-04-13T15:39:35.126+0800][62.632s] GC(9)   Merge Heap Roots: 0.08ms
[2024-04-13T15:39:35.126+0800][62.633s] GC(9)   Evacuate Collection Set: 8.72ms
[2024-04-13T15:39:35.126+0800][62.633s] GC(9)   Post Evacuate Collection Set: 1.07ms
[2024-04-13T15:39:35.126+0800][62.633s] GC(9)   Other: 0.09ms
[2024-04-13T15:39:35.126+0800][62.633s] GC(9) Eden regions: 287->0(271)
[2024-04-13T15:39:35.126+0800][62.633s] GC(9) Survivor regions: 20->36(39)
[2024-04-13T15:39:35.126+0800][62.633s] GC(9) Old regions: 8->8
[2024-04-13T15:39:35.126+0800][62.633s] GC(9) Humongous regions: 5->4
[2024-04-13T15:39:35.126+0800][62.633s] GC(9) Metaspace: 55532K(56256K)->55532K(56256K) NonClass: 48504K(48896K)->48504K(48896K) Class: 7028K(7360K)->7028K(7360K)
[2024-04-13T15:39:35.126+0800][62.633s] GC(9) Pause Young (Prepare Mixed) (G1 Evacuation Pause) 319M->46M(512M) 10.239ms
[2024-04-13T15:39:35.126+0800][62.633s] GC(9) User=0.00s Sys=0.00s Real=0.01s
[2024-04-13T15:39:40.217+0800][67.724s] GC(10) Pause Young (Mixed) (G1 Evacuation Pause)
[2024-04-13T15:39:40.217+0800][67.724s] GC(10) Using 10 workers of 10 for evacuation
[2024-04-13T15:39:40.226+0800][67.733s] GC(10)   Pre Evacuate Collection Set: 0.09ms
[2024-04-13T15:39:40.226+0800][67.733s] GC(10)   Merge Heap Roots: 0.07ms
[2024-04-13T15:39:40.226+0800][67.733s] GC(10)   Evacuate Collection Set: 7.93ms
[2024-04-13T15:39:40.226+0800][67.733s] GC(10)   Post Evacuate Collection Set: 0.62ms
[2024-04-13T15:39:40.226+0800][67.733s] GC(10)   Other: 0.06ms
[2024-04-13T15:39:40.226+0800][67.733s] GC(10) Eden regions: 271->0(288)
[2024-04-13T15:39:40.226+0800][67.733s] GC(10) Survivor regions: 36->19(39)
[2024-04-13T15:39:40.226+0800][67.733s] GC(10) Old regions: 8->26
[2024-04-13T15:39:40.226+0800][67.733s] GC(10) Humongous regions: 4->4
[2024-04-13T15:39:40.226+0800][67.733s] GC(10) Metaspace: 55820K(56448K)->55820K(56448K) NonClass: 48767K(49088K)->48767K(49088K) Class: 7053K(7360K)->7053K(7360K)
[2024-04-13T15:39:40.226+0800][67.733s] GC(10) Pause Young (Mixed) (G1 Evacuation Pause) 317M->47M(512M) 8.962ms
[2024-04-13T15:39:40.226+0800][67.733s] GC(10) User=0.00s Sys=0.00s Real=0.01s
[2024-04-13T15:39:49.611+0800][77.118s] GC(11) Pause Young (Normal) (G1 Evacuation Pause)
[2024-04-13T15:39:49.611+0800][77.119s] GC(11) Using 10 workers of 10 for evacuation
[2024-04-13T15:39:49.615+0800][77.122s] GC(11)   Pre Evacuate Collection Set: 0.13ms
[2024-04-13T15:39:49.615+0800][77.122s] GC(11)   Merge Heap Roots: 0.07ms
[2024-04-13T15:39:49.615+0800][77.122s] GC(11)   Evacuate Collection Set: 3.08ms
[2024-04-13T15:39:49.615+0800][77.122s] GC(11)   Post Evacuate Collection Set: 0.34ms
[2024-04-13T15:39:49.615+0800][77.122s] GC(11)   Other: 0.07ms
[2024-04-13T15:39:49.615+0800][77.122s] GC(11) Eden regions: 288->0(289)
[2024-04-13T15:39:49.615+0800][77.122s] GC(11) Survivor regions: 19->18(39)
[2024-04-13T15:39:49.615+0800][77.122s] GC(11) Old regions: 26->26
[2024-04-13T15:39:49.615+0800][77.122s] GC(11) Humongous regions: 4->4
[2024-04-13T15:39:49.615+0800][77.122s] GC(11) Metaspace: 55834K(56512K)->55834K(56512K) NonClass: 48781K(49152K)->48781K(49152K) Class: 7053K(7360K)->7053K(7360K)
[2024-04-13T15:39:49.615+0800][77.122s] GC(11) Pause Young (Normal) (G1 Evacuation Pause) 335M->47M(512M) 3.913ms
[2024-04-13T15:39:49.615+0800][77.122s] GC(11) User=0.00s Sys=0.00s Real=0.00s
[2024-04-13T15:56:34.656+0800][1082.162s] Heap
[2024-04-13T15:56:34.656+0800][1082.162s]  garbage-first heap   total reserved 524288K, committed 524288K, used 298106K [0x00000000e0000000, 0x0000000100000000)
[2024-04-13T15:56:34.656+0800][1082.162s]   region size 1024K, 262 young (268288K), 18 survivors (18432K)
[2024-04-13T15:56:34.656+0800][1082.162s]  Metaspace       used 56209K, committed 56960K, reserved 1114112K
[2024-04-13T15:56:34.656+0800][1082.162s]   class space    used 7118K, committed 7424K, reserved 1048576K
